 file_upload

 Timestamp is 5888fc90 (Wed Jan 25 16:29:20 2017)

 Preferred load address is 0000000180000000

 Start         Length     Name                   Class
 0001:00000000 000001b0H .text$di                CODE
 0001:000001b0 00020790H .text$mn                CODE
 0001:00020940 00000020H .text$mn$00             CODE
 0001:00020960 000005f0H .text$x                 CODE
 0001:00020f50 000001e2H .text$yd                CODE
 0002:00000000 000002c0H .idata$5                DATA
 0002:000002c0 00000010H .00cfg                  DATA
 0002:000002d0 00000008H .CRT$XCA                DATA
 0002:000002d8 00000048H .CRT$XCC                DATA
 0002:00000320 00000010H .CRT$XCL                DATA
 0002:00000330 00000020H .CRT$XCU                DATA
 0002:00000350 00000008H .CRT$XCZ                DATA
 0002:00000358 00000008H .CRT$XIA                DATA
 0002:00000360 00000030H .CRT$XIC                DATA
 0002:00000390 00000008H .CRT$XIZ                DATA
 0002:00000398 00000008H .CRT$XLA                DATA
 0002:000003a0 00000008H .CRT$XLZ                DATA
 0002:000003a8 00000008H .CRT$XPA                DATA
 0002:000003b0 00000008H .CRT$XPB                DATA
 0002:000003b8 00000010H .CRT$XPX                DATA
 0002:000003c8 00000008H .CRT$XPXA               DATA
 0002:000003d0 00000008H .CRT$XPZ                DATA
 0002:000003d8 00000008H .CRT$XTA                DATA
 0002:000003e0 00000010H .CRT$XTZ                DATA
 0002:000003f0 0000f618H .rdata                  DATA
 0002:0000fa08 00000028H .rdata$T                DATA
 0002:0000fa30 000010bcH .rdata$r                DATA
 0002:00010aec 000004acH .rdata$zzzdbg           DATA
 0002:00010f98 00000008H .rtc$IAA                DATA
 0002:00010fa0 00000008H .rtc$IZZ                DATA
 0002:00010fa8 00000008H .rtc$TAA                DATA
 0002:00010fb0 00000010H .rtc$TZZ                DATA
 0002:00010fc0 00002180H .xdata                  DATA
 0002:00013140 000002a4H .xdata$x                DATA
 0002:000133e4 00000020H .didat$2                DATA
 0002:00013404 00000024H .didat$3                DATA
 0002:00013428 000000e8H .didat$4                DATA
 0002:00013510 00000668H .didat$6                DATA
 0002:00013b78 000000e8H .didat$7                DATA
 0002:00013c60 00000058H .edata                  DATA
 0002:00013cb8 00000014H .idata$2                DATA
 0002:00013ccc 00000014H .idata$3                DATA
 0002:00013ce0 000002c0H .idata$4                DATA
 0002:00013fa0 00000648H .idata$6                DATA
 0003:00000000 00000c60H .data                   DATA
 0003:00000c60 00000660H .data$r                 DATA
 0003:000012c0 000000f0H .didat$5                DATA
 0003:000013b0 00001f64H .bss                    DATA
 0004:00000000 00002100H .pdata                  DATA
 0005:00000000 000000b4H .gfids$x                DATA
 0005:000000b4 0000023cH .gfids$y                DATA
 0006:00000000 00000004H .tls                    DATA
 0006:00000004 00000004H .tls$                   DATA
 0006:00000008 00000001H .tls$ZZZ                DATA
 0007:00000000 00000060H .rsrc$01                DATA
 0007:00000060 00000180H .rsrc$02                DATA

  Address         Publics by Value              Rva+Base               Lib:Object

 0000:00000000       __guard_iat_count          0000000000000000     <absolute>
 0000:00000000       __dynamic_value_reloc_table 0000000000000000     <absolute>
 0000:00000000       __guard_iat_table          0000000000000000     <absolute>
 0000:00000000       __guard_longjmp_table      0000000000000000     <absolute>
 0000:00000000       __guard_longjmp_count      0000000000000000     <absolute>
 0000:00000000       __guard_fids_count         0000000000000000     <absolute>
 0000:00000000       ___safe_se_handler_table   0000000000000000     <absolute>
 0000:00000000       ___safe_se_handler_count   0000000000000000     <absolute>
 0000:00000000       __guard_fids_table         0000000000000000     <absolute>
 0000:00000100       __guard_flags              0000000000000100     <absolute>
 0000:00000000       __ImageBase                0000000180000000     <linker-defined>
 0001:000001b0       ?_Deallocate@std@@YAXPEAX_K1@Z 00000001800011b0 f i rainfall.obj
 0001:00000220       ?calc_rain_stats@@YA?AVrain_result@@AEAVlocation@@@Z 0000000180001220 f   rainfall.obj
 0001:000003d0       ??1?$basic_string@DU?$char_traits@D@std@@V?$allocator@D@2@@std@@QEAA@XZ 00000001800013d0 f i rainfall.obj
 0001:00000460       ??0?$basic_string@DU?$char_traits@D@std@@V?$allocator@D@2@@std@@QEAA@$$QEAV01@@Z 0000000180001460 f i rainfall.obj
 0001:00000500       ?_Assign_rv@?$basic_string@DU?$char_traits@D@std@@V?$allocator@D@2@@std@@QEAAX$$QEAV12@@Z 0000000180001500 f i rainfall.obj
 0001:00000580       ?_Xlen@?$basic_string@DU?$char_traits@D@std@@V?$allocator@D@2@@std@@QEBAXXZ 0000000180001580 f i rainfall.obj
 0001:000005a0       ?erase@?$basic_string@DU?$char_traits@D@std@@V?$allocator@D@2@@std@@QEAAAEAV12@_K0@Z 00000001800015a0 f i rainfall.obj
 0001:00000670       ?_Copy@?$basic_string@DU?$char_traits@D@std@@V?$allocator@D@2@@std@@QEAAX_K0@Z 0000000180001670 f i rainfall.obj
 0001:000007f0       ??$_Sort_unchecked1@PEAVsample@@_JU?$less@X@std@@@std@@YAXPEAVsample@@0_JAEAU?$less@X@0@@Z 00000001800017f0 f i rainfall.obj
 0001:00000960       ??$_Partition_by_median_guess_unchecked@PEAVsample@@U?$less@X@std@@@std@@YA?AU?$pair@PEAVsample@@PEAV1@@0@PEAVsample@@0AEAU?$less@X@0@@Z 0000000180001960 f i rainfall.obj
 0001:00000e20       ??$_Make_heap_unchecked@PEAVsample@@U?$less@X@std@@@std@@YAXPEAVsample@@0AEAU?$less@X@0@@Z 0000000180001e20 f i rainfall.obj
 0001:00000fb0       ??$_Sort_heap_unchecked@PEAVsample@@U?$less@X@std@@@std@@YAXPEAVsample@@0AEAU?$less@X@0@@Z 0000000180001fb0 f i rainfall.obj
 0001:00001180       ??$_Insertion_sort_unchecked@PEAVsample@@U?$less@X@std@@@std@@YAXPEAVsample@@0AEAU?$less@X@0@@Z 0000000180002180 f i rainfall.obj
 0001:00001510       ??4?$basic_string@DU?$char_traits@D@std@@V?$allocator@D@2@@std@@QEAAAEAV01@$$QEAV01@@Z 0000000180002510 f i rainfall.obj
 0001:000015c0       ??$_Guess_median_unchecked@PEAVsample@@U?$less@X@std@@@std@@YAXPEAVsample@@00AEAU?$less@X@0@@Z 00000001800025c0 f i rainfall.obj
 0001:000017d0       ??$_Pop_heap_hole_by_index@PEAVsample@@_JV1@U?$less@X@std@@@std@@YAXPEAVsample@@_J1$$QEAV1@AEAU?$less@X@0@@Z 00000001800027d0 f i rainfall.obj
 0001:000019b0       ??$swap@Vsample@@X@std@@YAXAEAVsample@@0@Z 00000001800029b0 f i rainfall.obj
 0001:00001a40       ??$_Push_heap_by_index@PEAVsample@@_JV1@U?$less@X@std@@@std@@YAXPEAVsample@@_J1$$QEAV1@AEAU?$less@X@0@@Z 0000000180002a40 f i rainfall.obj
 0001:00001be0       ??$_Move_backward_unchecked1@PEAVsample@@PEAV1@@std@@YAPEAVsample@@PEAV1@00U_General_ptr_iterator_tag@0@@Z 0000000180002be0 f i rainfall.obj
 0001:00001d40       ?what@exception@stdext@@UEBAPEBDXZ 0000000180002d40 f i rainfall_node.obj
 0001:00001d60       ?_Doraise@exception@stdext@@MEBAXXZ 0000000180002d60 f i rainfall_node.obj
 0001:00001d60       ?imbue@?$basic_streambuf@DU?$char_traits@D@std@@@std@@MEAAXAEBVlocale@2@@Z 0000000180002d60 f i libcpmt:cerr.obj
 0001:00001d60       ?_Unlock@?$basic_streambuf@DU?$char_traits@D@std@@@std@@UEAAXXZ 0000000180002d60 f i libcpmt:cerr.obj
 0001:00001d60       ??3@YAXPEAX0@Z             0000000180002d60 f i libcpmt:locale0.obj
 0001:00001d60       __except_validate_context_record 0000000180002d60 f i libvcruntime:jbcxrval.obj
 0001:00001d60       _guard_check_icall_nop     0000000180002d60 f i LIBCMT:guard_support.obj
 0001:00001d60       ?_Lock@?$basic_streambuf@DU?$char_traits@D@std@@@std@@UEAAXXZ 0000000180002d60 f i libcpmt:cerr.obj
 0001:00001d70       ??_Eruntime_error@std@@UEAAPEAXI@Z 0000000180002d70 f i * CIL library *:* CIL module *
 0001:00001d70       ??_Gruntime_error@std@@UEAAPEAXI@Z 0000000180002d70 f i rainfall_node.obj
 0001:00001d70       ??_Gexception@stdext@@UEAAPEAXI@Z 0000000180002d70 f i rainfall_node.obj
 0001:00001d70       ??_Eexception@stdext@@UEAAPEAXI@Z 0000000180002d70 f i * CIL library *:* CIL module *
 0001:00001da0       ?NODE_SET_METHOD@node@@YAXV?$Local@VObject@v8@@@v8@@PEBDP6AXAEBV?$FunctionCallbackInfo@VValue@v8@@@3@@Z@Z 0000000180002da0 f i rainfall_node.obj
 0001:00001e80       ??0_Locinfo@std@@QEAA@PEBD@Z 0000000180002e80 f i rainfall_node.obj
 0001:00001f40       ??1_Locinfo@std@@QEAA@XZ   0000000180002f40 f i rainfall_node.obj
 0001:00001fe0       ??_G_Facet_base@std@@UEAAPEAXI@Z 0000000180002fe0 f i rainfall_node.obj
 0001:00001fe0       ??_E_Facet_base@std@@UEAAPEAXI@Z 0000000180002fe0 f i * CIL library *:* CIL module *
 0001:00002010       ?_Incref@facet@locale@std@@UEAAXXZ 0000000180003010 f i rainfall_node.obj
 0001:00002020       ?_Decref@facet@locale@std@@UEAAPEAV_Facet_base@3@XZ 0000000180003020 f i rainfall_node.obj
 0001:00002030       ?_Getcat@?$ctype@D@std@@SA_KPEAPEBVfacet@locale@2@PEBV42@@Z 0000000180003030 f i rainfall_node.obj
 0001:000020f0       ?do_tolower@?$ctype@D@std@@MEBADD@Z 00000001800030f0 f i rainfall_node.obj
 0001:00002100       ?do_tolower@?$ctype@D@std@@MEBAPEBDPEADPEBD@Z 0000000180003100 f i rainfall_node.obj
 0001:00002160       ?do_toupper@?$ctype@D@std@@MEBADD@Z 0000000180003160 f i rainfall_node.obj
 0001:00002170       ?do_toupper@?$ctype@D@std@@MEBAPEBDPEADPEBD@Z 0000000180003170 f i rainfall_node.obj
 0001:000021d0       ?do_narrow@?$ctype@D@std@@MEBADDD@Z 00000001800031d0 f i rainfall_node.obj
 0001:000021d0       ?do_widen@?$ctype@D@std@@MEBADD@Z 00000001800031d0 f i rainfall_node.obj
 0001:000021e0       ?do_widen@?$ctype@D@std@@MEBAPEBDPEBD0PEAD@Z 00000001800031e0 f i rainfall_node.obj
 0001:00002200       ?do_narrow@?$ctype@D@std@@MEBAPEBDPEBD0DPEAD@Z 0000000180003200 f i rainfall_node.obj
 0001:00002220       ??_E?$ctype@D@std@@MEAAPEAXI@Z 0000000180003220 f i * CIL library *:* CIL module *
 0001:00002220       ??_G?$ctype@D@std@@MEAAPEAXI@Z 0000000180003220 f i rainfall_node.obj
 0001:00002290       ??_E_Iostream_error_category@std@@UEAAPEAXI@Z 0000000180003290 f i * CIL library *:* CIL module *
 0001:00002290       ??_G_Iostream_error_category@std@@UEAAPEAXI@Z 0000000180003290 f i rainfall_node.obj
 0001:00002290       ??_Eerror_category@std@@UEAAPEAXI@Z 0000000180003290 f i * CIL library *:* CIL module *
 0001:00002290       ??_Gerror_category@std@@UEAAPEAXI@Z 0000000180003290 f i rainfall_node.obj
 0001:000022c0       ?default_error_condition@error_category@std@@UEBA?AVerror_condition@2@H@Z 00000001800032c0 f i rainfall_node.obj
 0001:000022d0       ?equivalent@error_category@std@@UEBA_NHAEBVerror_condition@2@@Z 00000001800032d0 f i rainfall_node.obj
 0001:00002330       ?equivalent@error_category@std@@UEBA_NAEBVerror_code@2@H@Z 0000000180003330 f i rainfall_node.obj
 0001:00002350       ??0_System_error@std@@IEAA@Verror_code@1@AEBV?$basic_string@DU?$char_traits@D@std@@V?$allocator@D@2@@1@@Z 0000000180003350 f i rainfall_node.obj
 0001:00002570       ??_G_System_error@std@@UEAAPEAXI@Z 0000000180003570 f i rainfall_node.obj
 0001:00002570       ??_Efailure@ios_base@std@@UEAAPEAXI@Z 0000000180003570 f i * CIL library *:* CIL module *
 0001:00002570       ??_E_System_error@std@@UEAAPEAXI@Z 0000000180003570 f i * CIL library *:* CIL module *
 0001:00002570       ??_Gfailure@ios_base@std@@UEAAPEAXI@Z 0000000180003570 f i rainfall_node.obj
 0001:000025a0       ?name@_Iostream_error_category@std@@UEBAPEBDXZ 00000001800035a0 f i rainfall_node.obj
 0001:000025b0       ?message@_Iostream_error_category@std@@UEBA?AV?$basic_string@DU?$char_traits@D@std@@V?$allocator@D@2@@2@H@Z 00000001800035b0 f i rainfall_node.obj
 0001:00002630       ?clear@ios_base@std@@QEAAXH_N@Z 0000000180003630 f i rainfall_node.obj
 0001:00002ce0       ?CalculateResultsAsync@@YAXAEBV?$FunctionCallbackInfo@VValue@v8@@@v8@@@Z 0000000180003ce0 f   rainfall_node.obj
 0001:00002e80       ?CalculateResultsSync@@YAXAEBV?$FunctionCallbackInfo@VValue@v8@@@v8@@@Z 0000000180003e80 f   rainfall_node.obj
 0001:00003250       ?CalculateResults@@YAXAEBV?$FunctionCallbackInfo@VValue@v8@@@v8@@@Z 0000000180004250 f   rainfall_node.obj
 0001:00003540       ?pack_rain_result@@YAXPEAVIsolate@v8@@AEAV?$Local@VObject@v8@@@2@AEAVrain_result@@@Z 0000000180004540 f   rainfall_node.obj
 0001:00003680       ?RainfallData@@YAXAEBV?$FunctionCallbackInfo@VValue@v8@@@v8@@@Z 0000000180004680 f   rainfall_node.obj
 0001:00003740       ?unpack_sample@@YA?AVsample@@PEAVIsolate@v8@@V?$Local@VObject@v8@@@3@@Z 0000000180004740 f   rainfall_node.obj
 0001:00003970       ?unpack_location@@YA?AVlocation@@PEAVIsolate@v8@@V?$Local@VObject@v8@@@3@@Z 0000000180004970 f   rainfall_node.obj
 0001:00003c30       ?AvgRainfall@@YAXAEBV?$FunctionCallbackInfo@VValue@v8@@@v8@@@Z 0000000180004c30 f   rainfall_node.obj
 0001:00003d10       ?init@@YAXV?$Local@VObject@v8@@@v8@@0@Z 0000000180004d10 f   rainfall_node.obj
 0001:00003db0       ?resize@?$vector@Vrain_result@@V?$allocator@Vrain_result@@@std@@@std@@QEAAX_K@Z 0000000180004db0 f i rainfall_node.obj
 0001:00003eb0       ?push_back@?$vector@Vlocation@@V?$allocator@Vlocation@@@std@@@std@@QEAAX$$QEAVlocation@@@Z 0000000180004eb0 f i rainfall_node.obj
 0001:00003fe0       ?_Tidy@?$vector@Vlocation@@V?$allocator@Vlocation@@@std@@@std@@IEAAXXZ 0000000180004fe0 f i rainfall_node.obj
 0001:000040d0       ?_Reserve@?$vector@Vlocation@@V?$allocator@Vlocation@@@std@@@std@@IEAAX_K@Z 00000001800050d0 f i rainfall_node.obj
 0001:000041a0       ?_Tidy@?$vector@Vsample@@V?$allocator@Vsample@@@std@@@std@@IEAAXXZ 00000001800051a0 f i rainfall_node.obj
 0001:00004260       ?_Reserve@?$vector@Vsample@@V?$allocator@Vsample@@@std@@@std@@IEAAX_K@Z 0000000180005260 f i rainfall_node.obj
 0001:00004330       ?assign@?$basic_string@DU?$char_traits@D@std@@V?$allocator@D@2@@std@@QEAAAEAV12@PEBD_K@Z 0000000180005330 f i rainfall_node.obj
 0001:00004460       ?assign@?$basic_string@DU?$char_traits@D@std@@V?$allocator@D@2@@std@@QEAAAEAV12@AEBV12@_K1@Z 0000000180005460 f i rainfall_node.obj
 0001:00004590       ?append@?$basic_string@DU?$char_traits@D@std@@V?$allocator@D@2@@std@@QEAAAEAV12@PEBD_K@Z 0000000180005590 f i rainfall_node.obj
 0001:000046e0       ?append@?$basic_string@DU?$char_traits@D@std@@V?$allocator@D@2@@std@@QEAAAEAV12@AEBV12@_K1@Z 00000001800056e0 f i rainfall_node.obj
 0001:00004810       ?_Reallocate@?$vector@Vrain_result@@V?$allocator@Vrain_result@@@std@@@std@@IEAAX_K@Z 0000000180005810 f i rainfall_node.obj
 0001:00004950       ?_Reallocate@?$vector@Vlocation@@V?$allocator@Vlocation@@@std@@@std@@IEAAX_K@Z 0000000180005950 f i rainfall_node.obj
 0001:00004b40       ?_Reallocate@?$vector@Vsample@@V?$allocator@Vsample@@@std@@@std@@IEAAX_K@Z 0000000180005b40 f i rainfall_node.obj
 0001:00004cf0       ??$use_facet@V?$ctype@D@std@@@std@@YAAEBV?$ctype@D@0@AEBVlocale@0@@Z 0000000180005cf0 f i rainfall_node.obj
 0001:00004e20       ??$_Immortalize@V_Iostream_error_category@std@@@std@@YAAEAV_Iostream_error_category@0@XZ 0000000180005e20 f i rainfall_node.obj
 0001:00004ea0       ??$?6U?$char_traits@D@std@@@std@@YAAEAV?$basic_ostream@DU?$char_traits@D@std@@@0@AEAV10@PEBD@Z 0000000180005ea0 f i rainfall_node.obj
 0001:00005100       ??0sentry@?$basic_ostream@DU?$char_traits@D@std@@@std@@QEAA@AEAV12@@Z 0000000180006100 f i rainfall_node.obj
 0001:00005170       ?flush@?$basic_ostream@DU?$char_traits@D@std@@@std@@QEAAAEAV12@XZ 0000000180006170 f i rainfall_node.obj
 0001:00005260       ?put@?$basic_ostream@DU?$char_traits@D@std@@@std@@QEAAAEAV12@D@Z 0000000180006260 f i rainfall_node.obj
 0001:000053b0       ?widen@?$basic_ios@DU?$char_traits@D@std@@@std@@QEBADD@Z 00000001800063b0 f i rainfall_node.obj
 0001:00005450       ??$_Destroy_range1@V?$allocator@Vsample@@@std@@PEAVsample@@@std@@YAXPEAVsample@@0AEAU?$_Wrap_alloc@V?$allocator@Vsample@@@std@@@0@U?$integral_constant@_N$0A@@0@@Z 0000000180006450 f i rainfall_node.obj
 0001:0000555c       __imp_load_uv_queue_work   000000018000655c f   node:node.exe
 0001:00005568       __tailMerge_node_exe       0000000180006568 f i node:node.exe
 0001:000055e1       __imp_load_?Global@Context@v8@@QEAA?AV?$Local@VObject@v8@@@2@XZ 00000001800065e1 f   node:node.exe
 0001:000055ed       __imp_load_?New@Integer@v8@@SA?AV?$Local@VInteger@v8@@@2@PEAVIsolate@2@H@Z 00000001800065ed f   node:node.exe
 0001:000055f9       __imp_load_?GetCurrentContext@Isolate@v8@@QEAA?AV?$Local@VContext@v8@@@2@XZ 00000001800065f9 f   node:node.exe
 0001:00005605       __imp_load_?GetCurrent@Isolate@v8@@SAPEAV12@XZ 0000000180006605 f   node:node.exe
 0001:00005611       __imp_load_?CreateHandle@HandleScope@v8@@KAPEAPEAVObject@internal@2@PEAVIsolate@42@PEAV342@@Z 0000000180006611 f   node:node.exe
 0001:0000561d       __imp_load_??1HandleScope@v8@@QEAA@XZ 000000018000661d f   node:node.exe
 0001:00005629       __imp_load_??0HandleScope@v8@@QEAA@PEAVIsolate@1@@Z 0000000180006629 f   node:node.exe
 0001:00005635       __imp_load_?New@Array@v8@@SA?AV?$Local@VArray@v8@@@2@PEAVIsolate@2@H@Z 0000000180006635 f   node:node.exe
 0001:00005641       __imp_load_?Length@Array@v8@@QEBAIXZ 0000000180006641 f   node:node.exe
 0001:0000564d       __imp_load_?GetFunction@FunctionTemplate@v8@@QEAA?AV?$Local@VFunction@v8@@@2@XZ 000000018000664d f   node:node.exe
 0001:00005659       __imp_load_?New@FunctionTemplate@v8@@SA?AV?$Local@VFunctionTemplate@v8@@@2@PEAVIsolate@2@P6AXAEBV?$FunctionCallbackInfo@VValue@v8@@@2@@ZV?$Local@VValue@v8@@@2@V?$Local@VSignature@v8@@@2@HW4ConstructorBehavior@2@@Z 0000000180006659 f   node:node.exe
 0001:00005665       __imp_load_?DisposeGlobal@V8@v8@@CAXPEAPEAVObject@internal@2@@Z 0000000180006665 f   node:node.exe
 0001:00005671       __imp_load_?GlobalizeReference@V8@v8@@CAPEAPEAVObject@internal@2@PEAVIsolate@42@PEAPEAV342@@Z 0000000180006671 f   node:node.exe
 0001:0000567d       __imp_load_?NumberValue@Value@v8@@QEBANXZ 000000018000667d f   node:node.exe
 0001:00005689       __imp_load_??1Utf8Value@String@v8@@QEAA@XZ 0000000180006689 f   node:node.exe
 0001:00005695       __imp_load_??0Utf8Value@String@v8@@QEAA@V?$Local@VValue@v8@@@2@@Z 0000000180006695 f   node:node.exe
 0001:000056a1       __imp_load_?NewFromUtf8@String@v8@@SA?AV?$Local@VString@v8@@@2@PEAVIsolate@2@PEBDW4NewStringType@12@H@Z 00000001800066a1 f   node:node.exe
 0001:000056ad       __imp_load_?New@Number@v8@@SA?AV?$Local@VNumber@v8@@@2@PEAVIsolate@2@N@Z 00000001800066ad f   node:node.exe
 0001:000056b9       __imp_load_?New@Object@v8@@SA?AV?$Local@VObject@v8@@@2@PEAVIsolate@2@@Z 00000001800066b9 f   node:node.exe
 0001:000056c5       __imp_load_?Get@Object@v8@@QEAA?AV?$Local@VValue@v8@@@2@V32@@Z 00000001800066c5 f   node:node.exe
 0001:000056d1       __imp_load_?Get@Object@v8@@QEAA?AV?$Local@VValue@v8@@@2@I@Z 00000001800066d1 f   node:node.exe
 0001:000056dd       __imp_load_?Set@Object@v8@@QEAA_NV?$Local@VValue@v8@@@2@0@Z 00000001800066dd f   node:node.exe
 0001:000056e9       __imp_load_?Set@Object@v8@@QEAA_NIV?$Local@VValue@v8@@@2@@Z 00000001800066e9 f   node:node.exe
 0001:000056f5       __imp_load_?SetName@Function@v8@@QEAAXV?$Local@VString@v8@@@2@@Z 00000001800066f5 f   node:node.exe
 0001:00005701       __imp_load_?Call@Function@v8@@QEAA?AV?$Local@VValue@v8@@@2@V32@HQEAV32@@Z 0000000180006701 f   node:node.exe
 0001:0000570d       __imp_load_node_module_register 000000018000670d f   node:node.exe
 0001:00005719       __imp_load_uv_default_loop 0000000180006719 f   node:node.exe
 0001:00005728       ??0bad_alloc@std@@QEAA@AEBV01@@Z 0000000180006728 f i libcpmt:xthrow.obj
 0001:00005768       ??0bad_alloc@std@@QEAA@XZ  0000000180006768 f i libcpmt:xthrow.obj
 0001:00005788       ??0exception@std@@QEAA@AEBV01@@Z 0000000180006788 f i libcpmt:xthrow.obj
 0001:000057c0       ??0length_error@std@@QEAA@AEBV01@@Z 00000001800067c0 f i libcpmt:xthrow.obj
 0001:00005800       ??0length_error@std@@QEAA@PEBD@Z 0000000180006800 f i libcpmt:xthrow.obj
 0001:0000584c       ??0logic_error@std@@QEAA@AEBV01@@Z 000000018000684c f i libcpmt:xthrow.obj
 0001:0000588c       ??0out_of_range@std@@QEAA@AEBV01@@Z 000000018000688c f i libcpmt:xthrow.obj
 0001:000058cc       ??0out_of_range@std@@QEAA@PEBD@Z 00000001800068cc f i libcpmt:xthrow.obj
 0001:00005918       ?_Xlength_error@std@@YAXPEBD@Z 0000000180006918 f   libcpmt:xthrow.obj
 0001:0000593c       ?_Xout_of_range@std@@YAXPEBD@Z 000000018000693c f   libcpmt:xthrow.obj
 0001:00005960       ?what@exception@std@@UEBAPEBDXZ 0000000180006960 f i libcpmt:xthrow.obj
 0001:00005974       ??0_Init_locks@std@@QEAA@XZ 0000000180006974 f   libcpmt:xlock.obj
 0001:000059c0       ??0_Lockit@std@@QEAA@H@Z   00000001800069c0 f   libcpmt:xlock.obj
 0001:000059fc       ??1_Init_locks@std@@QEAA@XZ 00000001800069fc f   libcpmt:xlock.obj
 0001:00005a40       ??1_Lockit@std@@QEAA@XZ    0000000180006a40 f   libcpmt:xlock.obj
 0001:00005a74       ??4?$_Yarn@D@std@@QEAAAEAV01@PEBD@Z 0000000180006a74 f i libcpmt:locale0.obj
 0001:00005aec       ??_G_Fac_node@std@@QEAAPEAXI@Z 0000000180006aec f i libcpmt:locale0.obj
 0001:00005b78       ??_E_Locimp@locale@std@@MEAAPEAXI@Z 0000000180006b78 f i libcpmt:locale0.obj
 0001:00005b78       ??_G_Locimp@locale@std@@MEAAPEAXI@Z 0000000180006b78 f i libcpmt:locale0.obj
 0001:00005be4       ?_Facet_Register@std@@YAXPEAV_Facet_base@1@@Z 0000000180006be4 f   libcpmt:locale0.obj
 0001:00005c1c       ?_Getgloballocale@locale@std@@CAPEAV_Locimp@12@XZ 0000000180006c1c f   libcpmt:locale0.obj
 0001:00005c24       ?_Init@locale@std@@CAPEAV_Locimp@12@_N@Z 0000000180006c24 f   libcpmt:locale0.obj
 0001:00005ce0       ?_Locimp_dtor@_Locimp@locale@std@@CAXPEAV123@@Z 0000000180006ce0 f   libcpmt:locale0.obj
 0001:00005d88       ?_Locinfo_ctor@_Locinfo@std@@SAXPEAV12@PEBD@Z 0000000180006d88 f   libcpmt:locale0.obj
 0001:00005df4       ?_Locinfo_dtor@_Locinfo@std@@SAXPEAV12@@Z 0000000180006df4 f   libcpmt:locale0.obj
 0001:00005e18       ?_New_Locimp@_Locimp@locale@std@@CAPEAV123@_N@Z 0000000180006e18 f   libcpmt:locale0.obj
 0001:00005e88       ?_Setgloballocale@locale@std@@CAXPEAX@Z 0000000180006e88 f   libcpmt:locale0.obj
 0001:00005ebc       _Deletegloballocale        0000000180006ebc f   libcpmt:locale0.obj
 0001:00005f44       ??$use_facet@V?$codecvt@DDU_Mbstatet@@@std@@@std@@YAAEBV?$codecvt@DDU_Mbstatet@@@0@AEBVlocale@0@@Z 0000000180006f44 f i libcpmt:cerr.obj
 0001:0000607c       ??0?$basic_ostream@DU?$char_traits@D@std@@@std@@QEAA@PEAV?$basic_streambuf@DU?$char_traits@D@std@@@1@_N@Z 000000018000707c f i libcpmt:cerr.obj
 0001:00006144       ??0?$basic_streambuf@DU?$char_traits@D@std@@@std@@IEAA@XZ 0000000180007144 f i libcpmt:cerr.obj
 0001:000061f4       ??0bad_cast@std@@QEAA@AEBV01@@Z 00000001800071f4 f i libcpmt:cerr.obj
 0001:00006234       ??0bad_cast@std@@QEAA@XZ   0000000180007234 f i libcpmt:cerr.obj
 0001:00006254       ??1?$basic_filebuf@DU?$char_traits@D@std@@@std@@UEAA@XZ 0000000180007254 f i libcpmt:cerr.obj
 0001:00006300       ??1?$basic_ios@DU?$char_traits@D@std@@@std@@UEAA@XZ 0000000180007300 f i libcpmt:cerr.obj
 0001:00006324       ??_E?$basic_ostream@DU?$char_traits@D@std@@@std@@$4PPPPPPPM@A@EAAPEAXI@Z 0000000180007324 f i libcpmt:cerr.obj
 0001:00006330       ??_E?$basic_filebuf@DU?$char_traits@D@std@@@std@@UEAAPEAXI@Z 0000000180007330 f i libcpmt:cerr.obj
 0001:00006330       ??_G?$basic_filebuf@DU?$char_traits@D@std@@@std@@UEAAPEAXI@Z 0000000180007330 f i libcpmt:cerr.obj
 0001:00006364       ??_G?$basic_ios@DU?$char_traits@D@std@@@std@@UEAAPEAXI@Z 0000000180007364 f i libcpmt:cerr.obj
 0001:00006364       ??_E?$basic_ios@DU?$char_traits@D@std@@@std@@UEAAPEAXI@Z 0000000180007364 f i libcpmt:cerr.obj
 0001:000063b0       ??_E?$basic_ostream@DU?$char_traits@D@std@@@std@@UEAAPEAXI@Z 00000001800073b0 f i libcpmt:cerr.obj
 0001:000063b0       ??_G?$basic_ostream@DU?$char_traits@D@std@@@std@@UEAAPEAXI@Z 00000001800073b0 f i libcpmt:cerr.obj
 0001:00006420       ??_E?$basic_streambuf@DU?$char_traits@D@std@@@std@@UEAAPEAXI@Z 0000000180007420 f i libcpmt:cerr.obj
 0001:00006420       ??_G?$basic_streambuf@DU?$char_traits@D@std@@@std@@UEAAPEAXI@Z 0000000180007420 f i libcpmt:cerr.obj
 0001:00006470       ??_E?$codecvt@DDU_Mbstatet@@@std@@MEAAPEAXI@Z 0000000180007470 f i libcpmt:cerr.obj
 0001:00006470       ??_G?$codecvt@DDU_Mbstatet@@@std@@MEAAPEAXI@Z 0000000180007470 f i libcpmt:cerr.obj
 0001:0000649c       ??_Gios_base@std@@UEAAPEAXI@Z 000000018000749c f i libcpmt:cerr.obj
 0001:0000649c       ??_Eios_base@std@@UEAAPEAXI@Z 000000018000749c f i libcpmt:cerr.obj
 0001:000064e8       ??_Glocale@std@@QEAAPEAXI@Z 00000001800074e8 f i libcpmt:cerr.obj
 0001:00006578       ?_Endwrite@?$basic_filebuf@DU?$char_traits@D@std@@@std@@IEAA_NXZ 0000000180007578 f i libcpmt:cerr.obj
 0001:0000672c       ?_Getcat@?$codecvt@DDU_Mbstatet@@@std@@SA_KPEAPEBVfacet@locale@2@PEBV42@@Z 000000018000772c f i libcpmt:cerr.obj
 0001:000067f0       ?_Init@?$basic_filebuf@DU?$char_traits@D@std@@@std@@IEAAXPEAU_iobuf@@W4_Initfl@12@@Z 00000001800077f0 f i libcpmt:cerr.obj
 0001:000068dc       ?_Init@ios_base@std@@IEAAXXZ 00000001800078dc f i libcpmt:cerr.obj
 0001:0000695c       ?_Initcvt@?$basic_filebuf@DU?$char_traits@D@std@@@std@@IEAAXPEBV?$codecvt@DDU_Mbstatet@@@2@@Z 000000018000795c f i libcpmt:cerr.obj
 0001:000069fc       ?_Lock@?$basic_filebuf@DU?$char_traits@D@std@@@std@@UEAAXXZ 00000001800079fc f i libcpmt:cerr.obj
 0001:00006a18       ?_Unlock@?$basic_filebuf@DU?$char_traits@D@std@@@std@@UEAAXXZ 0000000180007a18 f i libcpmt:cerr.obj
 0001:00006a34       ?append@?$basic_string@DU?$char_traits@D@std@@V?$allocator@D@2@@std@@QEAAAEAV12@_KD@Z 0000000180007a34 f i libcpmt:cerr.obj
 0001:00006b24       ?do_length@?$codecvt@DDU_Mbstatet@@@std@@MEBAHAEAU_Mbstatet@@PEBD1_K@Z 0000000180007b24 f i libcpmt:cerr.obj
 0001:00006b38       ?do_out@?$codecvt@DDU_Mbstatet@@@std@@MEBAHAEAU_Mbstatet@@PEBD1AEAPEBDPEAD3AEAPEAD@Z 0000000180007b38 f i libcpmt:cerr.obj
 0001:00006b38       ?do_in@?$codecvt@DDU_Mbstatet@@@std@@MEBAHAEAU_Mbstatet@@PEBD1AEAPEBDPEAD3AEAPEAD@Z 0000000180007b38 f i libcpmt:cerr.obj
 0001:00006b54       ?do_unshift@?$codecvt@DDU_Mbstatet@@@std@@MEBAHAEAU_Mbstatet@@PEAD1AEAPEAD@Z 0000000180007b54 f i libcpmt:cerr.obj
 0001:00006b60       ?imbue@?$basic_filebuf@DU?$char_traits@D@std@@@std@@MEAAXAEBVlocale@2@@Z 0000000180007b60 f i libcpmt:cerr.obj
 0001:00006b84       ?overflow@?$basic_filebuf@DU?$char_traits@D@std@@@std@@MEAAHH@Z 0000000180007b84 f i libcpmt:cerr.obj
 0001:00006de4       ?pbackfail@?$basic_filebuf@DU?$char_traits@D@std@@@std@@MEAAHH@Z 0000000180007de4 f i libcpmt:cerr.obj
 0001:00006eb4       ?seekoff@?$basic_filebuf@DU?$char_traits@D@std@@@std@@MEAA?AV?$fpos@U_Mbstatet@@@2@_JHH@Z 0000000180007eb4 f i libcpmt:cerr.obj
 0001:00006fa0       ?seekpos@?$basic_filebuf@DU?$char_traits@D@std@@@std@@MEAA?AV?$fpos@U_Mbstatet@@@2@V32@H@Z 0000000180007fa0 f i libcpmt:cerr.obj
 0001:000070a0       ?seekoff@?$basic_streambuf@DU?$char_traits@D@std@@@std@@MEAA?AV?$fpos@U_Mbstatet@@@2@_JHH@Z 00000001800080a0 f i libcpmt:cerr.obj
 0001:000070a0       ?seekpos@?$basic_streambuf@DU?$char_traits@D@std@@@std@@MEAA?AV?$fpos@U_Mbstatet@@@2@V32@H@Z 00000001800080a0 f i libcpmt:cerr.obj
 0001:000070bc       ?setbuf@?$basic_filebuf@DU?$char_traits@D@std@@@std@@MEAAPEAV?$basic_streambuf@DU?$char_traits@D@std@@@2@PEAD_J@Z 00000001800080bc f i libcpmt:cerr.obj
 0001:00007110       ?setbuf@?$basic_streambuf@DU?$char_traits@D@std@@@std@@MEAAPEAV12@PEAD_J@Z 0000000180008110 f i libcpmt:cerr.obj
 0001:00007114       ?sync@?$basic_filebuf@DU?$char_traits@D@std@@@std@@MEAAHXZ 0000000180008114 f i libcpmt:cerr.obj
 0001:00007174       ?uflow@?$basic_filebuf@DU?$char_traits@D@std@@@std@@MEAAHXZ 0000000180008174 f i libcpmt:cerr.obj
 0001:0000740c       ?uflow@?$basic_streambuf@DU?$char_traits@D@std@@@std@@MEAAHXZ 000000018000840c f i libcpmt:cerr.obj
 0001:00007458       ?underflow@?$basic_filebuf@DU?$char_traits@D@std@@@std@@MEAAHXZ 0000000180008458 f i libcpmt:cerr.obj
 0001:000074d0       ?overflow@?$basic_streambuf@DU?$char_traits@D@std@@@std@@MEAAHH@Z 00000001800084d0 f i libcpmt:cerr.obj
 0001:000074d0       ?pbackfail@?$basic_streambuf@DU?$char_traits@D@std@@@std@@MEAAHH@Z 00000001800084d0 f i libcpmt:cerr.obj
 0001:000074d0       ?underflow@?$basic_streambuf@DU?$char_traits@D@std@@@std@@MEAAHXZ 00000001800084d0 f i libcpmt:cerr.obj
 0001:000074d4       ?xsgetn@?$basic_streambuf@DU?$char_traits@D@std@@@std@@MEAA_JPEAD_J@Z 00000001800084d4 f i libcpmt:cerr.obj
 0001:00007594       ?xsputn@?$basic_streambuf@DU?$char_traits@D@std@@@std@@MEAA_JPEBD_J@Z 0000000180008594 f i libcpmt:cerr.obj
 0001:00007658       ?_Syserror_map@std@@YAPEBDH@Z 0000000180008658 f   libcpmt:syserror.obj
 0001:00007680       _Getctype                  0000000180008680 f   libcpmt:_tolower.obj
 0001:00007740       _Tolower                   0000000180008740 f   libcpmt:_tolower.obj
 0001:00007868       _Thrd_sleep                0000000180008868 f   libcpmt:cthread.obj
 0001:000078dc       _Toupper                   00000001800088dc f   libcpmt:_toupper.obj
 0001:00007a14       _Xtime_diff_to_millis2     0000000180008a14 f   libcpmt:xtime.obj
 0001:00007ae0       _Xtime_get_ticks           0000000180008ae0 f   libcpmt:xtime.obj
 0001:00007b10       xtime_get                  0000000180008b10 f   libcpmt:xtime.obj
 0001:00007b68       _Mtxdst                    0000000180008b68 f   libcpmt:xmtx.obj
 0001:00007b68       ??1_NonReentrantBlockingLock@details@Concurrency@@QEAA@XZ 0000000180008b68 f   libconcrt:rtlocks.obj
 0001:00007b70       _Mtxinit                   0000000180008b70 f   libcpmt:xmtx.obj
 0001:00007b80       _Mtxlock                   0000000180008b80 f   libcpmt:xmtx.obj
 0001:00007b88       _Mtxunlock                 0000000180008b88 f   libcpmt:xmtx.obj
 0001:00007b90       ?_Atexit@@YAXP6AXXZ@Z      0000000180008b90 f   libcpmt:iosptrs.obj
 0001:00007bd0       __local_stdio_printf_options 0000000180008bd0 f i libcpmt:locale.obj
 0001:00007bd8       ?_Addstd@ios_base@std@@SAXPEAV12@@Z 0000000180008bd8 f   libcpmt:ios.obj
 0001:00007c48       ?_Ios_base_dtor@ios_base@std@@CAXPEAV12@@Z 0000000180008c48 f   libcpmt:ios.obj
 0001:00007c8c       ?_Tidy@ios_base@std@@AEAAXXZ 0000000180008c8c f i libcpmt:ios.obj
 0001:00007d1c       __crtLCMapStringA          0000000180008d1c f   libcpmt:StlLCMapStringA.obj
 0001:000084d8       __crtGetSystemTimePreciseAsFileTime 00000001800094d8 f   libcpmt:winapisupp.obj
 0001:00008518       __crtInitializeCriticalSectionEx 0000000180009518 f   libcpmt:winapisupp.obj
 0001:00008578       GetTableIndexFromLocaleName 0000000180009578 f   libcpmt:winapinls.obj
 0001:00008604       __crtDownlevelLocaleNameToLCID 0000000180009604 f   libcpmt:winapinls.obj
 0001:00008638       __crtLCMapStringEx         0000000180009638 f   libcpmt:winapinls.obj
 0001:000086f4       __wcsnicmp_ascii           00000001800096f4 f   libcpmt:winapinls.obj
 0001:00008760       __security_check_cookie    0000000180009760 f   LIBCMT:_amdsecgs_.obj
 0001:00008784       ??2@YAPEAX_K@Z             0000000180009784 f   LIBCMT:new_scalar.obj
 0001:000087c0       ??3@YAXPEAX@Z              00000001800097c0 f   LIBCMT:delete_scalar.obj
 0001:000087c8       ??3@YAXPEAX_K@Z            00000001800097c8 f   LIBCMT:delete_scalar_size.obj
 0001:000087c8       ??_V@YAXPEAX@Z             00000001800097c8 f   LIBCMT:delete_array.obj
 0001:00008918       _Init_thread_footer        0000000180009918 f   LIBCMT:thread_safe_statics.obj
 0001:00008978       _Init_thread_header        0000000180009978 f   LIBCMT:thread_safe_statics.obj
 0001:000089e0       _Init_thread_notify        00000001800099e0 f   LIBCMT:thread_safe_statics.obj
 0001:00008a3c       _Init_thread_wait          0000000180009a3c f   LIBCMT:thread_safe_statics.obj
 0001:00008ad4       __scrt_acquire_startup_lock 0000000180009ad4 f   LIBCMT:utility.obj
 0001:00008b10       __scrt_dllmain_after_initialize_c 0000000180009b10 f   LIBCMT:utility.obj
 0001:00008b44       __scrt_dllmain_before_initialize_c 0000000180009b44 f   LIBCMT:utility.obj
 0001:00008b5c       __scrt_dllmain_crt_thread_attach 0000000180009b5c f   LIBCMT:utility.obj
 0001:00008b84       __scrt_dllmain_crt_thread_detach 0000000180009b84 f   LIBCMT:utility.obj
 0001:00008b9c       __scrt_dllmain_exception_filter 0000000180009b9c f   LIBCMT:utility.obj
 0001:00008c00       __scrt_dllmain_uninitialize_c 0000000180009c00 f   LIBCMT:utility.obj
 0001:00008c30       __scrt_dllmain_uninitialize_critical 0000000180009c30 f   LIBCMT:utility.obj
 0001:00008c44       __scrt_initialize_crt      0000000180009c44 f   LIBCMT:utility.obj
 0001:00008c90       __scrt_initialize_onexit_tables 0000000180009c90 f   LIBCMT:utility.obj
 0001:00008d5c       __scrt_is_nonwritable_in_current_image 0000000180009d5c f   LIBCMT:utility.obj
 0001:00008df8       __scrt_release_startup_lock 0000000180009df8 f   LIBCMT:utility.obj
 0001:00008e1c       __scrt_uninitialize_crt    0000000180009e1c f   LIBCMT:utility.obj
 0001:00008e48       _onexit                    0000000180009e48 f   LIBCMT:utility.obj
 0001:00008e98       atexit                     0000000180009e98 f   LIBCMT:utility.obj
 0001:000091fc       _DllMainCRTStartup         000000018000a1fc f   LIBCMT:dll_dllmain.obj
 0001:0000923c       ??_Etype_info@@UEAAPEAXI@Z 000000018000a23c f i LIBCMT:std_type_info_static.obj
 0001:0000923c       ??_Gtype_info@@UEAAPEAXI@Z 000000018000a23c f i LIBCMT:std_type_info_static.obj
 0001:00009268       _guard_check_icall         000000018000a268 f i LIBCMT:checkcfg.obj
 0001:00009270       __GSHandlerCheck           000000018000a270 f   LIBCMT:_gshandler_.obj
 0001:00009290       __GSHandlerCheckCommon     000000018000a290 f   LIBCMT:_gshandler_.obj
 0001:000092ec       __GSHandlerCheck_EH        000000018000a2ec f   LIBCMT:gshandlereh.obj
 0001:00009380       _alloca_probe              000000018000a380 f   LIBCMT:_chkstk_.obj
 0001:00009380       __chkstk                   000000018000a380 f   LIBCMT:_chkstk_.obj
 0001:000093d4       __raise_securityfailure    000000018000a3d4 f   LIBCMT:gs_report.obj
 0001:00009408       __report_gsfailure         000000018000a408 f   LIBCMT:gs_report.obj
 0001:000094dc       __report_rangecheckfailure 000000018000a4dc f   LIBCMT:gs_report.obj
 0001:000094f0       __report_securityfailure   000000018000a4f0 f   LIBCMT:gs_report.obj
 0001:00009670       ??0bad_array_new_length@std@@QEAA@AEBV01@@Z 000000018000a670 f i LIBCMT:throw_bad_alloc.obj
 0001:000096b0       ??0bad_array_new_length@std@@QEAA@XZ 000000018000a6b0 f i LIBCMT:throw_bad_alloc.obj
 0001:000096d0       ?_Xbad_alloc@std@@YAXXZ    000000018000a6d0 f   libcpmt:xthrow.obj
 0001:000096d0       ?__scrt_throw_std_bad_alloc@@YAXXZ 000000018000a6d0 f   LIBCMT:throw_bad_alloc.obj
 0001:000096f0       ?__scrt_throw_std_bad_array_new_length@@YAXXZ 000000018000a6f0 f   LIBCMT:throw_bad_alloc.obj
 0001:00009710       __crt_debugger_hook        000000018000a710 f   LIBCMT:utility_desktop.obj
 0001:00009718       __scrt_fastfail            000000018000a718 f   LIBCMT:utility_desktop.obj
 0001:00009860       __isa_available_init       000000018000a860 f   LIBCMT:_cpu_disp_.obj
 0001:00009a28       DllMain                    000000018000aa28 f   LIBCMT:dll_dllmain_stub.obj
 0001:00009a28       ?do_encoding@codecvt_base@std@@MEBAHXZ 000000018000aa28 f   libcpmt:cerr.obj
 0001:00009a28       ?do_max_length@codecvt_base@std@@MEBAHXZ 000000018000aa28 f   libcpmt:cerr.obj
 0001:00009a28       _get_startup_argv_mode     000000018000aa28 f   LIBCMT:argv_mode.obj
 0001:00009a30       __scrt_is_ucrt_dll_in_use  000000018000aa30 f   LIBCMT:ucrt_detection.obj
 0001:00009a3c       __security_init_cookie     000000018000aa3c f   LIBCMT:gs_support.obj
 0001:00009ae8       ?__scrt_initialize_type_info@@YAXXZ 000000018000aae8 f   LIBCMT:tncleanup.obj
 0001:00009af8       ?__scrt_uninitialize_type_info@@YAXXZ 000000018000aaf8 f   LIBCMT:tncleanup.obj
 0001:00009b04       __local_stdio_scanf_options 000000018000ab04 f i LIBCMT:default_local_stdio_options.obj
 0001:00009b0c       __scrt_initialize_default_local_stdio_options 000000018000ab0c f   LIBCMT:default_local_stdio_options.obj
 0001:00009b28       __scrt_get_dyn_tls_init_callback 000000018000ab28 f   LIBCMT:dyn_tls_init.obj
 0001:00009b30       _RTC_Initialize            000000018000ab30 f   LIBCMT:_initsect_.obj
 0001:00009b7c       _RTC_Terminate             000000018000ab7c f   LIBCMT:_initsect_.obj
 0001:00009bd0       ??1DefaultWaiterPool@platform@details@Concurrency@@QEAA@XZ 000000018000abd0 f i libconcrt:Platform.obj
 0001:00009c38       ?__TlsFree@platform@details@Concurrency@@YAXK@Z 000000018000ac38 f   libconcrt:Platform.obj
 0001:00009c40       _concrt_static_cleanup     000000018000ac40 f   libconcrt:utils.obj
 0001:00009c58       ?InitializeCookie@Security@details@Concurrency@@SA_KXZ 000000018000ac58 f   libconcrt:utils.obj
 0001:00009cbc       ?CheckOneShotStaticDestruction@SchedulerBase@details@Concurrency@@SAXXZ 000000018000acbc f   libconcrt:SchedulerBase.obj
 0001:00009cfc       ?OneShotStaticDestruction@UMSThreadScheduler@details@Concurrency@@SAXXZ 000000018000acfc f   libconcrt:UMSThreadScheduler.obj
 0001:00009d30       memmove                    000000018000ad30 f   libvcruntime:memcpy.obj
 0001:00009d30       memcpy                     000000018000ad30 f   libvcruntime:memcpy.obj
 0001:0000a168       _purecall                  000000018000b168 f   libvcruntime:purevirt.obj
 0001:0000a1a4       __std_exception_copy       000000018000b1a4 f   libvcruntime:std_exception.obj
 0001:0000a234       __std_exception_destroy    000000018000b234 f   libvcruntime:std_exception.obj
 0001:0000a25c       _CxxThrowException         000000018000b25c f   libvcruntime:throw.obj
 0001:0000a334       __DestructExceptionObject  000000018000b334 f   libvcruntime:frame.obj
 0001:0000a3bc       ??0bad_exception@std@@QEAA@AEBV01@@Z 000000018000b3bc f i libvcruntime:frame.obj
 0001:0000a3fc       ??0bad_exception@std@@QEAA@XZ 000000018000b3fc f i libvcruntime:frame.obj
 0001:0000a41c       ??1bad_cast@std@@UEAA@XZ   000000018000b41c f i libcpmt:cerr.obj
 0001:0000a41c       ??1bad_alloc@std@@UEAA@XZ  000000018000b41c f i libcpmt:xthrow.obj
 0001:0000a41c       ??1bad_array_new_length@std@@UEAA@XZ 000000018000b41c f i LIBCMT:throw_bad_alloc.obj
 0001:0000a41c       ??1out_of_range@std@@UEAA@XZ 000000018000b41c f i libcpmt:xthrow.obj
 0001:0000a41c       ??1length_error@std@@UEAA@XZ 000000018000b41c f i libcpmt:xthrow.obj
 0001:0000a41c       ??1bad_exception@std@@UEAA@XZ 000000018000b41c f i libvcruntime:frame.obj
 0001:0000a430       ??_Glength_error@std@@UEAAPEAXI@Z 000000018000b430 f i libcpmt:xthrow.obj
 0001:0000a430       ??_Gbad_alloc@std@@UEAAPEAXI@Z 000000018000b430 f i libcpmt:xthrow.obj
 0001:0000a430       ??_Gbad_exception@std@@UEAAPEAXI@Z 000000018000b430 f i libvcruntime:frame.obj
 0001:0000a430       ??_Glogic_error@std@@UEAAPEAXI@Z 000000018000b430 f i libcpmt:xthrow.obj
 0001:0000a430       ??_Eexception@std@@UEAAPEAXI@Z 000000018000b430 f i libcpmt:xthrow.obj
 0001:0000a430       ??_Elength_error@std@@UEAAPEAXI@Z 000000018000b430 f i libcpmt:xthrow.obj
 0001:0000a430       ??_Gbad_array_new_length@std@@UEAAPEAXI@Z 000000018000b430 f i LIBCMT:throw_bad_alloc.obj
 0001:0000a430       ??_Gexception@std@@UEAAPEAXI@Z 000000018000b430 f i libcpmt:xthrow.obj
 0001:0000a430       ??_Ebad_exception@std@@UEAAPEAXI@Z 000000018000b430 f i libvcruntime:frame.obj
 0001:0000a430       ??_Ebad_alloc@std@@UEAAPEAXI@Z 000000018000b430 f i libcpmt:xthrow.obj
 0001:0000a430       ??_Ebad_cast@std@@UEAAPEAXI@Z 000000018000b430 f i libcpmt:cerr.obj
 0001:0000a430       ??_Ebad_array_new_length@std@@UEAAPEAXI@Z 000000018000b430 f i LIBCMT:throw_bad_alloc.obj
 0001:0000a430       ??_Eout_of_range@std@@UEAAPEAXI@Z 000000018000b430 f i libcpmt:xthrow.obj
 0001:0000a430       ??_Gbad_cast@std@@UEAAPEAXI@Z 000000018000b430 f i libcpmt:cerr.obj
 0001:0000a430       ??_Elogic_error@std@@UEAAPEAXI@Z 000000018000b430 f i libcpmt:xthrow.obj
 0001:0000a430       ??_Gout_of_range@std@@UEAAPEAXI@Z 000000018000b430 f i libcpmt:xthrow.obj
 0001:0000add0       ?_CallMemberFunction0@@YAXPEAXP6AX0@Z@Z 000000018000bdd0 f i libvcruntime:frame.obj
 0001:0000add4       ?_CallMemberFunction1@@YAXPEAXP6AX0@Z0@Z 000000018000bdd4 f i libvcruntime:frame.obj
 0001:0000ade0       ?_CallMemberFunction2@@YAXPEAXP6AX0@Z0H@Z 000000018000bde0 f i libvcruntime:frame.obj
 0001:0000adf0       __AdjustPointer            000000018000bdf0 f   libvcruntime:frame.obj
 0001:0000ae14       __BuildCatchObject         000000018000be14 f   libvcruntime:frame.obj
 0001:0000aed8       __BuildCatchObjectHelper   000000018000bed8 f   libvcruntime:frame.obj
 0001:0000b0b8       __CxxCallCatchBlock        000000018000c0b8 f   libvcruntime:frame.obj
 0001:0000b2a4       __FrameUnwindFilter        000000018000c2a4 f   libvcruntime:frame.obj
 0001:0000b2f0       __FrameUnwindToState       000000018000c2f0 f   libvcruntime:frame.obj
 0001:0000b484       __InternalCxxFrameHandler  000000018000c484 f   libvcruntime:frame.obj
 0001:0000b6dc       __TypeMatch                000000018000c6dc f   libvcruntime:frame.obj
 0001:0000b81c       __std_terminate            000000018000c81c f   libvcruntime:frame.obj
 0001:0000b828       ?_ExecutionInCatch@@YAHPEAU_xDISPATCHER_CONTEXT@@PEBU_s_FuncInfo@@@Z 000000018000c828 f   libvcruntime:trnsctrl.obj
 0001:0000b89c       ?_GetEstablisherFrame@@YAPEA_KPEA_KPEAU_xDISPATCHER_CONTEXT@@PEBU_s_FuncInfo@@0@Z 000000018000c89c f   libvcruntime:trnsctrl.obj
 0001:0000b968       ?_GetRangeOfTrysToCheck@@YAPEBU_s_TryBlockMapEntry@@PEA_KPEBU_s_FuncInfo@@HHPEAI2PEAU_xDISPATCHER_CONTEXT@@@Z 000000018000c968 f   libvcruntime:trnsctrl.obj
 0001:0000ba94       ?__FrameUnwindToEmptyState@@YAXPEA_KPEAU_xDISPATCHER_CONTEXT@@PEBU_s_FuncInfo@@@Z 000000018000ca94 f   libvcruntime:trnsctrl.obj
 0001:0000bb28       ?__SehTransFilter@@YAHPEAU_EXCEPTION_POINTERS@@PEAUEHExceptionRecord@@PEA_KPEAU_CONTEXT@@PEAU_xDISPATCHER_CONTEXT@@PEBU_s_FuncInfo@@PEAH@Z 000000018000cb28 f   libvcruntime:trnsctrl.obj
 0001:0000bbc0       _CallSETranslator          000000018000cbc0 f   libvcruntime:trnsctrl.obj
 0001:0000bc18       _CreateFrameInfo           000000018000cc18 f   libvcruntime:trnsctrl.obj
 0001:0000bc54       _FindAndUnlinkFrame        000000018000cc54 f   libvcruntime:trnsctrl.obj
 0001:0000bcac       _GetImageBase              000000018000ccac f   libvcruntime:trnsctrl.obj
 0001:0000bcc0       _GetThrowImageBase         000000018000ccc0 f   libvcruntime:trnsctrl.obj
 0001:0000bcd4       _IsExceptionObjectToBeDestroyed 000000018000ccd4 f   libvcruntime:trnsctrl.obj
 0001:0000bd04       _SetImageBase              000000018000cd04 f   libvcruntime:trnsctrl.obj
 0001:0000bd1c       _SetThrowImageBase         000000018000cd1c f   libvcruntime:trnsctrl.obj
 0001:0000bd34       _UnwindNestedFrames        000000018000cd34 f   libvcruntime:trnsctrl.obj
 0001:0000be58       __CxxFrameHandler3         000000018000ce58 f   libvcruntime:trnsctrl.obj
 0001:0000bef0       memset                     000000018000cef0 f   libvcruntime:memset.obj
 0001:0000c0a0       memcmp                     000000018000d0a0 f   libvcruntime:memcmp.obj
 0001:0000c330       __vcrt_FlsAlloc            000000018000d330 f   libvcruntime:winapi_downlevel.obj
 0001:0000c384       __vcrt_FlsFree             000000018000d384 f   libvcruntime:winapi_downlevel.obj
 0001:0000c3d8       __vcrt_FlsGetValue         000000018000d3d8 f   libvcruntime:winapi_downlevel.obj
 0001:0000c42c       __vcrt_FlsSetValue         000000018000d42c f   libvcruntime:winapi_downlevel.obj
 0001:0000c494       __vcrt_InitializeCriticalSectionEx 000000018000d494 f   libvcruntime:winapi_downlevel.obj
 0001:0000c50c       __vcrt_initialize_winapi_thunks 000000018000d50c f   libvcruntime:winapi_downlevel.obj
 0001:0000c558       __vcrt_uninitialize_winapi_thunks 000000018000d558 f   libvcruntime:winapi_downlevel.obj
 0001:0000c598       __vcrt_initialize          000000018000d598 f   libvcruntime:initialization.obj
 0001:0000c5cc       __vcrt_thread_attach       000000018000d5cc f   libvcruntime:initialization.obj
 0001:0000c5e0       __vcrt_thread_detach       000000018000d5e0 f   libvcruntime:initialization.obj
 0001:0000c5f4       __vcrt_uninitialize        000000018000d5f4 f   libvcruntime:initialization.obj
 0001:0000c614       __vcrt_uninitialize_critical 000000018000d614 f   libvcruntime:initialization.obj
 0001:0000c624       __C_specific_handler       000000018000d624 f   libvcruntime:_chandler_.obj
 0001:0000c820       __std_type_info_compare    000000018000d820 f   libvcruntime:std_type_info.obj
 0001:0000c848       __std_type_info_destroy_list 000000018000d848 f   libvcruntime:std_type_info.obj
 0001:0000c874       __vcrt_initialize_pure_virtual_call_handler 000000018000d874 f   libvcruntime:purevirt_data.obj
 0001:0000c898       __vcrt_freefls             000000018000d898 f   libvcruntime:per_thread_data.obj
 0001:0000c8b8       __vcrt_freeptd             000000018000d8b8 f   libvcruntime:per_thread_data.obj
 0001:0000c908       __vcrt_getptd              000000018000d908 f   libvcruntime:per_thread_data.obj
 0001:0000c924       __vcrt_getptd_noexit       000000018000d924 f   libvcruntime:per_thread_data.obj
 0001:0000c9dc       __vcrt_initialize_ptd      000000018000d9dc f   libvcruntime:per_thread_data.obj
 0001:0000ca1c       __vcrt_uninitialize_ptd    000000018000da1c f   libvcruntime:per_thread_data.obj
 0001:0000ca40       ?__GetCurrentState@@YAHPEA_KPEAU_xDISPATCHER_CONTEXT@@PEBU_s_FuncInfo@@@Z 000000018000da40 f   libvcruntime:ehstate.obj
 0001:0000ca68       ?__GetUnwindTryBlock@@YAHPEA_KPEAU_xDISPATCHER_CONTEXT@@PEBU_s_FuncInfo@@@Z 000000018000da68 f   libvcruntime:ehstate.obj
 0001:0000ca94       ?__SetState@@YAXPEA_KPEAU_xDISPATCHER_CONTEXT@@PEBU_s_FuncInfo@@H@Z 000000018000da94 f   libvcruntime:ehstate.obj
 0001:0000caa0       ?__SetUnwindTryBlock@@YAXPEA_KPEAU_xDISPATCHER_CONTEXT@@PEBU_s_FuncInfo@@H@Z 000000018000daa0 f   libvcruntime:ehstate.obj
 0001:0000cadc       ?__StateFromControlPc@@YAHPEBU_s_FuncInfo@@PEAU_xDISPATCHER_CONTEXT@@@Z 000000018000dadc f   libvcruntime:ehstate.obj
 0001:0000cae4       ?__StateFromIp@@YAHPEBU_s_FuncInfo@@PEAU_xDISPATCHER_CONTEXT@@_J@Z 000000018000dae4 f   libvcruntime:ehstate.obj
 0001:0000cb60       _CallSettingFrame          000000018000db60 f   libvcruntime:handlers.obj
 0001:0000cbb0       _local_unwind              000000018000dbb0 f   libvcruntime:_jmpuwind_.obj
 0001:0000cbe0       _NLG_Notify                000000018000dbe0 f   libvcruntime:_jmpuwind_.obj
 0001:0000cc00       __NLG_Dispatch2            000000018000dc00 f   libvcruntime:_jmpuwind_.obj
 0001:0000cc10       __NLG_Return2              000000018000dc10 f   libvcruntime:_jmpuwind_.obj
 0001:0000cc14       __vcrt_initialize_locks    000000018000dc14 f   libvcruntime:locks.obj
 0001:0000cc5c       __vcrt_uninitialize_locks  000000018000dc5c f   libvcruntime:locks.obj
 0001:0000cc94       __acrt_call_reportfault    000000018000dc94 f   libucrt:invalid_parameter.obj
 0001:0000cdf0       __acrt_initialize_invalid_parameter_handler 000000018000ddf0 f   libucrt:invalid_parameter.obj
 0001:0000cdf8       _invalid_parameter         000000018000ddf8 f   libucrt:invalid_parameter.obj
 0001:0000cea0       _invalid_parameter_noinfo  000000018000dea0 f   libucrt:invalid_parameter.obj
 0001:0000cec0       _invalid_parameter_noinfo_noreturn 000000018000dec0 f   libucrt:invalid_parameter.obj
 0001:0000cef0       _invoke_watson             000000018000def0 f   libucrt:invalid_parameter.obj
 0001:0000cf38       abort                      000000018000df38 f   libucrt:abort.obj
 0001:0000cf90       free                       000000018000df90 f   libucrt:free.obj
 0001:0000cf98       ??0_LocaleUpdate@@QEAA@QEAU__crt_locale_pointers@@@Z 000000018000df98 f i libucrt:stricmp.obj
 0001:0000d028       __ascii_stricmp            000000018000e028 f   libucrt:stricmp.obj
 0001:0000d064       _stricmp                   000000018000e064 f   libucrt:stricmp.obj
 0001:0000d0ac       _stricmp_l                 000000018000e0ac f   libucrt:stricmp.obj
 0001:0000d160       __acrt_initialize_locks    000000018000e160 f   libucrt:locks.obj
 0001:0000d1a8       __acrt_lock                000000018000e1a8 f   libucrt:locks.obj
 0001:0000d1c4       __acrt_uninitialize_locks  000000018000e1c4 f   libucrt:locks.obj
 0001:0000d1fc       __acrt_unlock              000000018000e1fc f   libucrt:locks.obj
 0001:0000d218       _lock_locales              000000018000e218 f   libucrt:locks.obj
 0001:0000d228       _unlock_locales            000000018000e228 f   libucrt:locks.obj
 0001:0000d238       malloc                     000000018000e238 f   libucrt:malloc.obj
 0001:0000d328       setlocale                  000000018000e328 f   libucrt:setlocale.obj
 0001:0000d4f4       __acrt_errno_from_os_error 000000018000e4f4 f   libucrt:errno.obj
 0001:0000d53c       __acrt_errno_map_os_error  000000018000e53c f   libucrt:errno.obj
 0001:0000d58c       __doserrno                 000000018000e58c f   libucrt:errno.obj
 0001:0000d5ac       _errno                     000000018000e5ac f   libucrt:errno.obj
 0001:0000d5cc       __acrt_initialize_stdio    000000018000e5cc f   libucrt:_file.obj
 0001:0000d6ec       __acrt_iob_func            000000018000e6ec f   libucrt:_file.obj
 0001:0000d700       __acrt_uninitialize_stdio  000000018000e700 f   libucrt:_file.obj
 0001:0000d75c       _get_stream_buffer_pointers 000000018000e75c f   libucrt:_file.obj
 0001:0000d7a4       _lock_file                 000000018000e7a4 f   libucrt:_file.obj
 0001:0000d7b0       _unlock_file               000000018000e7b0 f   libucrt:_file.obj
 0001:0000d7bc       _fclose_nolock             000000018000e7bc f   libucrt:fclose.obj
 0001:0000d840       fclose                     000000018000e840 f   libucrt:fclose.obj
 0001:0000d8ac       __acrt_stdio_flush_nolock  000000018000e8ac f   libucrt:fflush.obj
 0001:0000d924       _fflush_nolock             000000018000e924 f   libucrt:fflush.obj
 0001:0000d970       _flushall                  000000018000e970 f   libucrt:fflush.obj
 0001:0000da60       fflush                     000000018000ea60 f   libucrt:fflush.obj
 0001:0000daa4       _fgetc_nolock              000000018000eaa4 f   libucrt:fgetc.obj
 0001:0000dae8       fgetc                      000000018000eae8 f   libucrt:fgetc.obj
 0001:0000dbec       fgetpos                    000000018000ebec f   libucrt:fgetpos.obj
 0001:0000dc38       fputc                      000000018000ec38 f   libucrt:fputc.obj
 0001:0000dd58       fsetpos                    000000018000ed58 f   libucrt:fsetpos.obj
 0001:0000e004       _fseeki64                  000000018000f004 f   libucrt:fseek.obj
 0001:0000e00c       ??$?RV<lambda_5d4c3fee44080f75d5d9762853974fe0>@@AEAV<lambda_532e024f4337e6fc7ad266c2bef9f4ed>@@V<lambda_c87bdc10097eb2402edb8ba9bdf0697b>@@@?$__crt_seh_guarded_call@_K@@QEAA_K$$QEAV<lambda_5d4c3fee44080f75d5d9762853974fe0>@@AEAV<lambda_532e024f4337e6fc7ad266c2bef9f4ed>@@$$QEAV<lambda_c87bdc10097eb2402edb8ba9bdf0697b>@@@Z 000000018000f00c f i libucrt:fwrite.obj
 0001:0000e0b0       _fwrite_nolock             000000018000f0b0 f   libucrt:fwrite.obj
 0001:0000e24c       fwrite                     000000018000f24c f   libucrt:fwrite.obj
 0001:0000e2d0       ??$?RV<lambda_7a5ef57ff966f610505f1d28a3d40618>@@AEAV<lambda_b721fa326cdb32351d23dfa67958c160>@@V<lambda_5e0fb27672408a07956fe59e48ccb2aa>@@@?$__crt_seh_guarded_call@H@@QEAAH$$QEAV<lambda_7a5ef57ff966f610505f1d28a3d40618>@@AEAV<lambda_b721fa326cdb32351d23dfa67958c160>@@$$QEAV<lambda_5e0fb27672408a07956fe59e48ccb2aa>@@@Z 000000018000f2d0 f i libucrt:setvbuf.obj
 0001:0000e400       setvbuf                    000000018000f400 f   libucrt:setvbuf.obj
 0001:0000e4a0       _ungetc_nolock             000000018000f4a0 f   libucrt:ungetc.obj
 0001:0000e5b0       ungetc                     000000018000f5b0 f   libucrt:ungetc.obj
 0001:0000e610       _calloc_base               000000018000f610 f   libucrt:calloc_base.obj
 0001:0000e688       __pctype_func              000000018000f688 f   libucrt:ctype.obj
 0001:0000e6b8       islower                    000000018000f6b8 f i libucrt:_ctype.obj
 0001:0000e72c       isupper                    000000018000f72c f i libucrt:_ctype.obj
 0001:0000e7a0       _wcsdup                    000000018000f7a0 f   libucrt:wcsdup.obj
 0001:0000e824       ___lc_codepage_func        000000018000f824 f   libucrt:initctype.obj
 0001:0000e854       ___lc_locale_name_func     000000018000f854 f   libucrt:initctype.obj
 0001:0000e888       __acrt_locale_initialize_ctype 000000018000f888 f   libucrt:initctype.obj
 0001:0000ee5c       _malloc_base               000000018000fe5c f   libucrt:malloc_base.obj
 0001:0000eebc       _realloc_base              000000018000febc f   libucrt:realloc_base.obj
 0001:0000ef40       pow                        000000018000ff40 f   libucrt:pow.obj
 0001:000105e0       powf                       00000001800115e0 f   libucrt:powf.obj
 0001:000114a8       __strncnt                  00000001800124a8 f   libucrt:strncnt.obj
 0001:000114c0       _free_base                 00000001800124c0 f   libucrt:free_base.obj
 0001:00011500       terminate                  0000000180012500 f   libucrt:terminate.obj
 0001:000115a0       _ismbblead                 00000001800125a0 f   libucrt:ismbbyte.obj
 0001:00011604       _tolower_l                 0000000180012604 f   libucrt:tolower_toupper.obj
 0001:00011744       wcscpy_s                   0000000180012744 f   libucrt:wcscpy_s.obj
 0001:000117ac       wcsnlen                    00000001800127ac f   libucrt:strnlen.obj
 0001:0001199c       __acrt_initialize_new_handler 000000018001299c f   libucrt:new_handler.obj
 0001:000119a4       _callnewh                  00000001800129a4 f   libucrt:new_handler.obj
 0001:000119e4       _query_new_handler         00000001800129e4 f   libucrt:new_handler.obj
 0001:00011a18       _seh_filter_dll            0000000180012a18 f   libucrt:exception_filter.obj
 0001:00011a2c       _seh_filter_exe            0000000180012a2c f   libucrt:exception_filter.obj
 0001:00011dec       __acrt_initialize_thread_local_exit_callback 0000000180012dec f   libucrt:exit.obj
 0001:00011df4       _cexit                     0000000180012df4 f   libucrt:exit.obj
 0001:00011e04       _exit                      0000000180012e04 f   libucrt:exit.obj
 0001:00011e10       _is_c_termination_complete 0000000180012e10 f   libucrt:exit.obj
 0001:00011fd4       __acrt_allocate_buffer_for_argv 0000000180012fd4 f   libucrt:argv_parsing.obj
 0001:00012038       _configure_narrow_argv     0000000180013038 f   libucrt:argv_parsing.obj
 0001:00012394       __dcrt_uninitialize_environments_nolock 0000000180013394 f   libucrt:environment_initialization.obj
 0001:000123cc       _initialize_narrow_environment 00000001800133cc f   libucrt:environment_initialization.obj
 0001:000123d4       ??$?RV<lambda_b8c45f8f788dd370798f47cfe8ac3a86>@@AEAV<lambda_4e60a939b0d047cfe11ddc22648dfba9>@@V<lambda_332c3edc96d0294ec56c57d38c1cdfd5>@@@?$__crt_seh_guarded_call@H@@QEAAH$$QEAV<lambda_b8c45f8f788dd370798f47cfe8ac3a86>@@AEAV<lambda_4e60a939b0d047cfe11ddc22648dfba9>@@$$QEAV<lambda_332c3edc96d0294ec56c57d38c1cdfd5>@@@Z 00000001800133d4 f i libucrt:onexit.obj
 0001:00012410       ??$?RV<lambda_e24bbb7b643b32fcea6fa61b31d4c984>@@AEAV<lambda_275893d493268fdec8709772e3fcec0e>@@V<lambda_9d71df4d7cf3f480f8d633942495c3b0>@@@?$__crt_seh_guarded_call@H@@QEAAH$$QEAV<lambda_e24bbb7b643b32fcea6fa61b31d4c984>@@AEAV<lambda_275893d493268fdec8709772e3fcec0e>@@$$QEAV<lambda_9d71df4d7cf3f480f8d633942495c3b0>@@@Z 0000000180013410 f i libucrt:onexit.obj
 0001:0001278c       _crt_atexit                000000018001378c f   libucrt:onexit.obj
 0001:0001279c       _execute_onexit_table      000000018001379c f   libucrt:onexit.obj
 0001:000127d8       _initialize_onexit_table   00000001800137d8 f   libucrt:onexit.obj
 0001:00012818       _register_onexit_function  0000000180013818 f   libucrt:onexit.obj
 0001:000128a8       ?do_always_noconv@?$codecvt@DDU_Mbstatet@@@std@@MEBA_NXZ 00000001800138a8 f   libcpmt:cerr.obj
 0001:000128a8       __acrt_uninitialize_command_line 00000001800138a8 f   libucrt:argv_data.obj
 0001:00012998       __acrt_initialize          0000000180013998 f   libucrt:initialization.obj
 0001:000129ac       __acrt_thread_attach       00000001800139ac f   libucrt:initialization.obj
 0001:000129c0       __acrt_thread_detach       00000001800139c0 f   libucrt:initialization.obj
 0001:000129d0       __acrt_uninitialize        00000001800139d0 f   libucrt:initialization.obj
 0001:000129e4       __acrt_uninitialize_critical 00000001800139e4 f   libucrt:initialization.obj
 0001:000129f4       _initterm                  00000001800139f4 f   libucrt:initterm.obj
 0001:00012a6c       _initterm_e                0000000180013a6c f   libucrt:initterm.obj
 0001:00012ac0       exp                        0000000180013ac0 f   libucrt:exp.obj
 0001:00012eb8       sqrt                       0000000180013eb8 f   libucrt:sqrt.obj
 0001:00012f8c       wcsncpy_s                  0000000180013f8c f   libucrt:wcsncpy_s.obj
 0001:00013070       strcpy_s                   0000000180014070 f   libucrt:strcpy_s.obj
 0001:000130d0       ??$is_overflow_condition@K@__crt_strtox@@YA_NIK@Z 00000001800140d0 f i libucrt:atox.obj
 0001:000130fc       ??$make_c_string_character_source@_W$$T@__crt_strtox@@YA?AV?$c_string_character_source@_W@0@QEB_W$$T@Z 00000001800140fc f i libucrt:atox.obj
 0001:00013110       ??$parse_integer@KV?$c_string_character_source@_W@__crt_strtox@@@__crt_strtox@@YAKQEAU__crt_locale_pointers@@V?$c_string_character_source@_W@0@H_N@Z 0000000180014110 f i libucrt:atox.obj
 0001:000137e4       _wtol                      00000001800147e4 f   libucrt:atox.obj
 0001:00013810       ??$?RV<lambda_46352004c1216016012b18bd6f87e700>@@AEAV<lambda_3bd07e1a1191394380780325891bf33f>@@V<lambda_334532d3f185bcaa59b5be82d7d22bff>@@@?$__crt_seh_guarded_call@X@@QEAAX$$QEAV<lambda_46352004c1216016012b18bd6f87e700>@@AEAV<lambda_3bd07e1a1191394380780325891bf33f>@@$$QEAV<lambda_334532d3f185bcaa59b5be82d7d22bff>@@@Z 0000000180014810 f i libucrt:per_thread_data.obj
 0001:00013870       ??$?RV<lambda_5e887d1dcbef67a5eb4283622ba103bf>@@AEAV<lambda_4466841279450cc726390878d4a41900>@@V<lambda_341c25c0346d94847f1f3c463c57e077>@@@?$__crt_seh_guarded_call@X@@QEAAX$$QEAV<lambda_5e887d1dcbef67a5eb4283622ba103bf>@@AEAV<lambda_4466841279450cc726390878d4a41900>@@$$QEAV<lambda_341c25c0346d94847f1f3c463c57e077>@@@Z 0000000180014870 f i libucrt:per_thread_data.obj
 0001:000138b8       ??$?RV<lambda_72d1df2b273a38828b1ce30cbf4cdab5>@@AEAV<lambda_876a65b173b8412d3a47c70a915b0cf4>@@V<lambda_41932305e351933ebe8f8be3ed8bb5dc>@@@?$__crt_seh_guarded_call@X@@QEAAX$$QEAV<lambda_72d1df2b273a38828b1ce30cbf4cdab5>@@AEAV<lambda_876a65b173b8412d3a47c70a915b0cf4>@@$$QEAV<lambda_41932305e351933ebe8f8be3ed8bb5dc>@@@Z 00000001800148b8 f i libucrt:per_thread_data.obj
 0001:000138f8       ??$?RV<lambda_fb3a7dec4e47f37f22dae91bb15c9095>@@AEAV<lambda_698284760c8add0bfb0756c19673e34b>@@V<lambda_dfb8eca1e75fef3034a8fb18dd509707>@@@?$__crt_seh_guarded_call@X@@QEAAX$$QEAV<lambda_fb3a7dec4e47f37f22dae91bb15c9095>@@AEAV<lambda_698284760c8add0bfb0756c19673e34b>@@$$QEAV<lambda_dfb8eca1e75fef3034a8fb18dd509707>@@@Z 00000001800148f8 f i libucrt:per_thread_data.obj
 0001:00013b88       __acrt_freeptd             0000000180014b88 f   libucrt:per_thread_data.obj
 0001:00013bcc       __acrt_getptd              0000000180014bcc f   libucrt:per_thread_data.obj
 0001:00013c60       __acrt_getptd_noexit       0000000180014c60 f   libucrt:per_thread_data.obj
 0001:00013d00       __acrt_initialize_ptd      0000000180014d00 f   libucrt:per_thread_data.obj
 0001:00013d3c       __acrt_uninitialize_ptd    0000000180014d3c f   libucrt:per_thread_data.obj
 0001:00013d60       ??$?RV<lambda_c36588078e9f5dfd39652860aa6b3aaf>@@AEAV<lambda_ec61778202f4f5fc7e7711acc23c3bca>@@V<lambda_dc9d2797ccde5d239b4a0efae8ebd7db>@@@?$__crt_seh_guarded_call@P6AXH@Z@@QEAAP6AXH@Z$$QEAV<lambda_c36588078e9f5dfd39652860aa6b3aaf>@@AEAV<lambda_ec61778202f4f5fc7e7711acc23c3bca>@@$$QEAV<lambda_dc9d2797ccde5d239b4a0efae8ebd7db>@@@Z 0000000180014d60 f i libucrt:signal.obj
 0001:00013da8       __acrt_get_sigabrt_handler 0000000180014da8 f   libucrt:signal.obj
 0001:00013dd8       __acrt_initialize_signal_handlers 0000000180014dd8 f   libucrt:signal.obj
 0001:00013df8       raise                      0000000180014df8 f   libucrt:signal.obj
 0001:00014094       __acrt_update_locale_info  0000000180015094 f   libucrt:locale_update.obj
 0001:000140c8       __acrt_update_multibyte_info 00000001800150c8 f   libucrt:locale_update.obj
 0001:000140fc       ?sync@?$basic_streambuf@DU?$char_traits@D@std@@@std@@MEAAHXZ 00000001800150fc f   libcpmt:cerr.obj
 0001:000140fc       ?_Get_deleter@_Ref_count_base@std@@UEBAPEAXAEBVtype_info@@@Z 00000001800150fc f   libcpmt:excptptr.obj
 0001:000140fc       ?showmanyc@?$basic_streambuf@DU?$char_traits@D@std@@@std@@MEAA_JXZ 00000001800150fc f   libcpmt:cerr.obj
 0001:00014100       ??$?RV<lambda_5df02c53a8f32f81fd64e5bbb78039f1>@@AEAV<lambda_2af78c5f5901b1372d98f9ab3177dfa6>@@AEAV<lambda_f51fe5fd7c79a33db34fc9310f277369>@@@?$__crt_seh_guarded_call@X@@QEAAX$$QEAV<lambda_5df02c53a8f32f81fd64e5bbb78039f1>@@AEAV<lambda_2af78c5f5901b1372d98f9ab3177dfa6>@@AEAV<lambda_f51fe5fd7c79a33db34fc9310f277369>@@@Z 0000000180015100 f i libucrt:wsetlocale.obj
 0001:0001412c       ??$?RV<lambda_d67e8342c384adda8f857579ab50b2ae>@@AEAV<lambda_30712929f77e709619002f448b6a9510>@@V<lambda_4525336fd7e478d965fb7ca7a337cad8>@@@?$__crt_seh_guarded_call@X@@QEAAX$$QEAV<lambda_d67e8342c384adda8f857579ab50b2ae>@@AEAV<lambda_30712929f77e709619002f448b6a9510>@@$$QEAV<lambda_4525336fd7e478d965fb7ca7a337cad8>@@@Z 000000018001512c f i libucrt:wsetlocale.obj
 0001:000142f8       __acrt_copy_locale_name    00000001800152f8 f   libucrt:wsetlocale.obj
 0001:0001437c       __acrt_set_locale_changed  000000018001537c f   libucrt:wsetlocale.obj
 0001:00014388       __acrt_uninitialize_locale 0000000180015388 f   libucrt:wsetlocale.obj
 0001:000143d0       __lc_lctowcs               00000001800153d0 f   libucrt:wsetlocale.obj
 0001:00014474       __lc_wcstolc               0000000180015474 f   libucrt:wsetlocale.obj
 0001:000146ec       _expandlocale              00000001800156ec f   libucrt:wsetlocale.obj
 0001:00014ae8       _wcscats                   0000000180015ae8 f   libucrt:wsetlocale.obj
 0001:00014b50       _wsetlocale                0000000180015b50 f   libucrt:wsetlocale.obj
 0001:000153e0       ??$?RV<lambda_630b2aca97f6d20d5b5ea6529ea6b6af>@@AEAV<lambda_af91936f1d075d609f72d9d8cba980af>@@V<lambda_e82fa975f615b5c7c7b0e4d178fdae67>@@@?$__crt_seh_guarded_call@H@@QEAAH$$QEAV<lambda_630b2aca97f6d20d5b5ea6529ea6b6af>@@AEAV<lambda_af91936f1d075d609f72d9d8cba980af>@@$$QEAV<lambda_e82fa975f615b5c7c7b0e4d178fdae67>@@@Z 00000001800163e0 f i libucrt:winapi_thunks.obj
 0001:00015618       __acrt_EnumSystemLocalesEx 0000000180016618 f   libucrt:winapi_thunks.obj
 0001:000156c0       __acrt_FlsAlloc            00000001800166c0 f   libucrt:winapi_thunks.obj
 0001:00015718       __acrt_FlsFree             0000000180016718 f   libucrt:winapi_thunks.obj
 0001:00015770       __acrt_FlsGetValue         0000000180016770 f   libucrt:winapi_thunks.obj
 0001:000157c8       __acrt_FlsSetValue         00000001800167c8 f   libucrt:winapi_thunks.obj
 0001:00015830       __acrt_GetLocaleInfoEx     0000000180016830 f   libucrt:winapi_thunks.obj
 0001:000158c8       __acrt_GetUserDefaultLocaleName 00000001800168c8 f   libucrt:winapi_thunks.obj
 0001:0001593c       __acrt_InitializeCriticalSectionEx 000000018001693c f   libucrt:winapi_thunks.obj
 0001:000159b4       __acrt_IsValidLocaleName   00000001800169b4 f   libucrt:winapi_thunks.obj
 0001:00015a1c       __acrt_LCIDToLocaleName    0000000180016a1c f   libucrt:winapi_thunks.obj
 0001:00015aa8       __acrt_LCMapStringEx       0000000180016aa8 f   libucrt:winapi_thunks.obj
 0001:00015b98       __acrt_LocaleNameToLCID    0000000180016b98 f   libucrt:winapi_thunks.obj
 0001:00015c00       __acrt_can_use_vista_locale_apis 0000000180016c00 f   libucrt:winapi_thunks.obj
 0001:00015c30       __acrt_initialize_winapi_thunks 0000000180016c30 f   libucrt:winapi_thunks.obj
 0001:00015c68       __acrt_is_packaged_app     0000000180016c68 f   libucrt:winapi_thunks.obj
 0001:00015cf0       __acrt_uninitialize_winapi_thunks 0000000180016cf0 f   libucrt:winapi_thunks.obj
 0001:00015f10       _mbstowcs_s_l              0000000180016f10 f   libucrt:mbstowcs.obj
 0001:00016040       mbstowcs_s                 0000000180017040 f   libucrt:mbstowcs.obj
 0001:00016394       _wcstombs_s_l              0000000180017394 f   libucrt:wcstombs.obj
 0001:00016480       _fcloseall                 0000000180017480 f   libucrt:closeall.obj
 0001:00016534       __acrt_stdio_free_buffer_nolock 0000000180017534 f   libucrt:_freebuf.obj
 0001:0001675c       __acrt_initialize_lowio    000000018001775c f   libucrt:ioinit.obj
 0001:00016798       __acrt_uninitialize_lowio  0000000180017798 f   libucrt:ioinit.obj
 0001:000167d8       ??$?RV<lambda_bfedae4ebbf01fab1bb6dcc6a9e276e0>@@AEAV<lambda_2fe9b910cf3cbf4a0ab98a02ba45b3ec>@@V<lambda_237c231691f317818eb88cc1d5d642d6>@@@?$__crt_seh_guarded_call@H@@QEAAH$$QEAV<lambda_bfedae4ebbf01fab1bb6dcc6a9e276e0>@@AEAV<lambda_2fe9b910cf3cbf4a0ab98a02ba45b3ec>@@$$QEAV<lambda_237c231691f317818eb88cc1d5d642d6>@@@Z 00000001800177d8 f i libucrt:close.obj
 0001:0001684c       _close                     000000018001784c f   libucrt:close.obj
 0001:000168f0       _close_nolock              00000001800178f0 f   libucrt:close.obj
 0001:000169ac       _fileno                    00000001800179ac f   libucrt:fileno.obj
 0001:000169d4       ?__acrt_stdio_free_stream@@YAXV__crt_stdio_stream@@@Z 00000001800179d4 f   libucrt:stream.obj
 0001:00016a18       ??$?RV<lambda_b521505b218e5242e90febf6bfebc422>@@AEAV<lambda_6978c1fb23f02e42e1d9e99668cc68aa>@@V<lambda_314360699dd331753a4119843814e9a7>@@@?$__crt_seh_guarded_call@H@@QEAAH$$QEAV<lambda_b521505b218e5242e90febf6bfebc422>@@AEAV<lambda_6978c1fb23f02e42e1d9e99668cc68aa>@@$$QEAV<lambda_314360699dd331753a4119843814e9a7>@@@Z 0000000180017a18 f i libucrt:commit.obj
 0001:00016aa4       _commit                    0000000180017aa4 f   libucrt:commit.obj
 0001:000170d8       _write                     00000001800180d8 f   libucrt:write.obj
 0001:000171c4       _write_nolock              00000001800181c4 f   libucrt:write.obj
 0001:00017650       __acrt_stdio_refill_and_read_narrow_nolock 0000000180018650 f   libucrt:_filbuf.obj
 0001:00017b14       _ftelli64                  0000000180018b14 f   libucrt:ftell.obj
 0001:00017b1c       _ftelli64_nolock           0000000180018b1c f   libucrt:ftell.obj
 0001:00017c28       __acrt_stdio_flush_and_write_narrow_nolock 0000000180018c28 f   libucrt:_flsbuf.obj
 0001:00017e9c       _lseeki64                  0000000180018e9c f   libucrt:lseek.obj
 0001:00017ea4       _lseeki64_nolock           0000000180018ea4 f   libucrt:lseek.obj
 0001:00017eac       __acrt_stdio_begin_temporary_buffering_nolock 0000000180018eac f   libucrt:_sftbuf.obj
 0001:00017f7c       __acrt_stdio_end_temporary_buffering_nolock 0000000180018f7c f   libucrt:_sftbuf.obj
 0001:00017fb8       __acrt_stdio_allocate_buffer_nolock 0000000180018fb8 f   libucrt:_getbuf.obj
 0001:0001801c       _query_new_mode            000000018001901c f   libucrt:new_mode.obj
 0001:00018024       __acrt_initialize_heap     0000000180019024 f   libucrt:heap_handle.obj
 0001:00018040       __acrt_uninitialize_heap   0000000180019040 f   libucrt:heap_handle.obj
 0001:0001804c       _isctype_l                 000000018001904c f   libucrt:isctype.obj
 0001:000182fc       __acrt_GetLocaleInfoA      00000001800192fc f   libucrt:getlocaleinfoa.obj
 0001:000184c4       __acrt_GetStringTypeA      00000001800194c4 f   libucrt:getstringtypea.obj
 0001:000189d4       __acrt_LCMapStringA        00000001800199d4 f   libucrt:lcmapstringa.obj
 0001:00018a6c       iswctype                   0000000180019a6c f   libucrt:iswctype.obj
 0001:00018adc       _raise_exc                 0000000180019adc f   libucrt:fpexcept.obj
 0001:00018b04       _raise_exc_ex              0000000180019b04 f   libucrt:fpexcept.obj
 0001:00018e0c       _raise_excf                0000000180019e0c f   libucrt:fpexcept.obj
 0001:00018e38       _set_errno_from_matherr    0000000180019e38 f   libucrt:fpexcept.obj
 0001:00018e68       _clrfp                     0000000180019e68 f   libucrt:fpctrl.obj
 0001:00018e88       _ctrlfp                    0000000180019e88 f   libucrt:fpctrl.obj
 0001:00018f04       _set_statfp                0000000180019f04 f   libucrt:fpctrl.obj
 0001:00018f24       _statfp                    0000000180019f24 f   libucrt:fpctrl.obj
 0001:00018f38       _mbtowc_l                  0000000180019f38 f   libucrt:mbtowc.obj
 0001:00019080       mbtowc                     000000018001a080 f   libucrt:mbtowc.obj
 0001:00019090       __acrt_initialize_fma3     000000018001a090 f   libucrt:fma3_available.obj
 0001:00019100       _pow_special               000000018001a100 f   libucrt:pow_special.obj
 0001:00019224       _powf_special              000000018001a224 f   libucrt:pow_special.obj
 0001:000193b0       _wcsicmp                   000000018001a3b0 f   libucrt:wcsicmp.obj
 0001:00019438       _wcsicmp_l                 000000018001a438 f   libucrt:wcsicmp.obj
 0001:00019528       __acrt_initialize_timeset  000000018001a528 f   libucrt:timeset.obj
 0001:00019558       _isleadbyte_l              000000018001a558 f i libucrt:_wctype.obj
 0001:00019a74       ?expand_if_necessary@?$argument_list@D@?A0xca0879c4@@AEAAHXZ 000000018001aa74 f i libucrt:argv_wildcards.obj
 0001:00019b3c       __acrt_expand_narrow_argv_wildcards 000000018001ab3c f   libucrt:argv_wildcards.obj
 0001:00019b44       ??$?RV<lambda_99476a1ad63dd22509b5d3e65b0ffc95>@@AEAV<lambda_ad1ced32f4ac17aa236e5ef05d6b3b7c>@@V<lambda_f7424dd8d45958661754dc4f2697e9c3>@@@?$__crt_seh_guarded_call@X@@QEAAX$$QEAV<lambda_99476a1ad63dd22509b5d3e65b0ffc95>@@AEAV<lambda_ad1ced32f4ac17aa236e5ef05d6b3b7c>@@$$QEAV<lambda_f7424dd8d45958661754dc4f2697e9c3>@@@Z 000000018001ab44 f i libucrt:mbctype.obj
 0001:0001a240       __acrt_initialize_multibyte 000000018001b240 f   libucrt:mbctype.obj
 0001:0001a268       __acrt_update_thread_multibyte_data 000000018001b268 f   libucrt:mbctype.obj
 0001:0001a328       _setmbcp_nolock            000000018001b328 f   libucrt:mbctype.obj
 0001:0001a5d0       __acrt_initialize_command_line 000000018001b5d0 f   libucrt:argv_data.obj
 0001:0001a5f8       __dcrt_get_narrow_environment_from_os 000000018001b5f8 f   libucrt:get_environment_from_os.obj
 0001:0001a6fc       _recalloc                  000000018001b6fc f   libucrt:recalloc.obj
 0001:0001a704       _recalloc_base             000000018001b704 f   libucrt:recalloc.obj
 0001:0001a79c       __acrt_execute_initializers 000000018001b79c f   libucrt:shared_initialization.obj
 0001:0001a830       __acrt_execute_uninitializers 000000018001b830 f   libucrt:shared_initialization.obj
 0001:0001a880       __acrt_has_user_matherr    000000018001b880 f   libucrt:matherr.obj
 0001:0001a8a0       __acrt_initialize_user_matherr 000000018001b8a0 f   libucrt:matherr.obj
 0001:0001a8a8       __acrt_invoke_user_matherr 000000018001b8a8 f   libucrt:matherr.obj
 0001:0001a8f0       _exp_special               000000018001b8f0 f   libucrt:exp_special.obj
 0001:0001aaac       _handle_error              000000018001baac f   libucrt:libm_error.obj
 0001:0001abd4       _handle_errorf             000000018001bbd4 f   libucrt:libm_error.obj
 0001:0001ad08       _handle_nan                000000018001bd08 f   libucrt:libm_error.obj
 0001:0001ad24       _handle_nanf               000000018001bd24 f   libucrt:libm_error.obj
 0001:0001ad34       __acrt_add_locale_ref      000000018001bd34 f   libucrt:locale_refcounting.obj
 0001:0001adc0       __acrt_free_locale         000000018001bdc0 f   libucrt:locale_refcounting.obj
 0001:0001af38       __acrt_locale_add_lc_time_reference 000000018001bf38 f   libucrt:locale_refcounting.obj
 0001:0001af60       __acrt_locale_free_lc_time_if_unreferenced 000000018001bf60 f   libucrt:locale_refcounting.obj
 0001:0001af98       __acrt_locale_release_lc_time_reference 000000018001bf98 f   libucrt:locale_refcounting.obj
 0001:0001afc0       __acrt_release_locale_ref  000000018001bfc0 f   libucrt:locale_refcounting.obj
 0001:0001b068       __acrt_update_thread_locale_data 000000018001c068 f   libucrt:locale_refcounting.obj
 0001:0001b0d8       _updatetlocinfoEx_nolock   000000018001c0d8 f   libucrt:locale_refcounting.obj
 0001:0001b140       __acrt_locale_free_monetary 000000018001c140 f   libucrt:initmon.obj
 0001:0001b24c       __acrt_locale_initialize_monetary 000000018001c24c f   libucrt:initmon.obj
 0001:0001b784       __acrt_locale_free_numeric 000000018001c784 f   libucrt:initnum.obj
 0001:0001b7f0       __acrt_locale_initialize_numeric 000000018001c7f0 f   libucrt:initnum.obj
 0001:0001be74       __acrt_locale_free_time    000000018001ce74 f   libucrt:inittime.obj
 0001:0001bf7c       __acrt_locale_initialize_time 000000018001cf7c f   libucrt:inittime.obj
 0001:0001c010       wcscat_s                   000000018001d010 f   libucrt:wcscat_s.obj
 0001:0001c090       wcscspn                    000000018001d090 f   libucrt:wcscspn.obj
 0001:0001c0d0       wcsncmp                    000000018001d0d0 f   libucrt:wcsncmp.obj
 0001:0001c0fc       wcspbrk                    000000018001d0fc f   libucrt:wcspbrk.obj
 0001:0001c9a0       __acrt_get_qualified_locale 000000018001d9a0 f   libucrt:get_qualified_locale.obj
 0001:0001d38c       __acrt_get_qualified_locale_downlevel 000000018001e38c f   libucrt:getqloc_downlevel.obj
 0001:0001d6e4       __acrt_DownlevelLCIDToLocaleName 000000018001e6e4 f   libucrt:lcidtoname_downlevel.obj
 0001:0001d7c8       __acrt_DownlevelLocaleNameToLCID 000000018001e7c8 f   libucrt:lcidtoname_downlevel.obj
 0001:0001d7fc       __acrt_lowio_create_handle_array 000000018001e7fc f   libucrt:osfinfo.obj
 0001:0001d894       __acrt_lowio_destroy_handle_array 000000018001e894 f   libucrt:osfinfo.obj
 0001:0001d8e4       __acrt_lowio_ensure_fh_exists 000000018001e8e4 f   libucrt:osfinfo.obj
 0001:0001d99c       __acrt_lowio_lock_fh       000000018001e99c f   libucrt:osfinfo.obj
 0001:0001d9c0       __acrt_lowio_unlock_fh     000000018001e9c0 f   libucrt:osfinfo.obj
 0001:0001d9e4       _free_osfhnd               000000018001e9e4 f   libucrt:osfinfo.obj
 0001:0001daa0       _get_osfhandle             000000018001eaa0 f   libucrt:osfinfo.obj
 0001:0001db18       _isatty                    000000018001eb18 f   libucrt:isatty.obj
 0001:0001db78       _putwch_nolock             000000018001eb78 f   libucrt:putwch.obj
 0001:0001e104       _read                      000000018001f104 f   libucrt:read.obj
 0001:0001e21c       _read_nolock               000000018001f21c f   libucrt:read.obj
 0001:0001e684       strncpy_s                  000000018001f684 f   libucrt:strncpy_s.obj
 0001:0001e770       _get_fpsr                  000000018001f770 f   libucrt:fpsr.obj
 0001:0001e780       _set_fpsr                  000000018001f780 f   libucrt:fpsr.obj
 0001:0001e78a       _fclrf                     000000018001f78a f   libucrt:fpsr.obj
 0001:0001e79e       _frnd                      000000018001f79e f   libucrt:fpsr.obj
 0001:0001e7c0       _towlower_l                000000018001f7c0 f   libucrt:towlower.obj
 0001:0001e960       qsort                      000000018001f960 f   libucrt:qsort.obj
 0001:0001ec94       strpbrk                    000000018001fc94 f   libucrt:strpbrk.obj
 0001:0001ed34       _mbsdec                    000000018001fd34 f   libucrt:mbsdec.obj
 0001:0001ed3c       _mbsdec_l                  000000018001fd3c f   libucrt:mbsdec.obj
 0001:0001edec       _msize                     000000018001fdec f   libucrt:msize.obj
 0001:0001ef50       _itow_s                    000000018001ff50 f   libucrt:xtoa.obj
 0001:0001ef70       _wcsnicmp                  000000018001ff70 f   libucrt:wcsnicmp.obj
 0001:0001f00c       _wcsnicmp_l                000000018002000c f   libucrt:wcsnicmp.obj
 0001:0001f124       wcscmp                     0000000180020124 f   libucrt:wcscmp.obj
 0001:0001f15c       _query_app_type            000000018002015c f   libucrt:report_runtime_error.obj
 0001:0001f164       __dcrt_lowio_initialize_console_output 0000000180020164 f   libucrt:initcon.obj
 0001:0001f1a0       __dcrt_terminate_console_output 00000001800201a0 f   libucrt:initcon.obj
 0001:0001f1c0       log10                      00000001800201c0 f   libucrt:log10.obj
 0001:0001f76c       __acrt_LCMapStringW        000000018002076c f   libucrt:lcmapstringw.obj
 0001:0001f800       _log10_special             0000000180020800 f   libucrt:log_special.obj
 0001:0001f8b6       IsProcessorFeaturePresent  00000001800208b6 f   kernel32:KERNEL32.dll
 0001:0001f8bc       RtlUnwindEx                00000001800208bc f   kernel32:KERNEL32.dll
 0001:0001f8c4       ?DloadAcquireSectionWriteAccess@@YAXXZ 00000001800208c4 f i DelayImp:delayhlp.obj
 0001:0001f980       ?DloadGetSRWLockFunctionPointers@@YAEXZ 0000000180020980 f i DelayImp:delayhlp.obj
 0001:0001fa1c       ?DloadMakePermanentImageCommit@@YAXPEAX_K@Z 0000000180020a1c f i DelayImp:delayhlp.obj
 0001:0001fab4       ?DloadObtainSection@@YAPEAXPEAK0@Z 0000000180020ab4 f i DelayImp:delayhlp.obj
 0001:0001fb4c       ?DloadProtectSection@@YAXKPEAK@Z 0000000180020b4c f i DelayImp:delayhlp.obj
 0001:0001fbdc       ?DloadReleaseSectionWriteAccess@@YAXXZ 0000000180020bdc f i DelayImp:delayhlp.obj
 0001:0001fc80       __delayLoadHelper2         0000000180020c80 f   DelayImp:delayhlp.obj
 0001:0001ff7c       ??$?0AEAPEAUEHExceptionRecord@@_N@?$_Ref_count_obj_alloc@V__ExceptionPtr@@U?$_StaticAllocator@H@@@std@@QEAA@AEBU?$_StaticAllocator@H@@AEAPEAUEHExceptionRecord@@$$QEA_N@Z 0000000180020f7c f i libcpmt:excptptr.obj
 0001:0001fffc       ??$allocate_shared@V__ExceptionPtr@@U?$_StaticAllocator@H@@AEAPEAUEHExceptionRecord@@_N@std@@YA?AV?$shared_ptr@V__ExceptionPtr@@@0@AEBU?$_StaticAllocator@H@@AEAPEAUEHExceptionRecord@@$$QEA_N@Z 0000000180020ffc f i libcpmt:excptptr.obj
 0001:00020088       ??$make_shared@V__ExceptionPtr@@AEAPEAUEHExceptionRecord@@_N@std@@YA?AV?$shared_ptr@V__ExceptionPtr@@@0@AEAPEAUEHExceptionRecord@@$$QEA_N@Z 0000000180021088 f i libcpmt:excptptr.obj
 0001:00020124       ??0__ExceptionPtr@@QEAA@PEBUEHExceptionRecord@@_N@Z 0000000180021124 f   libcpmt:excptptr.obj
 0001:000202a8       ??1_Ref_count_base@std@@UEAA@XZ 00000001800212a8 f i libcpmt:excptptr.obj
 0001:000202b4       ??1__ExceptionPtr@@QEAA@XZ 00000001800212b4 f   libcpmt:excptptr.obj
 0001:00020390       ??_G?$_Ref_count_obj_alloc@V__ExceptionPtr@@U?$_StaticAllocator@H@@@std@@UEAAPEAXI@Z 0000000180021390 f i libcpmt:excptptr.obj
 0001:00020390       ??_E?$_Ref_count_obj@V__ExceptionPtr@@@std@@UEAAPEAXI@Z 0000000180021390 f i libcpmt:excptptr.obj
 0001:00020390       ??_G?$_Ref_count_obj@V__ExceptionPtr@@@std@@UEAAPEAXI@Z 0000000180021390 f i libcpmt:excptptr.obj
 0001:00020390       ??_E?$_Ref_count_obj_alloc@V__ExceptionPtr@@U?$_StaticAllocator@H@@@std@@UEAAPEAXI@Z 0000000180021390 f i libcpmt:excptptr.obj
 0001:000203bc       ??_G_Ref_count_base@std@@UEAAPEAXI@Z 00000001800213bc f i libcpmt:excptptr.obj
 0001:000203bc       ??_E_Ref_count_base@std@@UEAAPEAXI@Z 00000001800213bc f i libcpmt:excptptr.obj
 0001:000203e8       ?_CallCopyCtor@__ExceptionPtr@@AEBAXPEAX0_KQEBU_s_CatchableType@@@Z 00000001800213e8 f   libcpmt:excptptr.obj
 0001:000204d4       ?_CopyException@__ExceptionPtr@@SA?AV?$shared_ptr@V__ExceptionPtr@@@std@@PEBXPEBU_s_ThrowInfo@@_N@Z 00000001800214d4 f   libcpmt:excptptr.obj
[...]
 0004:00001ef0       $pdata$?filt$0@?0??dllmain_dispatch@@YAHQEAUHINSTANCE__@@KQEAX@Z@4HA 000000018003def0     LIBCMT:dll_dllmain.obj
 0004:00001efc       $pdata$__CxxCallCatchBlock$filt$0 000000018003defc     libvcruntime:frame.obj
 0004:00001f08       $pdata$__CxxCallCatchBlock$fin$1 000000018003df08     libvcruntime:frame.obj
 0004:00001f14       $pdata$__DestructExceptionObject$filt$0 000000018003df14     libvcruntime:frame.obj
 0004:00001f20       $pdata$__FrameUnwindToState$filt$0 000000018003df20     libvcruntime:frame.obj
 0004:00001f2c       $pdata$__FrameUnwindToState$fin$1 000000018003df2c     libvcruntime:frame.obj
 0004:00001f38       $pdata$_CallSETranslator$filt$0 000000018003df38     libvcruntime:trnsctrl.obj
 0004:00001f44       $pdata$setlocale$fin$0     000000018003df44     libucrt:setlocale.obj
 0004:00001f50       $pdata$fclose$fin$0        000000018003df50     libucrt:fclose.obj
 0004:00001f50       $pdata$fflush$fin$0        000000018003df50     libucrt:fflush.obj
 0004:00001f5c       $pdata$common_flush_all$fin$0 000000018003df5c     libucrt:fflush.obj
 0004:00001f68       $pdata$common_flush_all$fin$1 000000018003df68     libucrt:fflush.obj
 0004:00001f74       $pdata$fgetc$fin$0         000000018003df74     libucrt:fgetc.obj
 0004:00001f80       $pdata$fputc$fin$0         000000018003df80     libucrt:fputc.obj
 0004:00001f8c       $pdata$?fin$0@?0???$common_ftell@_J@@YA_JV__crt_stdio_stream@@@Z@4HA 000000018003df8c     libucrt:ftell.obj
 0004:00001f8c       $pdata$?fin$0@?0??common_fseek@@YAHV__crt_stdio_stream@@_JH@Z@4HA 000000018003df8c     libucrt:fseek.obj
 0004:00001f98       $pdata$?fin$0@?0???$?RV<lambda_7a5ef57ff966f610505f1d28a3d40618>@@AEAV<lambda_b721fa326cdb32351d23dfa67958c160>@@V<lambda_5e0fb27672408a07956fe59e48ccb2aa>@@@?$__crt_seh_guarded_call@H@@QEAAH$$QEAV<lambda_7a5ef57ff966f610505f1d28a3d40618>@@AEAV<lambda_b721fa326cdb32351d23dfa67958c160>@@$$QEAV<lambda_5e0fb27672408a07956fe59e48ccb2aa>@@@Z@4HA 000000018003df98     libucrt:setvbuf.obj
 0004:00001f98       $pdata$?fin$0@?0???$?RV<lambda_5d4c3fee44080f75d5d9762853974fe0>@@AEAV<lambda_532e024f4337e6fc7ad266c2bef9f4ed>@@V<lambda_c87bdc10097eb2402edb8ba9bdf0697b>@@@?$__crt_seh_guarded_call@_K@@QEAA_K$$QEAV<lambda_5d4c3fee44080f75d5d9762853974fe0>@@AEAV<lambda_532e024f4337e6fc7ad266c2bef9f4ed>@@$$QEAV<lambda_c87bdc10097eb2402edb8ba9bdf0697b>@@@Z@4HA 000000018003df98     libucrt:fwrite.obj
 0004:00001fa4       $pdata$ungetc$fin$0        000000018003dfa4     libucrt:ungetc.obj
 0004:00001fb0       $pdata$_query_new_handler$fin$0 000000018003dfb0     libucrt:new_handler.obj
 0004:00001fbc       $pdata$?filt$0@?0??common_exit@@YAXHW4_crt_exit_cleanup_mode@@W4_crt_exit_return_mode@@@Z@4HA 000000018003dfbc     libucrt:exit.obj
 0004:00001fc8       $pdata$?fin$1@?0??common_exit@@YAXHW4_crt_exit_cleanup_mode@@W4_crt_exit_return_mode@@@Z@4HA 000000018003dfc8     libucrt:exit.obj
 0004:00001fd4       $pdata$?fin$0@?0???$?RV<lambda_e24bbb7b643b32fcea6fa61b31d4c984>@@AEAV<lambda_275893d493268fdec8709772e3fcec0e>@@V<lambda_9d71df4d7cf3f480f8d633942495c3b0>@@@?$__crt_seh_guarded_call@H@@QEAAH$$QEAV<lambda_e24bbb7b643b32fcea6fa61b31d4c984>@@AEAV<lambda_275893d493268fdec8709772e3fcec0e>@@$$QEAV<lambda_9d71df4d7cf3f480f8d633942495c3b0>@@@Z@4HA 000000018003dfd4     libucrt:onexit.obj
 0004:00001fe0       $pdata$?fin$0@?0???$?RV<lambda_72d1df2b273a38828b1ce30cbf4cdab5>@@AEAV<lambda_876a65b173b8412d3a47c70a915b0cf4>@@V<lambda_41932305e351933ebe8f8be3ed8bb5dc>@@@?$__crt_seh_guarded_call@X@@QEAAX$$QEAV<lambda_72d1df2b273a38828b1ce30cbf4cdab5>@@AEAV<lambda_876a65b173b8412d3a47c70a915b0cf4>@@$$QEAV<lambda_41932305e351933ebe8f8be3ed8bb5dc>@@@Z@4HA 000000018003dfe0     libucrt:per_thread_data.obj
 0004:00001fe0       $pdata$?fin$0@?0???$?RV<lambda_d67e8342c384adda8f857579ab50b2ae>@@AEAV<lambda_30712929f77e709619002f448b6a9510>@@V<lambda_4525336fd7e478d965fb7ca7a337cad8>@@@?$__crt_seh_guarded_call@X@@QEAAX$$QEAV<lambda_d67e8342c384adda8f857579ab50b2ae>@@AEAV<lambda_30712929f77e709619002f448b6a9510>@@$$QEAV<lambda_4525336fd7e478d965fb7ca7a337cad8>@@@Z@4HA 000000018003dfe0     libucrt:wsetlocale.obj
 0004:00001fe0       $pdata$?fin$0@?0???$?RV<lambda_46352004c1216016012b18bd6f87e700>@@AEAV<lambda_3bd07e1a1191394380780325891bf33f>@@V<lambda_334532d3f185bcaa59b5be82d7d22bff>@@@?$__crt_seh_guarded_call@X@@QEAAX$$QEAV<lambda_46352004c1216016012b18bd6f87e700>@@AEAV<lambda_3bd07e1a1191394380780325891bf33f>@@$$QEAV<lambda_334532d3f185bcaa59b5be82d7d22bff>@@@Z@4HA 000000018003dfe0     libucrt:per_thread_data.obj
 0004:00001fe0       $pdata$?fin$0@?0???$?RV<lambda_b8c45f8f788dd370798f47cfe8ac3a86>@@AEAV<lambda_4e60a939b0d047cfe11ddc22648dfba9>@@V<lambda_332c3edc96d0294ec56c57d38c1cdfd5>@@@?$__crt_seh_guarded_call@H@@QEAAH$$QEAV<lambda_b8c45f8f788dd370798f47cfe8ac3a86>@@AEAV<lambda_4e60a939b0d047cfe11ddc22648dfba9>@@$$QEAV<lambda_332c3edc96d0294ec56c57d38c1cdfd5>@@@Z@4HA 000000018003dfe0     libucrt:onexit.obj
 0004:00001fe0       $pdata$?fin$0@?0???$?RV<lambda_630b2aca97f6d20d5b5ea6529ea6b6af>@@AEAV<lambda_af91936f1d075d609f72d9d8cba980af>@@V<lambda_e82fa975f615b5c7c7b0e4d178fdae67>@@@?$__crt_seh_guarded_call@H@@QEAAH$$QEAV<lambda_630b2aca97f6d20d5b5ea6529ea6b6af>@@AEAV<lambda_af91936f1d075d609f72d9d8cba980af>@@$$QEAV<lambda_e82fa975f615b5c7c7b0e4d178fdae67>@@@Z@4HA 000000018003dfe0     libucrt:winapi_thunks.obj
 0004:00001fe0       $pdata$?fin$0@?0???$?RV<lambda_5e887d1dcbef67a5eb4283622ba103bf>@@AEAV<lambda_4466841279450cc726390878d4a41900>@@V<lambda_341c25c0346d94847f1f3c463c57e077>@@@?$__crt_seh_guarded_call@X@@QEAAX$$QEAV<lambda_5e887d1dcbef67a5eb4283622ba103bf>@@AEAV<lambda_4466841279450cc726390878d4a41900>@@$$QEAV<lambda_341c25c0346d94847f1f3c463c57e077>@@@Z@4HA 000000018003dfe0     libucrt:per_thread_data.obj
 0004:00001fe0       $pdata$?fin$0@?0???$?RV<lambda_99476a1ad63dd22509b5d3e65b0ffc95>@@AEAV<lambda_ad1ced32f4ac17aa236e5ef05d6b3b7c>@@V<lambda_f7424dd8d45958661754dc4f2697e9c3>@@@?$__crt_seh_guarded_call@X@@QEAAX$$QEAV<lambda_99476a1ad63dd22509b5d3e65b0ffc95>@@AEAV<lambda_ad1ced32f4ac17aa236e5ef05d6b3b7c>@@$$QEAV<lambda_f7424dd8d45958661754dc4f2697e9c3>@@@Z@4HA 000000018003dfe0     libucrt:mbctype.obj
 0004:00001fe0       $pdata$?fin$0@?0???$?RV<lambda_fb3a7dec4e47f37f22dae91bb15c9095>@@AEAV<lambda_698284760c8add0bfb0756c19673e34b>@@V<lambda_dfb8eca1e75fef3034a8fb18dd509707>@@@?$__crt_seh_guarded_call@X@@QEAAX$$QEAV<lambda_fb3a7dec4e47f37f22dae91bb15c9095>@@AEAV<lambda_698284760c8add0bfb0756c19673e34b>@@$$QEAV<lambda_dfb8eca1e75fef3034a8fb18dd509707>@@@Z@4HA 000000018003dfe0     libucrt:per_thread_data.obj
 0004:00001fe0       $pdata$?fin$0@?0???$?RV<lambda_c36588078e9f5dfd39652860aa6b3aaf>@@AEAV<lambda_ec61778202f4f5fc7e7711acc23c3bca>@@V<lambda_dc9d2797ccde5d239b4a0efae8ebd7db>@@@?$__crt_seh_guarded_call@P6AXH@Z@@QEAAP6AXH@Z$$QEAV<lambda_c36588078e9f5dfd39652860aa6b3aaf>@@AEAV<lambda_ec61778202f4f5fc7e7711acc23c3bca>@@$$QEAV<lambda_dc9d2797ccde5d239b4a0efae8ebd7db>@@@Z@4HA 000000018003dfe0     libucrt:signal.obj
 0004:00001fec       $pdata$raise$fin$0         000000018003dfec     libucrt:signal.obj
 0004:00001ff8       $pdata$?fin$0@?0???$?RV<lambda_5df02c53a8f32f81fd64e5bbb78039f1>@@AEAV<lambda_2af78c5f5901b1372d98f9ab3177dfa6>@@AEAV<lambda_f51fe5fd7c79a33db34fc9310f277369>@@@?$__crt_seh_guarded_call@X@@QEAAX$$QEAV<lambda_5df02c53a8f32f81fd64e5bbb78039f1>@@AEAV<lambda_2af78c5f5901b1372d98f9ab3177dfa6>@@AEAV<lambda_f51fe5fd7c79a33db34fc9310f277369>@@@Z@4HA 000000018003dff8     libucrt:wsetlocale.obj
 0004:00002004       $pdata$_fcloseall$fin$0    000000018003e004     libucrt:closeall.obj
 0004:00002010       $pdata$?fin$0@?0???$?RV<lambda_bfedae4ebbf01fab1bb6dcc6a9e276e0>@@AEAV<lambda_2fe9b910cf3cbf4a0ab98a02ba45b3ec>@@V<lambda_237c231691f317818eb88cc1d5d642d6>@@@?$__crt_seh_guarded_call@H@@QEAAH$$QEAV<lambda_bfedae4ebbf01fab1bb6dcc6a9e276e0>@@AEAV<lambda_2fe9b910cf3cbf4a0ab98a02ba45b3ec>@@$$QEAV<lambda_237c231691f317818eb88cc1d5d642d6>@@@Z@4HA 000000018003e010     libucrt:close.obj
 0004:00002010       $pdata$?fin$0@?0???$?RV<lambda_b521505b218e5242e90febf6bfebc422>@@AEAV<lambda_6978c1fb23f02e42e1d9e99668cc68aa>@@V<lambda_314360699dd331753a4119843814e9a7>@@@?$__crt_seh_guarded_call@H@@QEAAH$$QEAV<lambda_b521505b218e5242e90febf6bfebc422>@@AEAV<lambda_6978c1fb23f02e42e1d9e99668cc68aa>@@$$QEAV<lambda_314360699dd331753a4119843814e9a7>@@@Z@4HA 000000018003e010     libucrt:commit.obj
 0004:0000201c       $pdata$?fin$0@?0???$common_lseek@_J@@YA_JH_JH@Z@4HA 000000018003e01c     libucrt:lseek.obj
 0004:0000201c       $pdata$_read$fin$0         000000018003e01c     libucrt:read.obj
 0004:0000201c       $pdata$_write$fin$0        000000018003e01c     libucrt:write.obj
 0004:00002028       $pdata$_ctrlfp$filt$0      000000018003e028     libucrt:fpctrl.obj
 0004:00002034       $pdata$__acrt_update_thread_multibyte_data$fin$0 000000018003e034     libucrt:mbctype.obj
 0004:00002040       $pdata$__acrt_update_thread_locale_data$fin$0 000000018003e040     libucrt:locale_refcounting.obj
 0004:00002040       $pdata$__acrt_uninitialize_locale$fin$0 000000018003e040     libucrt:wsetlocale.obj
 0004:0000204c       $pdata$__acrt_initialize_lowio$fin$0 000000018003e04c     libucrt:ioinit.obj
 0004:0000204c       $pdata$__acrt_lowio_ensure_fh_exists$fin$0 000000018003e04c     libucrt:osfinfo.obj
 0004:00002058       $pdata$?dtor$1@?0???$?0AEAPEAUEHExceptionRecord@@_N@?$_Ref_count_obj_alloc@V__ExceptionPtr@@U?$_StaticAllocator@H@@@std@@QEAA@AEBU?$_StaticAllocator@H@@AEAPEAUEHExceptionRecord@@$$QEA_N@Z@4HA 000000018003e058     libcpmt:excptptr.obj
 0004:00002064       $pdata$?dtor$11@?0???$allocate_shared@V__ExceptionPtr@@U?$_StaticAllocator@H@@AEAPEAUEHExceptionRecord@@_N@std@@YA?AV?$shared_ptr@V__ExceptionPtr@@@0@AEBU?$_StaticAllocator@H@@AEAPEAUEHExceptionRecord@@$$QEA_N@Z@4HA 000000018003e064     libcpmt:excptptr.obj
 0004:00002070       $pdata$?catch$18@?0???$allocate_shared@V__ExceptionPtr@@U?$_StaticAllocator@H@@AEAPEAUEHExceptionRecord@@_N@std@@YA?AV?$shared_ptr@V__ExceptionPtr@@@0@AEBU?$_StaticAllocator@H@@AEAPEAUEHExceptionRecord@@$$QEA_N@Z@4HA 000000018003e070     libcpmt:excptptr.obj
 0004:0000207c       $pdata$?dtor$0@?0???$make_shared@V__ExceptionPtr@@AEAPEAUEHExceptionRecord@@_N@std@@YA?AV?$shared_ptr@V__ExceptionPtr@@@0@AEAPEAUEHExceptionRecord@@$$QEA_N@Z@4HA 000000018003e07c     libcpmt:excptptr.obj
 0004:00002088       $pdata$?dtor$5@?0???$make_shared@V__ExceptionPtr@@AEAPEAUEHExceptionRecord@@_N@std@@YA?AV?$shared_ptr@V__ExceptionPtr@@@0@AEAPEAUEHExceptionRecord@@$$QEA_N@Z@4HA 000000018003e088     libcpmt:excptptr.obj
 0004:00002094       $pdata$?catch$0@?0??_CallCopyCtor@__ExceptionPtr@@AEBAXPEAX0_KQEBU_s_CatchableType@@@Z@4HA 000000018003e094     libcpmt:excptptr.obj
 0004:000020a0       $pdata$?catch$3@?0??_CopyException@__ExceptionPtr@@SA?AV?$shared_ptr@V__ExceptionPtr@@@std@@PEBXPEBU_s_ThrowInfo@@_N@Z@4HA 000000018003e0a0     libcpmt:excptptr.obj
 0004:000020ac       $pdata$?catch$4@?0??_CopyException@__ExceptionPtr@@SA?AV?$shared_ptr@V__ExceptionPtr@@@std@@PEBXPEBU_s_ThrowInfo@@_N@Z@4HA 000000018003e0ac     libcpmt:excptptr.obj
 0004:000020b8       $pdata$_IsNonwritableInCurrentImage$filt$0 000000018003e0b8     LIBCMT:pesect.obj
 0004:000020c4       $pdata$??__F_Fac_tidy_reg@std@@YAXXZ 000000018003e0c4     libcpmt:locale0.obj
 0004:000020d0       $pdata$??__Fclassic_locale@std@@YAXXZ 000000018003e0d0     libcpmt:locale0.obj
 0004:000020dc       $pdata$??__Fcerr@std@@YAXXZ 000000018003e0dc     libcpmt:cerr.obj
 0004:000020e8       $pdata$??__Finit_atexit@@YAXXZ 000000018003e0e8     libcpmt:iosptrs.obj
 0004:000020f4       $pdata$??__F?m_badAllocExceptionPtr@__ExceptionPtr@@0V?$shared_ptr@V__ExceptionPtr@@@std@@A@@YAXXZ 000000018003e0f4     libcpmt:excptptr.obj
 0005:00000000       __guard_fids__             000000018003f000     libucrt:initialization.obj
 0005:00000060       __guard_fids___acrt_initialize_ptd 000000018003f060     libucrt:per_thread_data.obj
 0005:00000064       __guard_fids__             000000018003f064     libucrt:wsetlocale.obj
 0005:0000007c       __guard_fids_??$?RV<lambda_630b2aca97f6d20d5b5ea6529ea6b6af>@@AEAV<lambda_af91936f1d075d609f72d9d8cba980af>@@V<lambda_e82fa975f615b5c7c7b0e4d178fdae67>@@@?$__crt_seh_guarded_call@H@@QEAAH$$QEAV<lambda_630b2aca97f6d20d5b5ea6529ea6b6af>@@AEAV<lambda_af91936f1d075d609f72d9d8cba980af>@@$$QEAV<lambda_e82fa975f615b5c7c7b0e4d178fdae67>@@@Z 000000018003f07c     libucrt:winapi_thunks.obj
 0005:00000080       __guard_fids__             000000018003f080     libucrt:stdio_initializer.obj
 0005:00000084       __guard_fids__             000000018003f084     libucrt:stdio_initializer.obj
 0005:00000088       __guard_fids_??$expand_argument_wildcards@D@@YAHQEAD0AEAV?$argument_list@D@?A0xca0879c4@@@Z 000000018003f088     libucrt:argv_wildcards.obj
 0005:0000008c       __guard_fids__             000000018003f08c     libucrt:locale_initializer.obj
 0005:00000090       __guard_fids_GetLocaleNameFromLangCountry 000000018003f090     libucrt:get_qualified_locale.obj
 0005:00000094       __guard_fids_GetLocaleNameFromLanguage 000000018003f094     libucrt:get_qualified_locale.obj
 0005:00000098       __guard_fids___acrt_get_qualified_locale_downlevel 000000018003f098     libucrt:getqloc_downlevel.obj
 0005:0000009c       __guard_fids_GetLcidFromLangCountry 000000018003f09c     libucrt:getqloc_downlevel.obj
 0005:000000a0       __guard_fids_GetLcidFromLanguage 000000018003f0a0     libucrt:getqloc_downlevel.obj
 0005:000000a4       __guard_fids__             000000018003f0a4     libucrt:fma3_initializer.obj
 0005:000000a8       __guard_fids__             000000018003f0a8     libucrt:timeset_initializer.obj
 0005:000000ac       __guard_fids__             000000018003f0ac     libucrt:multibyte_initializer.obj
 0005:000000b0       __guard_fids__             000000018003f0b0     libucrt:console_output_initializer.obj
 0005:000000b4       __guard_fids__             000000018003f0b4     libcpmt:xthrow.obj
 0005:000000bc       __guard_fids__             000000018003f0bc     libcpmt:xthrow.obj
 0005:000000c4       __guard_fids__             000000018003f0c4     libcpmt:xthrow.obj
 0005:000000cc       __guard_fids__             000000018003f0cc     libcpmt:xthrow.obj
 0005:000000d4       __guard_fids__             000000018003f0d4     libcpmt:xthrow.obj
 0005:000000dc       __guard_fids__             000000018003f0dc     libcpmt:xthrow.obj
 0005:000000e4       __guard_fids_??__Einitlocks@std@@YAXXZ 000000018003f0e4     libcpmt:xlock.obj
 0005:000000e8       __guard_fids__             000000018003f0e8     libcpmt:xlock.obj
 0005:000000ec       __guard_fids_??__E_Fac_tidy_reg@std@@YAXXZ 000000018003f0ec     libcpmt:locale0.obj
 0005:000000f0       __guard_fids_?_Setgloballocale@locale@std@@CAXPEAX@Z 000000018003f0f0     libcpmt:locale0.obj
 0005:000000f4       __guard_fids_??__Eclassic_locale@std@@YAXXZ 000000018003f0f4     libcpmt:locale0.obj
 0005:000000f8       __guard_fids__             000000018003f0f8     libcpmt:locale0.obj
 0005:00000104       __guard_fids__             000000018003f104     libcpmt:locale0.obj
 0005:00000110       __guard_fids__             000000018003f110     libcpmt:locale0.obj
 0005:00000114       __guard_fids__             000000018003f114     libcpmt:locale0.obj
 0005:00000118       __guard_fids_??__Einitlocks@@YAXXZ 000000018003f118     libcpmt:cerr.obj
 0005:0000011c       __guard_fids_??__Eferr@std@@YAXXZ 000000018003f11c     libcpmt:cerr.obj
 0005:00000120       __guard_fids_??__Ecerr@std@@YAXXZ 000000018003f120     libcpmt:cerr.obj
 0005:00000124       __guard_fids__             000000018003f124     libcpmt:cerr.obj
 0005:0000012c       __guard_fids__             000000018003f12c     libcpmt:cerr.obj
 0005:00000158       __guard_fids__             000000018003f158     libcpmt:cerr.obj
 0005:00000170       __guard_fids__             000000018003f170     libcpmt:cerr.obj
 0005:00000178       __guard_fids__             000000018003f178     libcpmt:cerr.obj
 0005:00000190       __guard_fids__             000000018003f190     libcpmt:cerr.obj
 0005:00000198       __guard_fids__             000000018003f198     libcpmt:cerr.obj
 0005:0000019c       __guard_fids__             000000018003f19c     libcpmt:cerr.obj
 0005:000001d8       __guard_fids__             000000018003f1d8     libcpmt:cerr.obj
 0005:00000214       __guard_fids__             000000018003f214     libcpmt:cerr.obj
 0005:00000218       __guard_fids__             000000018003f218     libcpmt:cerr.obj
 0005:0000021c       __guard_fids__             000000018003f21c     libcpmt:cerr.obj
 0005:00000244       __guard_fids__             000000018003f244     libcpmt:cerr.obj
 0005:00000248       __guard_fids__             000000018003f248     libcpmt:cerr.obj
 0005:0000024c       __guard_fids__             000000018003f24c     libcpmt:cerr.obj
 0005:00000250       __guard_fids__             000000018003f250     libcpmt:cerr.obj
 0005:00000254       __guard_fids_??__Einitlocks@std@@YAXXZ 000000018003f254     libcpmt:iosptrs.obj
 0005:00000258       __guard_fids_??__Einit_atexit@@YAXXZ 000000018003f258     libcpmt:iosptrs.obj
 0005:0000025c       __guard_fids__             000000018003f25c     libcpmt:iosptrs.obj
 0005:00000260       __guard_fids__             000000018003f260     libcpmt:iosptrs.obj
 0005:00000264       __guard_fids__             000000018003f264     libcpmt:winapisupp.obj
 0005:00000268       __guard_fids__             000000018003f268     LIBCMT:thread_safe_statics.obj
 0005:0000026c       __guard_fids_?__scrt_initialize_thread_safe_statics@@YAHXZ 000000018003f26c     LIBCMT:thread_safe_statics.obj
 0005:00000270       __guard_fids_?dllmain_crt_process_attach@@YAHQEAUHINSTANCE__@@QEAX@Z 000000018003f270     LIBCMT:dll_dllmain.obj
 0005:00000278       __guard_fids_?dllmain_dispatch@@YAHQEAUHINSTANCE__@@KQEAX@Z 000000018003f278     LIBCMT:dll_dllmain.obj
 0005:0000027c       __guard_fids__             000000018003f27c     LIBCMT:std_type_info_static.obj
 0005:00000280       __guard_fids__             000000018003f280     LIBCMT:throw_bad_alloc.obj
 0005:00000288       __guard_fids__             000000018003f288     LIBCMT:guard_support.obj
 0005:0000028c       __guard_fids_??__Es_defaultWaiterPool@platform@details@Concurrency@@YAXXZ 000000018003f28c     libconcrt:Platform.obj
 0005:00000290       __guard_fids__             000000018003f290     libconcrt:Platform.obj
 0005:00000294       __guard_fids__             000000018003f294     libconcrt:utils.obj
 0005:00000298       __guard_fids__             000000018003f298     libconcrt:utils.obj
 0005:0000029c       __guard_fids__             000000018003f29c     libconcrt:staticinits.obj
 0005:000002a0       __guard_fids__             000000018003f2a0     libconcrt:staticinits.obj
 0005:000002a4       __guard_fids__             000000018003f2a4     libvcruntime:frame.obj
 0005:000002a8       __guard_fids__             000000018003f2a8     libvcruntime:frame.obj
 0005:000002b0       __guard_fids__UnwindNestedFrames 000000018003f2b0     libvcruntime:trnsctrl.obj
 0005:000002b4       __guard_fids___vcrt_initialize_ptd 000000018003f2b4     libvcruntime:per_thread_data.obj
 0005:000002b8       __guard_fids_??__E?m_badAllocExceptionPtr@__ExceptionPtr@@0V?$shared_ptr@V__ExceptionPtr@@@std@@A@@YAXXZ 000000018003f2b8     libcpmt:excptptr.obj
 0005:000002bc       __guard_fids__             000000018003f2bc     libcpmt:excptptr.obj
 0005:000002cc       __guard_fids__             000000018003f2cc     libcpmt:excptptr.obj
 0005:000002dc       __guard_fids__             000000018003f2dc     libcpmt:excptptr.obj
 0005:000002ec       __guard_fids__             000000018003f2ec     libcpmt:excptptr.obj
 0007:00000060       $R000000                   0000000180041060     * linker generated manifest res *

 Exports

  ordinal    name

        1    _register_rainfall_
