 file_upload

 Timestamp is 5890b3d0 (Tue Jan 31 12:57:04 2017)

 Preferred load address is 0000000180000000

 Start         Length     Name                   Class
 0001:00000000 000001b0H .text$di                CODE
 0001:000001b0 00020710H .text$mn                CODE
 0001:000208c0 00000020H .text$mn$00             CODE
 0001:000208e0 000005f0H .text$x                 CODE
 0001:00020ed0 000001e2H .text$yd                CODE
 0002:00000000 000002c0H .idata$5                DATA
 0002:000002c0 00000010H .00cfg                  DATA
 0002:000002d0 00000008H .CRT$XCA                DATA
 0002:000002d8 00000048H .CRT$XCC                DATA
 0002:00000320 00000010H .CRT$XCL                DATA
 0002:00000330 00000020H .CRT$XCU                DATA
 0002:00000350 00000008H .CRT$XCZ                DATA
 0002:00000358 00000008H .CRT$XIA                DATA
 0002:00000360 00000030H .CRT$XIC                DATA
 0002:00000390 00000008H .CRT$XIZ                DATA
 0002:00000398 00000008H .CRT$XLA                DATA
 0002:000003a0 00000008H .CRT$XLZ                DATA
 0002:000003a8 00000008H .CRT$XPA                DATA
 0002:000003b0 00000008H .CRT$XPB                DATA
 0002:000003b8 00000010H .CRT$XPX                DATA
 0002:000003c8 00000008H .CRT$XPXA               DATA
 0002:000003d0 00000008H .CRT$XPZ                DATA
 0002:000003d8 00000008H .CRT$XTA                DATA
 0002:000003e0 00000010H .CRT$XTZ                DATA
 0002:000003f0 0000f618H .rdata                  DATA
 0002:0000fa08 00000028H .rdata$T                DATA
 0002:0000fa30 000010bcH .rdata$r                DATA
 0002:00010aec 000004bcH .rdata$zzzdbg           DATA
 0002:00010fa8 00000008H .rtc$IAA                DATA
 0002:00010fb0 00000008H .rtc$IZZ                DATA
 0002:00010fb8 00000008H .rtc$TAA                DATA
 0002:00010fc0 00000010H .rtc$TZZ                DATA
 0002:00010fd0 00002180H .xdata                  DATA
 0002:00013150 000002a4H .xdata$x                DATA
 0002:000133f4 00000020H .didat$2                DATA
 0002:00013414 00000024H .didat$3                DATA
 0002:00013438 000000e8H .didat$4                DATA
 0002:00013520 00000668H .didat$6                DATA
 0002:00013b88 000000e8H .didat$7                DATA
 0002:00013c70 00000058H .edata                  DATA
 0002:00013cc8 00000014H .idata$2                DATA
 0002:00013cdc 00000014H .idata$3                DATA
 0002:00013cf0 000002c0H .idata$4                DATA
 0002:00013fb0 00000648H .idata$6                DATA
 0003:00000000 00000c60H .data                   DATA
 0003:00000c60 00000660H .data$r                 DATA
 0003:000012c0 000000f0H .didat$5                DATA
 0003:000013b0 00001f64H .bss                    DATA
 0004:00000000 00002100H .pdata                  DATA
 0005:00000000 000000b4H .gfids$x                DATA
 0005:000000b4 0000023cH .gfids$y                DATA
 0006:00000000 00000004H .tls                    DATA
 0006:00000004 00000004H .tls$                   DATA
 0006:00000008 00000001H .tls$ZZZ                DATA
 0007:00000000 00000060H .rsrc$01                DATA
 0007:00000060 00000180H .rsrc$02                DATA

  Address         Publics by Value              Rva+Base               Lib:Object

 0000:00000000       __guard_iat_count          0000000000000000     <absolute>
 0000:00000000       __dynamic_value_reloc_table 0000000000000000     <absolute>
 0000:00000000       __guard_iat_table          0000000000000000     <absolute>
 0000:00000000       __guard_longjmp_table      0000000000000000     <absolute>
 0000:00000000       __guard_longjmp_count      0000000000000000     <absolute>
 0000:00000000       __guard_fids_count         0000000000000000     <absolute>
 0000:00000000       ___safe_se_handler_table   0000000000000000     <absolute>
 0000:00000000       ___safe_se_handler_count   0000000000000000     <absolute>
 0000:00000000       __guard_fids_table         0000000000000000     <absolute>
 0000:00000100       __guard_flags              0000000000000100     <absolute>
 0000:00000000       __ImageBase                0000000180000000     <linker-defined>
 0001:000001b0       ?_Deallocate@std@@YAXPEAX_K1@Z 00000001800011b0 f i rainfall.obj
 0001:00000220       ?calc_rain_stats@@YA?AVrain_result@@AEAVlocation@@@Z 0000000180001220 f   rainfall.obj
 0001:000003d0       ??1?$basic_string@DU?$char_traits@D@std@@V?$allocator@D@2@@std@@QEAA@XZ 00000001800013d0 f i rainfall.obj
 0001:00000460       ??0?$basic_string@DU?$char_traits@D@std@@V?$allocator@D@2@@std@@QEAA@$$QEAV01@@Z 0000000180001460 f i rainfall.obj
 0001:00000500       ?_Assign_rv@?$basic_string@DU?$char_traits@D@std@@V?$allocator@D@2@@std@@QEAAX$$QEAV12@@Z 0000000180001500 f i rainfall.obj
 0001:00000580       ?_Xlen@?$basic_string@DU?$char_traits@D@std@@V?$allocator@D@2@@std@@QEBAXXZ 0000000180001580 f i rainfall.obj
 0001:000005a0       ?erase@?$basic_string@DU?$char_traits@D@std@@V?$allocator@D@2@@std@@QEAAAEAV12@_K0@Z 00000001800015a0 f i rainfall.obj
 0001:00000670       ?_Copy@?$basic_string@DU?$char_traits@D@std@@V?$allocator@D@2@@std@@QEAAX_K0@Z 0000000180001670 f i rainfall.obj
 0001:000007f0       ??$_Sort_unchecked1@PEAVsample@@_JU?$less@X@std@@@std@@YAXPEAVsample@@0_JAEAU?$less@X@0@@Z 00000001800017f0 f i rainfall.obj
 0001:00000960       ??$_Partition_by_median_guess_unchecked@PEAVsample@@U?$less@X@std@@@std@@YA?AU?$pair@PEAVsample@@PEAV1@@0@PEAVsample@@0AEAU?$less@X@0@@Z 0000000180001960 f i rainfall.obj
 0001:00000e20       ??$_Make_heap_unchecked@PEAVsample@@U?$less@X@std@@@std@@YAXPEAVsample@@0AEAU?$less@X@0@@Z 0000000180001e20 f i rainfall.obj
 0001:00000fb0       ??$_Sort_heap_unchecked@PEAVsample@@U?$less@X@std@@@std@@YAXPEAVsample@@0AEAU?$less@X@0@@Z 0000000180001fb0 f i rainfall.obj
 0001:00001180       ??$_Insertion_sort_unchecked@PEAVsample@@U?$less@X@std@@@std@@YAXPEAVsample@@0AEAU?$less@X@0@@Z 0000000180002180 f i rainfall.obj
 0001:00001510       ??4?$basic_string@DU?$char_traits@D@std@@V?$allocator@D@2@@std@@QEAAAEAV01@$$QEAV01@@Z 0000000180002510 f i rainfall.obj
 0001:000015c0       ??$_Guess_median_unchecked@PEAVsample@@U?$less@X@std@@@std@@YAXPEAVsample@@00AEAU?$less@X@0@@Z 00000001800025c0 f i rainfall.obj
 0001:000017d0       ??$_Pop_heap_hole_by_index@PEAVsample@@_JV1@U?$less@X@std@@@std@@YAXPEAVsample@@_J1$$QEAV1@AEAU?$less@X@0@@Z 00000001800027d0 f i rainfall.obj
 0001:000019b0       ??$swap@Vsample@@X@std@@YAXAEAVsample@@0@Z 00000001800029b0 f i rainfall.obj
 0001:00001a40       ??$_Push_heap_by_index@PEAVsample@@_JV1@U?$less@X@std@@@std@@YAXPEAVsample@@_J1$$QEAV1@AEAU?$less@X@0@@Z 0000000180002a40 f i rainfall.obj
 0001:00001be0       ??$_Move_backward_unchecked1@PEAVsample@@PEAV1@@std@@YAPEAVsample@@PEAV1@00U_General_ptr_iterator_tag@0@@Z 0000000180002be0 f i rainfall.obj
 0001:00001d40       ?what@exception@stdext@@UEBAPEBDXZ 0000000180002d40 f i rainfall_node.obj
 0001:00001d60       ?_Unlock@?$basic_streambuf@DU?$char_traits@D@std@@@std@@UEAAXXZ 0000000180002d60 f i libcpmt:cerr.obj
 0001:00001d60       ?_Doraise@exception@stdext@@MEBAXXZ 0000000180002d60 f i rainfall_node.obj
 0001:00001d60       _guard_check_icall_nop     0000000180002d60 f i LIBCMT:guard_support.obj
 0001:00001d60       __except_validate_context_record 0000000180002d60 f i libvcruntime:jbcxrval.obj
 0001:00001d60       ?imbue@?$basic_streambuf@DU?$char_traits@D@std@@@std@@MEAAXAEBVlocale@2@@Z 0000000180002d60 f i libcpmt:cerr.obj
 0001:00001d60       ?_Lock@?$basic_streambuf@DU?$char_traits@D@std@@@std@@UEAAXXZ 0000000180002d60 f i libcpmt:cerr.obj
 0001:00001d60       ??3@YAXPEAX0@Z             0000000180002d60 f i libcpmt:locale0.obj
 0001:00001d70       ??_Gruntime_error@std@@UEAAPEAXI@Z 0000000180002d70 f i rainfall_node.obj
 0001:00001d70       ??_Gexception@stdext@@UEAAPEAXI@Z 0000000180002d70 f i rainfall_node.obj
 0001:00001d70       ??_Eexception@stdext@@UEAAPEAXI@Z 0000000180002d70 f i * CIL library *:* CIL module *
 0001:00001d70       ??_Eruntime_error@std@@UEAAPEAXI@Z 0000000180002d70 f i * CIL library *:* CIL module *
 0001:00001da0       ?NODE_SET_METHOD@node@@YAXV?$Local@VObject@v8@@@v8@@PEBDP6AXAEBV?$FunctionCallbackInfo@VValue@v8@@@3@@Z@Z 0000000180002da0 f i rainfall_node.obj
 0001:00001e80       ??0_Locinfo@std@@QEAA@PEBD@Z 0000000180002e80 f i rainfall_node.obj
 0001:00001f40       ??1_Locinfo@std@@QEAA@XZ   0000000180002f40 f i rainfall_node.obj
 0001:00001fe0       ??_G_Facet_base@std@@UEAAPEAXI@Z 0000000180002fe0 f i rainfall_node.obj
 0001:00001fe0       ??_E_Facet_base@std@@UEAAPEAXI@Z 0000000180002fe0 f i * CIL library *:* CIL module *
 0001:00002010       ?_Incref@facet@locale@std@@UEAAXXZ 0000000180003010 f i rainfall_node.obj
 0001:00002020       ?_Decref@facet@locale@std@@UEAAPEAV_Facet_base@3@XZ 0000000180003020 f i rainfall_node.obj
 0001:00002030       ?_Getcat@?$ctype@D@std@@SA_KPEAPEBVfacet@locale@2@PEBV42@@Z 0000000180003030 f i rainfall_node.obj
 0001:000020f0       ?do_tolower@?$ctype@D@std@@MEBADD@Z 00000001800030f0 f i rainfall_node.obj
 0001:00002100       ?do_tolower@?$ctype@D@std@@MEBAPEBDPEADPEBD@Z 0000000180003100 f i rainfall_node.obj
 0001:00002160       ?do_toupper@?$ctype@D@std@@MEBADD@Z 0000000180003160 f i rainfall_node.obj
 0001:00002170       ?do_toupper@?$ctype@D@std@@MEBAPEBDPEADPEBD@Z 0000000180003170 f i rainfall_node.obj
 0001:000021d0       ?do_narrow@?$ctype@D@std@@MEBADDD@Z 00000001800031d0 f i rainfall_node.obj
 0001:000021d0       ?do_widen@?$ctype@D@std@@MEBADD@Z 00000001800031d0 f i rainfall_node.obj
 0001:000021e0       ?do_widen@?$ctype@D@std@@MEBAPEBDPEBD0PEAD@Z 00000001800031e0 f i rainfall_node.obj
 0001:00002200       ?do_narrow@?$ctype@D@std@@MEBAPEBDPEBD0DPEAD@Z 0000000180003200 f i rainfall_node.obj
 0001:00002220       ??_G?$ctype@D@std@@MEAAPEAXI@Z 0000000180003220 f i rainfall_node.obj
 0001:00002220       ??_E?$ctype@D@std@@MEAAPEAXI@Z 0000000180003220 f i * CIL library *:* CIL module *
 0001:00002290       ??_E_Iostream_error_category@std@@UEAAPEAXI@Z 0000000180003290 f i * CIL library *:* CIL module *
 0001:00002290       ??_G_Iostream_error_category@std@@UEAAPEAXI@Z 0000000180003290 f i rainfall_node.obj
 0001:00002290       ??_Gerror_category@std@@UEAAPEAXI@Z 0000000180003290 f i rainfall_node.obj
 0001:00002290       ??_Eerror_category@std@@UEAAPEAXI@Z 0000000180003290 f i * CIL library *:* CIL module *
 0001:000022c0       ?default_error_condition@error_category@std@@UEBA?AVerror_condition@2@H@Z 00000001800032c0 f i rainfall_node.obj
 0001:000022d0       ?equivalent@error_category@std@@UEBA_NHAEBVerror_condition@2@@Z 00000001800032d0 f i rainfall_node.obj
 0001:00002310       ?equivalent@error_category@std@@UEBA_NAEBVerror_code@2@H@Z 0000000180003310 f i rainfall_node.obj
 0001:00002330       ??0_System_error@std@@IEAA@Verror_code@1@AEBV?$basic_string@DU?$char_traits@D@std@@V?$allocator@D@2@@1@@Z 0000000180003330 f i rainfall_node.obj
 0001:00002550       ??_Gfailure@ios_base@std@@UEAAPEAXI@Z 0000000180003550 f i rainfall_node.obj
 0001:00002550       ??_Efailure@ios_base@std@@UEAAPEAXI@Z 0000000180003550 f i * CIL library *:* CIL module *
 0001:00002550       ??_G_System_error@std@@UEAAPEAXI@Z 0000000180003550 f i rainfall_node.obj
 0001:00002550       ??_E_System_error@std@@UEAAPEAXI@Z 0000000180003550 f i * CIL library *:* CIL module *
 0001:00002580       ?name@_Iostream_error_category@std@@UEBAPEBDXZ 0000000180003580 f i rainfall_node.obj
 0001:00002590       ?message@_Iostream_error_category@std@@UEBA?AV?$basic_string@DU?$char_traits@D@std@@V?$allocator@D@2@@2@H@Z 0000000180003590 f i rainfall_node.obj
 0001:00002610       ?clear@ios_base@std@@QEAAXH_N@Z 0000000180003610 f i rainfall_node.obj
 0001:00002cc0       ?CalculateResultsAsync@@YAXAEBV?$FunctionCallbackInfo@VValue@v8@@@v8@@@Z 0000000180003cc0 f   rainfall_node.obj
 0001:00002e60       ?CalculateResultsSync@@YAXAEBV?$FunctionCallbackInfo@VValue@v8@@@v8@@@Z 0000000180003e60 f   rainfall_node.obj
 0001:00003220       ?CalculateResults@@YAXAEBV?$FunctionCallbackInfo@VValue@v8@@@v8@@@Z 0000000180004220 f   rainfall_node.obj
 0001:00003510       ?pack_rain_result@@YAXPEAVIsolate@v8@@AEAV?$Local@VObject@v8@@@2@AEAVrain_result@@@Z 0000000180004510 f   rainfall_node.obj
 0001:00003650       ?RainfallData@@YAXAEBV?$FunctionCallbackInfo@VValue@v8@@@v8@@@Z 0000000180004650 f   rainfall_node.obj
 0001:00003710       ?unpack_sample@@YA?AVsample@@PEAVIsolate@v8@@V?$Local@VObject@v8@@@3@@Z 0000000180004710 f   rainfall_node.obj
 0001:00003940       ?unpack_location@@YA?AVlocation@@PEAVIsolate@v8@@V?$Local@VObject@v8@@@3@@Z 0000000180004940 f   rainfall_node.obj
 0001:00003c00       ?AvgRainfall@@YAXAEBV?$FunctionCallbackInfo@VValue@v8@@@v8@@@Z 0000000180004c00 f   rainfall_node.obj
 0001:00003ce0       ?init@@YAXV?$Local@VObject@v8@@@v8@@0@Z 0000000180004ce0 f   rainfall_node.obj
 0001:00003d80       ?resize@?$vector@Vrain_result@@V?$allocator@Vrain_result@@@std@@@std@@QEAAX_K@Z 0000000180004d80 f i rainfall_node.obj
 0001:00003e80       ?push_back@?$vector@Vlocation@@V?$allocator@Vlocation@@@std@@@std@@QEAAX$$QEAVlocation@@@Z 0000000180004e80 f i rainfall_node.obj
 0001:00003fb0       ?_Tidy@?$vector@Vlocation@@V?$allocator@Vlocation@@@std@@@std@@IEAAXXZ 0000000180004fb0 f i rainfall_node.obj
 0001:000040a0       ?_Reserve@?$vector@Vlocation@@V?$allocator@Vlocation@@@std@@@std@@IEAAX_K@Z 00000001800050a0 f i rainfall_node.obj
 0001:00004170       ?_Tidy@?$vector@Vsample@@V?$allocator@Vsample@@@std@@@std@@IEAAXXZ 0000000180005170 f i rainfall_node.obj
 0001:00004230       ?_Reserve@?$vector@Vsample@@V?$allocator@Vsample@@@std@@@std@@IEAAX_K@Z 0000000180005230 f i rainfall_node.obj
 0001:00004300       ?assign@?$basic_string@DU?$char_traits@D@std@@V?$allocator@D@2@@std@@QEAAAEAV12@PEBD_K@Z 0000000180005300 f i rainfall_node.obj
 0001:00004430       ?assign@?$basic_string@DU?$char_traits@D@std@@V?$allocator@D@2@@std@@QEAAAEAV12@AEBV12@_K1@Z 0000000180005430 f i rainfall_node.obj
 0001:00004560       ?append@?$basic_string@DU?$char_traits@D@std@@V?$allocator@D@2@@std@@QEAAAEAV12@PEBD_K@Z 0000000180005560 f i rainfall_node.obj
 0001:000046b0       ?append@?$basic_string@DU?$char_traits@D@std@@V?$allocator@D@2@@std@@QEAAAEAV12@AEBV12@_K1@Z 00000001800056b0 f i rainfall_node.obj
 0001:000047e0       ?_Reallocate@?$vector@Vrain_result@@V?$allocator@Vrain_result@@@std@@@std@@IEAAX_K@Z 00000001800057e0 f i rainfall_node.obj
 0001:00004920       ?_Reallocate@?$vector@Vlocation@@V?$allocator@Vlocation@@@std@@@std@@IEAAX_K@Z 0000000180005920 f i rainfall_node.obj
 0001:00004b10       ?_Reallocate@?$vector@Vsample@@V?$allocator@Vsample@@@std@@@std@@IEAAX_K@Z 0000000180005b10 f i rainfall_node.obj
 0001:00004cc0       ??$use_facet@V?$ctype@D@std@@@std@@YAAEBV?$ctype@D@0@AEBVlocale@0@@Z 0000000180005cc0 f i rainfall_node.obj
 0001:00004dd0       ??$_Immortalize@V_Iostream_error_category@std@@@std@@YAAEAV_Iostream_error_category@0@XZ 0000000180005dd0 f i rainfall_node.obj
 0001:00004e50       ??$?6U?$char_traits@D@std@@@std@@YAAEAV?$basic_ostream@DU?$char_traits@D@std@@@0@AEAV10@PEBD@Z 0000000180005e50 f i rainfall_node.obj
 0001:000050b0       ??0sentry@?$basic_ostream@DU?$char_traits@D@std@@@std@@QEAA@AEAV12@@Z 00000001800060b0 f i rainfall_node.obj
 0001:00005120       ?flush@?$basic_ostream@DU?$char_traits@D@std@@@std@@QEAAAEAV12@XZ 0000000180006120 f i rainfall_node.obj
 0001:00005210       ?put@?$basic_ostream@DU?$char_traits@D@std@@@std@@QEAAAEAV12@D@Z 0000000180006210 f i rainfall_node.obj
 0001:00005360       ?widen@?$basic_ios@DU?$char_traits@D@std@@@std@@QEBADD@Z 0000000180006360 f i rainfall_node.obj
 0001:000053d0       ??$_Destroy_range1@V?$allocator@Vsample@@@std@@PEAVsample@@@std@@YAXPEAVsample@@0AEAU?$_Wrap_alloc@V?$allocator@Vsample@@@std@@@0@U?$integral_constant@_N$0A@@0@@Z 00000001800063d0 f i rainfall_node.obj
 0001:000054dc       __imp_load_uv_queue_work   00000001800064dc f   node:node.exe
 0001:000054e8       __tailMerge_node_exe       00000001800064e8 f i node:node.exe
 0001:00005561       __imp_load_?Global@Context@v8@@QEAA?AV?$Local@VObject@v8@@@2@XZ 0000000180006561 f   node:node.exe
 0001:0000556d       __imp_load_?New@Integer@v8@@SA?AV?$Local@VInteger@v8@@@2@PEAVIsolate@2@H@Z 000000018000656d f   node:node.exe
 0001:00005579       __imp_load_?GetCurrentContext@Isolate@v8@@QEAA?AV?$Local@VContext@v8@@@2@XZ 0000000180006579 f   node:node.exe
 0001:00005585       __imp_load_?GetCurrent@Isolate@v8@@SAPEAV12@XZ 0000000180006585 f   node:node.exe
 0001:00005591       __imp_load_?CreateHandle@HandleScope@v8@@KAPEAPEAVObject@internal@2@PEAVIsolate@42@PEAV342@@Z 0000000180006591 f   node:node.exe
 0001:0000559d       __imp_load_??1HandleScope@v8@@QEAA@XZ 000000018000659d f   node:node.exe
 0001:000055a9       __imp_load_??0HandleScope@v8@@QEAA@PEAVIsolate@1@@Z 00000001800065a9 f   node:node.exe
 0001:000055b5       __imp_load_?New@Array@v8@@SA?AV?$Local@VArray@v8@@@2@PEAVIsolate@2@H@Z 00000001800065b5 f   node:node.exe
 0001:000055c1       __imp_load_?Length@Array@v8@@QEBAIXZ 00000001800065c1 f   node:node.exe
 0001:000055cd       __imp_load_?GetFunction@FunctionTemplate@v8@@QEAA?AV?$Local@VFunction@v8@@@2@XZ 00000001800065cd f   node:node.exe
 0001:000055d9       __imp_load_?New@FunctionTemplate@v8@@SA?AV?$Local@VFunctionTemplate@v8@@@2@PEAVIsolate@2@P6AXAEBV?$FunctionCallbackInfo@VValue@v8@@@2@@ZV?$Local@VValue@v8@@@2@V?$Local@VSignature@v8@@@2@HW4ConstructorBehavior@2@@Z 00000001800065d9 f   node:node.exe
 0001:000055e5       __imp_load_?DisposeGlobal@V8@v8@@CAXPEAPEAVObject@internal@2@@Z 00000001800065e5 f   node:node.exe
 0001:000055f1       __imp_load_?GlobalizeReference@V8@v8@@CAPEAPEAVObject@internal@2@PEAVIsolate@42@PEAPEAV342@@Z 00000001800065f1 f   node:node.exe
 0001:000055fd       __imp_load_?NumberValue@Value@v8@@QEBANXZ 00000001800065fd f   node:node.exe
 0001:00005609       __imp_load_??1Utf8Value@String@v8@@QEAA@XZ 0000000180006609 f   node:node.exe
 0001:00005615       __imp_load_??0Utf8Value@String@v8@@QEAA@V?$Local@VValue@v8@@@2@@Z 0000000180006615 f   node:node.exe
 0001:00005621       __imp_load_?NewFromUtf8@String@v8@@SA?AV?$Local@VString@v8@@@2@PEAVIsolate@2@PEBDW4NewStringType@12@H@Z 0000000180006621 f   node:node.exe
 0001:0000562d       __imp_load_?New@Number@v8@@SA?AV?$Local@VNumber@v8@@@2@PEAVIsolate@2@N@Z 000000018000662d f   node:node.exe
 0001:00005639       __imp_load_?New@Object@v8@@SA?AV?$Local@VObject@v8@@@2@PEAVIsolate@2@@Z 0000000180006639 f   node:node.exe
 0001:00005645       __imp_load_?Get@Object@v8@@QEAA?AV?$Local@VValue@v8@@@2@V32@@Z 0000000180006645 f   node:node.exe
 0001:00005651       __imp_load_?Get@Object@v8@@QEAA?AV?$Local@VValue@v8@@@2@I@Z 0000000180006651 f   node:node.exe
 0001:0000565d       __imp_load_?Set@Object@v8@@QEAA_NV?$Local@VValue@v8@@@2@0@Z 000000018000665d f   node:node.exe
 0001:00005669       __imp_load_?Set@Object@v8@@QEAA_NIV?$Local@VValue@v8@@@2@@Z 0000000180006669 f   node:node.exe
 0001:00005675       __imp_load_?SetName@Function@v8@@QEAAXV?$Local@VString@v8@@@2@@Z 0000000180006675 f   node:node.exe
 0001:00005681       __imp_load_?Call@Function@v8@@QEAA?AV?$Local@VValue@v8@@@2@V32@HQEAV32@@Z 0000000180006681 f   node:node.exe
 0001:0000568d       __imp_load_node_module_register 000000018000668d f   node:node.exe
 0001:00005699       __imp_load_uv_default_loop 0000000180006699 f   node:node.exe
 0001:000056a8       ??0bad_alloc@std@@QEAA@AEBV01@@Z 00000001800066a8 f i libcpmt:xthrow.obj
 0001:000056e8       ??0bad_alloc@std@@QEAA@XZ  00000001800066e8 f i libcpmt:xthrow.obj
 0001:00005708       ??0exception@std@@QEAA@AEBV01@@Z 0000000180006708 f i libcpmt:xthrow.obj
 0001:00005740       ??0length_error@std@@QEAA@AEBV01@@Z 0000000180006740 f i libcpmt:xthrow.obj
 0001:00005780       ??0length_error@std@@QEAA@PEBD@Z 0000000180006780 f i libcpmt:xthrow.obj
 0001:000057cc       ??0logic_error@std@@QEAA@AEBV01@@Z 00000001800067cc f i libcpmt:xthrow.obj
 0001:0000580c       ??0out_of_range@std@@QEAA@AEBV01@@Z 000000018000680c f i libcpmt:xthrow.obj
 0001:0000584c       ??0out_of_range@std@@QEAA@PEBD@Z 000000018000684c f i libcpmt:xthrow.obj
 0001:00005898       ??_Eout_of_range@std@@UEAAPEAXI@Z 0000000180006898 f i libcpmt:xthrow.obj
 0001:00005898       ??_Gexception@std@@UEAAPEAXI@Z 0000000180006898 f i libcpmt:xthrow.obj
 0001:00005898       ??_Ebad_exception@std@@UEAAPEAXI@Z 0000000180006898 f i libvcruntime:frame.obj
 0001:00005898       ??_Gbad_cast@std@@UEAAPEAXI@Z 0000000180006898 f i libcpmt:cerr.obj
 0001:00005898       ??_Ebad_array_new_length@std@@UEAAPEAXI@Z 0000000180006898 f i LIBCMT:throw_bad_alloc.obj
 0001:00005898       ??_Gbad_array_new_length@std@@UEAAPEAXI@Z 0000000180006898 f i LIBCMT:throw_bad_alloc.obj
 0001:00005898       ??_Eexception@std@@UEAAPEAXI@Z 0000000180006898 f i libcpmt:xthrow.obj
 0001:00005898       ??_Glogic_error@std@@UEAAPEAXI@Z 0000000180006898 f i libcpmt:xthrow.obj
 0001:00005898       ??_Ebad_alloc@std@@UEAAPEAXI@Z 0000000180006898 f i libcpmt:xthrow.obj
 0001:00005898       ??_Ebad_cast@std@@UEAAPEAXI@Z 0000000180006898 f i libcpmt:cerr.obj
 0001:00005898       ??_Glength_error@std@@UEAAPEAXI@Z 0000000180006898 f i libcpmt:xthrow.obj
 0001:00005898       ??_Gout_of_range@std@@UEAAPEAXI@Z 0000000180006898 f i libcpmt:xthrow.obj
 0001:00005898       ??_Gbad_exception@std@@UEAAPEAXI@Z 0000000180006898 f i libvcruntime:frame.obj
 0001:00005898       ??_Elogic_error@std@@UEAAPEAXI@Z 0000000180006898 f i libcpmt:xthrow.obj
 0001:00005898       ??_Gbad_alloc@std@@UEAAPEAXI@Z 0000000180006898 f i libcpmt:xthrow.obj
 0001:00005898       ??_Elength_error@std@@UEAAPEAXI@Z 0000000180006898 f i libcpmt:xthrow.obj
 0001:000058dc       ?_Xbad_alloc@std@@YAXXZ    00000001800068dc f   libcpmt:xthrow.obj
 0001:000058dc       ?__scrt_throw_std_bad_alloc@@YAXXZ 00000001800068dc f   LIBCMT:throw_bad_alloc.obj
 0001:000058fc       ?_Xlength_error@std@@YAXPEBD@Z 00000001800068fc f   libcpmt:xthrow.obj
 0001:00005920       ?_Xout_of_range@std@@YAXPEBD@Z 0000000180006920 f   libcpmt:xthrow.obj
 0001:00005944       ?what@exception@std@@UEBAPEBDXZ 0000000180006944 f i libcpmt:xthrow.obj
 0001:00005958       ??0_Init_locks@std@@QEAA@XZ 0000000180006958 f   libcpmt:xlock.obj
 0001:000059a4       ??0_Lockit@std@@QEAA@H@Z   00000001800069a4 f   libcpmt:xlock.obj
 0001:000059e0       ??1_Init_locks@std@@QEAA@XZ 00000001800069e0 f   libcpmt:xlock.obj
 0001:00005a24       ??1_Lockit@std@@QEAA@XZ    0000000180006a24 f   libcpmt:xlock.obj
 0001:00005a58       ??4?$_Yarn@D@std@@QEAAAEAV01@PEBD@Z 0000000180006a58 f i libcpmt:locale0.obj
 0001:00005ad0       ??_G_Fac_node@std@@QEAAPEAXI@Z 0000000180006ad0 f i libcpmt:locale0.obj
 0001:00005b5c       ??_G_Locimp@locale@std@@MEAAPEAXI@Z 0000000180006b5c f i libcpmt:locale0.obj
 0001:00005b5c       ??_E_Locimp@locale@std@@MEAAPEAXI@Z 0000000180006b5c f i libcpmt:locale0.obj
 0001:00005bc8       ?_Facet_Register@std@@YAXPEAV_Facet_base@1@@Z 0000000180006bc8 f   libcpmt:locale0.obj
 0001:00005c00       ?_Getgloballocale@locale@std@@CAPEAV_Locimp@12@XZ 0000000180006c00 f   libcpmt:locale0.obj
 0001:00005c08       ?_Init@locale@std@@CAPEAV_Locimp@12@_N@Z 0000000180006c08 f   libcpmt:locale0.obj
 0001:00005cc4       ?_Locimp_dtor@_Locimp@locale@std@@CAXPEAV123@@Z 0000000180006cc4 f   libcpmt:locale0.obj
 0001:00005d6c       ?_Locinfo_ctor@_Locinfo@std@@SAXPEAV12@PEBD@Z 0000000180006d6c f   libcpmt:locale0.obj
 0001:00005dd8       ?_Locinfo_dtor@_Locinfo@std@@SAXPEAV12@@Z 0000000180006dd8 f   libcpmt:locale0.obj
 0001:00005dfc       ?_New_Locimp@_Locimp@locale@std@@CAPEAV123@_N@Z 0000000180006dfc f   libcpmt:locale0.obj
 0001:00005e6c       ?_Setgloballocale@locale@std@@CAXPEAX@Z 0000000180006e6c f   libcpmt:locale0.obj
 0001:00005ea0       _Deletegloballocale        0000000180006ea0 f   libcpmt:locale0.obj
 0001:00005f28       ??$use_facet@V?$codecvt@DDU_Mbstatet@@@std@@@std@@YAAEBV?$codecvt@DDU_Mbstatet@@@0@AEBVlocale@0@@Z 0000000180006f28 f i libcpmt:cerr.obj
 0001:00006060       ??0?$basic_ostream@DU?$char_traits@D@std@@@std@@QEAA@PEAV?$basic_streambuf@DU?$char_traits@D@std@@@1@_N@Z 0000000180007060 f i libcpmt:cerr.obj
 0001:00006128       ??0?$basic_streambuf@DU?$char_traits@D@std@@@std@@IEAA@XZ 0000000180007128 f i libcpmt:cerr.obj
 0001:000061d8       ??0bad_cast@std@@QEAA@AEBV01@@Z 00000001800071d8 f i libcpmt:cerr.obj
 0001:00006218       ??0bad_cast@std@@QEAA@XZ   0000000180007218 f i libcpmt:cerr.obj
 0001:00006238       ??1?$basic_filebuf@DU?$char_traits@D@std@@@std@@UEAA@XZ 0000000180007238 f i libcpmt:cerr.obj
 0001:000062e4       ??1?$basic_ios@DU?$char_traits@D@std@@@std@@UEAA@XZ 00000001800072e4 f i libcpmt:cerr.obj
 0001:00006308       ??1length_error@std@@UEAA@XZ 0000000180007308 f i libcpmt:xthrow.obj
 0001:00006308       ??1bad_alloc@std@@UEAA@XZ  0000000180007308 f i libcpmt:xthrow.obj
 0001:00006308       ??1bad_cast@std@@UEAA@XZ   0000000180007308 f i libcpmt:cerr.obj
 0001:00006308       ??1out_of_range@std@@UEAA@XZ 0000000180007308 f i libcpmt:xthrow.obj
 0001:00006308       ??1bad_array_new_length@std@@UEAA@XZ 0000000180007308 f i LIBCMT:throw_bad_alloc.obj
 0001:00006308       ??1bad_exception@std@@UEAA@XZ 0000000180007308 f i libvcruntime:frame.obj
 0001:0000631c       ??_E?$basic_ostream@DU?$char_traits@D@std@@@std@@$4PPPPPPPM@A@EAAPEAXI@Z 000000018000731c f i libcpmt:cerr.obj
 0001:00006328       ??_G?$basic_filebuf@DU?$char_traits@D@std@@@std@@UEAAPEAXI@Z 0000000180007328 f i libcpmt:cerr.obj
 0001:00006328       ??_E?$basic_filebuf@DU?$char_traits@D@std@@@std@@UEAAPEAXI@Z 0000000180007328 f i libcpmt:cerr.obj
 0001:0000635c       ??_E?$basic_ios@DU?$char_traits@D@std@@@std@@UEAAPEAXI@Z 000000018000735c f i libcpmt:cerr.obj
 0001:0000635c       ??_G?$basic_ios@DU?$char_traits@D@std@@@std@@UEAAPEAXI@Z 000000018000735c f i libcpmt:cerr.obj
 0001:000063a8       ??_G?$basic_ostream@DU?$char_traits@D@std@@@std@@UEAAPEAXI@Z 00000001800073a8 f i libcpmt:cerr.obj
 0001:000063a8       ??_E?$basic_ostream@DU?$char_traits@D@std@@@std@@UEAAPEAXI@Z 00000001800073a8 f i libcpmt:cerr.obj
 0001:00006418       ??_E?$basic_streambuf@DU?$char_traits@D@std@@@std@@UEAAPEAXI@Z 0000000180007418 f i libcpmt:cerr.obj
 0001:00006418       ??_G?$basic_streambuf@DU?$char_traits@D@std@@@std@@UEAAPEAXI@Z 0000000180007418 f i libcpmt:cerr.obj
 0001:00006468       ??_E?$codecvt@DDU_Mbstatet@@@std@@MEAAPEAXI@Z 0000000180007468 f i libcpmt:cerr.obj
 0001:00006468       ??_G?$codecvt@DDU_Mbstatet@@@std@@MEAAPEAXI@Z 0000000180007468 f i libcpmt:cerr.obj
 0001:00006494       ??_Gios_base@std@@UEAAPEAXI@Z 0000000180007494 f i libcpmt:cerr.obj
 0001:00006494       ??_Eios_base@std@@UEAAPEAXI@Z 0000000180007494 f i libcpmt:cerr.obj
 0001:000064e0       ??_Glocale@std@@QEAAPEAXI@Z 00000001800074e0 f i libcpmt:cerr.obj
 0001:00006570       ?_Endwrite@?$basic_filebuf@DU?$char_traits@D@std@@@std@@IEAA_NXZ 0000000180007570 f i libcpmt:cerr.obj
 0001:00006724       ?_Getcat@?$codecvt@DDU_Mbstatet@@@std@@SA_KPEAPEBVfacet@locale@2@PEBV42@@Z 0000000180007724 f i libcpmt:cerr.obj
 0001:000067e8       ?_Init@?$basic_filebuf@DU?$char_traits@D@std@@@std@@IEAAXPEAU_iobuf@@W4_Initfl@12@@Z 00000001800077e8 f i libcpmt:cerr.obj
 0001:000068d4       ?_Init@ios_base@std@@IEAAXXZ 00000001800078d4 f i libcpmt:cerr.obj
 0001:00006954       ?_Initcvt@?$basic_filebuf@DU?$char_traits@D@std@@@std@@IEAAXPEBV?$codecvt@DDU_Mbstatet@@@2@@Z 0000000180007954 f i libcpmt:cerr.obj
 0001:000069f4       ?_Lock@?$basic_filebuf@DU?$char_traits@D@std@@@std@@UEAAXXZ 00000001800079f4 f i libcpmt:cerr.obj
 0001:00006a10       ?_Unlock@?$basic_filebuf@DU?$char_traits@D@std@@@std@@UEAAXXZ 0000000180007a10 f i libcpmt:cerr.obj
 0001:00006a2c       ?append@?$basic_string@DU?$char_traits@D@std@@V?$allocator@D@2@@std@@QEAAAEAV12@_KD@Z 0000000180007a2c f i libcpmt:cerr.obj
 0001:00006b1c       ?do_out@?$codecvt@DDU_Mbstatet@@@std@@MEBAHAEAU_Mbstatet@@PEBD1AEAPEBDPEAD3AEAPEAD@Z 0000000180007b1c f i libcpmt:cerr.obj
 0001:00006b1c       ?do_in@?$codecvt@DDU_Mbstatet@@@std@@MEBAHAEAU_Mbstatet@@PEBD1AEAPEBDPEAD3AEAPEAD@Z 0000000180007b1c f i libcpmt:cerr.obj
 0001:00006b38       ?do_length@?$codecvt@DDU_Mbstatet@@@std@@MEBAHAEAU_Mbstatet@@PEBD1_K@Z 0000000180007b38 f i libcpmt:cerr.obj
 0001:00006b4c       ?do_unshift@?$codecvt@DDU_Mbstatet@@@std@@MEBAHAEAU_Mbstatet@@PEAD1AEAPEAD@Z 0000000180007b4c f i libcpmt:cerr.obj
 0001:00006b58       ?imbue@?$basic_filebuf@DU?$char_traits@D@std@@@std@@MEAAXAEBVlocale@2@@Z 0000000180007b58 f i libcpmt:cerr.obj
 0001:00006b7c       ?overflow@?$basic_filebuf@DU?$char_traits@D@std@@@std@@MEAAHH@Z 0000000180007b7c f i libcpmt:cerr.obj
 0001:00006ddc       ?pbackfail@?$basic_filebuf@DU?$char_traits@D@std@@@std@@MEAAHH@Z 0000000180007ddc f i libcpmt:cerr.obj
 0001:00006eac       ?seekoff@?$basic_filebuf@DU?$char_traits@D@std@@@std@@MEAA?AV?$fpos@U_Mbstatet@@@2@_JHH@Z 0000000180007eac f i libcpmt:cerr.obj
 0001:00006f98       ?seekpos@?$basic_filebuf@DU?$char_traits@D@std@@@std@@MEAA?AV?$fpos@U_Mbstatet@@@2@V32@H@Z 0000000180007f98 f i libcpmt:cerr.obj
 0001:00007098       ?seekpos@?$basic_streambuf@DU?$char_traits@D@std@@@std@@MEAA?AV?$fpos@U_Mbstatet@@@2@V32@H@Z 0000000180008098 f i libcpmt:cerr.obj
 0001:00007098       ?seekoff@?$basic_streambuf@DU?$char_traits@D@std@@@std@@MEAA?AV?$fpos@U_Mbstatet@@@2@_JHH@Z 0000000180008098 f i libcpmt:cerr.obj
 0001:000070b4       ?setbuf@?$basic_filebuf@DU?$char_traits@D@std@@@std@@MEAAPEAV?$basic_streambuf@DU?$char_traits@D@std@@@2@PEAD_J@Z 00000001800080b4 f i libcpmt:cerr.obj
 0001:00007108       ?setbuf@?$basic_streambuf@DU?$char_traits@D@std@@@std@@MEAAPEAV12@PEAD_J@Z 0000000180008108 f i libcpmt:cerr.obj
 0001:0000710c       ?_Get_deleter@_Ref_count_base@std@@UEBAPEAXAEBVtype_info@@@Z 000000018000810c f i libcpmt:excptptr.obj
 0001:0000710c       ?sync@?$basic_streambuf@DU?$char_traits@D@std@@@std@@MEAAHXZ 000000018000810c f i libcpmt:cerr.obj
 0001:0000710c       ?showmanyc@?$basic_streambuf@DU?$char_traits@D@std@@@std@@MEAA_JXZ 000000018000810c f i libcpmt:cerr.obj
 0001:00007110       ?sync@?$basic_filebuf@DU?$char_traits@D@std@@@std@@MEAAHXZ 0000000180008110 f i libcpmt:cerr.obj
 0001:00007170       ?uflow@?$basic_filebuf@DU?$char_traits@D@std@@@std@@MEAAHXZ 0000000180008170 f i libcpmt:cerr.obj
 0001:00007408       ?uflow@?$basic_streambuf@DU?$char_traits@D@std@@@std@@MEAAHXZ 0000000180008408 f i libcpmt:cerr.obj
 0001:00007454       ?underflow@?$basic_filebuf@DU?$char_traits@D@std@@@std@@MEAAHXZ 0000000180008454 f i libcpmt:cerr.obj
 0001:000074cc       ?overflow@?$basic_streambuf@DU?$char_traits@D@std@@@std@@MEAAHH@Z 00000001800084cc f i libcpmt:cerr.obj
 0001:000074cc       ?underflow@?$basic_streambuf@DU?$char_traits@D@std@@@std@@MEAAHXZ 00000001800084cc f i libcpmt:cerr.obj
 0001:000074cc       ?pbackfail@?$basic_streambuf@DU?$char_traits@D@std@@@std@@MEAAHH@Z 00000001800084cc f i libcpmt:cerr.obj
 0001:000074d0       ?xsgetn@?$basic_streambuf@DU?$char_traits@D@std@@@std@@MEAA_JPEAD_J@Z 00000001800084d0 f i libcpmt:cerr.obj
 0001:00007590       ?xsputn@?$basic_streambuf@DU?$char_traits@D@std@@@std@@MEAA_JPEBD_J@Z 0000000180008590 f i libcpmt:cerr.obj
 0001:00007654       ?_Syserror_map@std@@YAPEBDH@Z 0000000180008654 f   libcpmt:syserror.obj
 0001:0000767c       _Getctype                  000000018000867c f   libcpmt:_tolower.obj
 0001:0000773c       _Tolower                   000000018000873c f   libcpmt:_tolower.obj
 0001:00007864       _Thrd_sleep                0000000180008864 f   libcpmt:cthread.obj
 0001:000078d8       _Toupper                   00000001800088d8 f   libcpmt:_toupper.obj
 0001:00007a10       _Xtime_diff_to_millis2     0000000180008a10 f   libcpmt:xtime.obj
 0001:00007adc       _Xtime_get_ticks           0000000180008adc f   libcpmt:xtime.obj
 0001:00007b0c       xtime_get                  0000000180008b0c f   libcpmt:xtime.obj
 0001:00007b64       ??1_NonReentrantBlockingLock@details@Concurrency@@QEAA@XZ 0000000180008b64 f   libconcrt:rtlocks.obj
 0001:00007b64       _Mtxdst                    0000000180008b64 f   libcpmt:xmtx.obj
 0001:00007b6c       _Mtxinit                   0000000180008b6c f   libcpmt:xmtx.obj
 0001:00007b7c       _Mtxlock                   0000000180008b7c f   libcpmt:xmtx.obj
 0001:00007b84       _Mtxunlock                 0000000180008b84 f   libcpmt:xmtx.obj
 0001:00007b8c       ?_Atexit@@YAXP6AXXZ@Z      0000000180008b8c f   libcpmt:iosptrs.obj
 0001:00007bcc       __local_stdio_printf_options 0000000180008bcc f i libcpmt:locale.obj
 0001:00007bd4       ?_Addstd@ios_base@std@@SAXPEAV12@@Z 0000000180008bd4 f   libcpmt:ios.obj
 0001:00007c44       ?_Ios_base_dtor@ios_base@std@@CAXPEAV12@@Z 0000000180008c44 f   libcpmt:ios.obj
 0001:00007c88       ?_Tidy@ios_base@std@@AEAAXXZ 0000000180008c88 f i libcpmt:ios.obj
 0001:00007d18       __crtLCMapStringA          0000000180008d18 f   libcpmt:StlLCMapStringA.obj
 0001:000084d4       __crtGetSystemTimePreciseAsFileTime 00000001800094d4 f   libcpmt:winapisupp.obj
 0001:00008514       __crtInitializeCriticalSectionEx 0000000180009514 f   libcpmt:winapisupp.obj
 0001:00008574       GetTableIndexFromLocaleName 0000000180009574 f   libcpmt:winapinls.obj
 0001:00008600       __crtDownlevelLocaleNameToLCID 0000000180009600 f   libcpmt:winapinls.obj
 0001:00008634       __crtLCMapStringEx         0000000180009634 f   libcpmt:winapinls.obj
 0001:000086f0       __wcsnicmp_ascii           00000001800096f0 f   libcpmt:winapinls.obj
 0001:00008760       __security_check_cookie    0000000180009760 f   LIBCMT:_amdsecgs_.obj
 0001:00008784       ??2@YAPEAX_K@Z             0000000180009784 f   LIBCMT:new_scalar.obj
 0001:000087c0       ??3@YAXPEAX@Z              00000001800097c0 f   LIBCMT:delete_scalar.obj
 0001:00008910       _Init_thread_footer        0000000180009910 f   LIBCMT:thread_safe_statics.obj
 0001:00008970       _Init_thread_header        0000000180009970 f   LIBCMT:thread_safe_statics.obj
 0001:000089d8       _Init_thread_notify        00000001800099d8 f   LIBCMT:thread_safe_statics.obj
 0001:00008a34       _Init_thread_wait          0000000180009a34 f   LIBCMT:thread_safe_statics.obj
 0001:00008acc       __scrt_acquire_startup_lock 0000000180009acc f   LIBCMT:utility.obj
 0001:00008b08       __scrt_dllmain_after_initialize_c 0000000180009b08 f   LIBCMT:utility.obj
 0001:00008b3c       __scrt_dllmain_before_initialize_c 0000000180009b3c f   LIBCMT:utility.obj
 0001:00008b54       __scrt_dllmain_crt_thread_attach 0000000180009b54 f   LIBCMT:utility.obj
 0001:00008b7c       __scrt_dllmain_crt_thread_detach 0000000180009b7c f   LIBCMT:utility.obj
 0001:00008b94       __scrt_dllmain_exception_filter 0000000180009b94 f   LIBCMT:utility.obj
 0001:00008bf8       __scrt_dllmain_uninitialize_c 0000000180009bf8 f   LIBCMT:utility.obj
 0001:00008c28       __scrt_dllmain_uninitialize_critical 0000000180009c28 f   LIBCMT:utility.obj
 0001:00008c3c       __scrt_initialize_crt      0000000180009c3c f   LIBCMT:utility.obj
 0001:00008c88       __scrt_initialize_onexit_tables 0000000180009c88 f   LIBCMT:utility.obj
 0001:00008d54       __scrt_is_nonwritable_in_current_image 0000000180009d54 f   LIBCMT:utility.obj
 0001:00008df0       __scrt_release_startup_lock 0000000180009df0 f   LIBCMT:utility.obj
 0001:00008e14       __scrt_uninitialize_crt    0000000180009e14 f   LIBCMT:utility.obj
 0001:00008e40       _onexit                    0000000180009e40 f   LIBCMT:utility.obj
 0001:00008e90       atexit                     0000000180009e90 f   LIBCMT:utility.obj
 0001:00008ea8       ??3@YAXPEAX_K@Z            0000000180009ea8 f   LIBCMT:delete_scalar_size.obj
 0001:00008ea8       ??_V@YAXPEAX@Z             0000000180009ea8 f   LIBCMT:delete_array.obj
 0001:000091fc       _DllMainCRTStartup         000000018000a1fc f   LIBCMT:dll_dllmain.obj
 0001:0000923c       ??_Gtype_info@@UEAAPEAXI@Z 000000018000a23c f i LIBCMT:std_type_info_static.obj
 0001:0000923c       ??_Etype_info@@UEAAPEAXI@Z 000000018000a23c f i LIBCMT:std_type_info_static.obj
 0001:00009268       _guard_check_icall         000000018000a268 f i LIBCMT:checkcfg.obj
 0001:00009270       __GSHandlerCheck           000000018000a270 f   LIBCMT:_gshandler_.obj
 0001:00009290       __GSHandlerCheckCommon     000000018000a290 f   LIBCMT:_gshandler_.obj
 0001:000092ec       __GSHandlerCheck_EH        000000018000a2ec f   LIBCMT:gshandlereh.obj
 0001:00009380       _alloca_probe              000000018000a380 f   LIBCMT:_chkstk_.obj
 0001:00009380       __chkstk                   000000018000a380 f   LIBCMT:_chkstk_.obj
 0001:000093d4       __raise_securityfailure    000000018000a3d4 f   LIBCMT:gs_report.obj
 0001:00009408       __report_gsfailure         000000018000a408 f   LIBCMT:gs_report.obj
 0001:000094dc       __report_rangecheckfailure 000000018000a4dc f   LIBCMT:gs_report.obj
 0001:000094f0       __report_securityfailure   000000018000a4f0 f   LIBCMT:gs_report.obj
 0001:00009670       ??0bad_array_new_length@std@@QEAA@AEBV01@@Z 000000018000a670 f i LIBCMT:throw_bad_alloc.obj
 0001:000096b0       ??0bad_array_new_length@std@@QEAA@XZ 000000018000a6b0 f i LIBCMT:throw_bad_alloc.obj
 0001:000096d0       ?__scrt_throw_std_bad_array_new_length@@YAXXZ 000000018000a6d0 f   LIBCMT:throw_bad_alloc.obj
 0001:000096f0       __crt_debugger_hook        000000018000a6f0 f   LIBCMT:utility_desktop.obj
 0001:000096f8       __scrt_fastfail            000000018000a6f8 f   LIBCMT:utility_desktop.obj
 0001:00009840       __isa_available_init       000000018000a840 f   LIBCMT:_cpu_disp_.obj
 0001:00009a08       __scrt_is_ucrt_dll_in_use  000000018000aa08 f   LIBCMT:ucrt_detection.obj
 0001:00009a14       __security_init_cookie     000000018000aa14 f   LIBCMT:gs_support.obj
 0001:00009ac0       ?do_max_length@codecvt_base@std@@MEBAHXZ 000000018000aac0 f   libcpmt:cerr.obj
 0001:00009ac0       _get_startup_argv_mode     000000018000aac0 f   LIBCMT:argv_mode.obj
 0001:00009ac0       ?do_encoding@codecvt_base@std@@MEBAHXZ 000000018000aac0 f   libcpmt:cerr.obj
 0001:00009ac0       DllMain                    000000018000aac0 f   LIBCMT:dll_dllmain_stub.obj
 0001:00009ac8       ?__scrt_initialize_type_info@@YAXXZ 000000018000aac8 f   LIBCMT:tncleanup.obj
 0001:00009ad8       ?__scrt_uninitialize_type_info@@YAXXZ 000000018000aad8 f   LIBCMT:tncleanup.obj
 0001:00009ae4       __local_stdio_scanf_options 000000018000aae4 f i LIBCMT:default_local_stdio_options.obj
 0001:00009aec       __scrt_initialize_default_local_stdio_options 000000018000aaec f   LIBCMT:default_local_stdio_options.obj
 0001:00009b08       __scrt_get_dyn_tls_init_callback 000000018000ab08 f   LIBCMT:dyn_tls_init.obj
 0001:00009b10       _RTC_Initialize            000000018000ab10 f   LIBCMT:_initsect_.obj
 0001:00009b5c       _RTC_Terminate             000000018000ab5c f   LIBCMT:_initsect_.obj
 0001:00009bb0       ??1DefaultWaiterPool@platform@details@Concurrency@@QEAA@XZ 000000018000abb0 f i libconcrt:Platform.obj
 0001:00009c18       ?__TlsFree@platform@details@Concurrency@@YAXK@Z 000000018000ac18 f   libconcrt:Platform.obj
 0001:00009c20       _concrt_static_cleanup     000000018000ac20 f   libconcrt:utils.obj
 0001:00009c38       ?InitializeCookie@Security@details@Concurrency@@SA_KXZ 000000018000ac38 f   libconcrt:utils.obj
 0001:00009c9c       ?CheckOneShotStaticDestruction@SchedulerBase@details@Concurrency@@SAXXZ 000000018000ac9c f   libconcrt:SchedulerBase.obj
 0001:00009cdc       ?OneShotStaticDestruction@UMSThreadScheduler@details@Concurrency@@SAXXZ 000000018000acdc f   libconcrt:UMSThreadScheduler.obj
 0001:00009d10       memmove                    000000018000ad10 f   libvcruntime:memcpy.obj
 0001:00009d10       memcpy                     000000018000ad10 f   libvcruntime:memcpy.obj
 0001:0000a148       _purecall                  000000018000b148 f   libvcruntime:purevirt.obj
 0001:0000a184       __std_exception_copy       000000018000b184 f   libvcruntime:std_exception.obj
 0001:0000a214       __std_exception_destroy    000000018000b214 f   libvcruntime:std_exception.obj
 0001:0000a23c       _CxxThrowException         000000018000b23c f   libvcruntime:throw.obj
 0001:0000a314       __DestructExceptionObject  000000018000b314 f   libvcruntime:frame.obj
 0001:0000a39c       ??0bad_exception@std@@QEAA@AEBV01@@Z 000000018000b39c f i libvcruntime:frame.obj
 0001:0000a3dc       ??0bad_exception@std@@QEAA@XZ 000000018000b3dc f i libvcruntime:frame.obj
 0001:0000ad58       ?_CallMemberFunction0@@YAXPEAXP6AX0@Z@Z 000000018000bd58 f i libvcruntime:frame.obj
 0001:0000ad5c       ?_CallMemberFunction1@@YAXPEAXP6AX0@Z0@Z 000000018000bd5c f i libvcruntime:frame.obj
 0001:0000ad68       ?_CallMemberFunction2@@YAXPEAXP6AX0@Z0H@Z 000000018000bd68 f i libvcruntime:frame.obj
 0001:0000ad78       __AdjustPointer            000000018000bd78 f   libvcruntime:frame.obj
 0001:0000ad9c       __BuildCatchObject         000000018000bd9c f   libvcruntime:frame.obj
 0001:0000ae60       __BuildCatchObjectHelper   000000018000be60 f   libvcruntime:frame.obj
 0001:0000b040       __CxxCallCatchBlock        000000018000c040 f   libvcruntime:frame.obj
 0001:0000b22c       __FrameUnwindFilter        000000018000c22c f   libvcruntime:frame.obj
 0001:0000b278       __FrameUnwindToState       000000018000c278 f   libvcruntime:frame.obj
 0001:0000b40c       __InternalCxxFrameHandler  000000018000c40c f   libvcruntime:frame.obj
 0001:0000b664       __TypeMatch                000000018000c664 f   libvcruntime:frame.obj
 0001:0000b7a4       __std_terminate            000000018000c7a4 f   libvcruntime:frame.obj
 0001:0000b7b0       ?_ExecutionInCatch@@YAHPEAU_xDISPATCHER_CONTEXT@@PEBU_s_FuncInfo@@@Z 000000018000c7b0 f   libvcruntime:trnsctrl.obj
 0001:0000b824       ?_GetEstablisherFrame@@YAPEA_KPEA_KPEAU_xDISPATCHER_CONTEXT@@PEBU_s_FuncInfo@@0@Z 000000018000c824 f   libvcruntime:trnsctrl.obj
 0001:0000b8f0       ?_GetRangeOfTrysToCheck@@YAPEBU_s_TryBlockMapEntry@@PEA_KPEBU_s_FuncInfo@@HHPEAI2PEAU_xDISPATCHER_CONTEXT@@@Z 000000018000c8f0 f   libvcruntime:trnsctrl.obj
 0001:0000ba1c       ?__FrameUnwindToEmptyState@@YAXPEA_KPEAU_xDISPATCHER_CONTEXT@@PEBU_s_FuncInfo@@@Z 000000018000ca1c f   libvcruntime:trnsctrl.obj
 0001:0000bab0       ?__SehTransFilter@@YAHPEAU_EXCEPTION_POINTERS@@PEAUEHExceptionRecord@@PEA_KPEAU_CONTEXT@@PEAU_xDISPATCHER_CONTEXT@@PEBU_s_FuncInfo@@PEAH@Z 000000018000cab0 f   libvcruntime:trnsctrl.obj
 0001:0000bb48       _CallSETranslator          000000018000cb48 f   libvcruntime:trnsctrl.obj
 0001:0000bba0       _CreateFrameInfo           000000018000cba0 f   libvcruntime:trnsctrl.obj
 0001:0000bbdc       _FindAndUnlinkFrame        000000018000cbdc f   libvcruntime:trnsctrl.obj
 0001:0000bc34       _GetImageBase              000000018000cc34 f   libvcruntime:trnsctrl.obj
 0001:0000bc48       _GetThrowImageBase         000000018000cc48 f   libvcruntime:trnsctrl.obj
 0001:0000bc5c       _IsExceptionObjectToBeDestroyed 000000018000cc5c f   libvcruntime:trnsctrl.obj
 0001:0000bc8c       _SetImageBase              000000018000cc8c f   libvcruntime:trnsctrl.obj
 0001:0000bca4       _SetThrowImageBase         000000018000cca4 f   libvcruntime:trnsctrl.obj
 0001:0000bcbc       _UnwindNestedFrames        000000018000ccbc f   libvcruntime:trnsctrl.obj
 0001:0000bde0       __CxxFrameHandler3         000000018000cde0 f   libvcruntime:trnsctrl.obj
 0001:0000be70       memset                     000000018000ce70 f   libvcruntime:memset.obj
 0001:0000c020       memcmp                     000000018000d020 f   libvcruntime:memcmp.obj
 0001:0000c2b0       __vcrt_FlsAlloc            000000018000d2b0 f   libvcruntime:winapi_downlevel.obj
 0001:0000c304       __vcrt_FlsFree             000000018000d304 f   libvcruntime:winapi_downlevel.obj
 0001:0000c358       __vcrt_FlsGetValue         000000018000d358 f   libvcruntime:winapi_downlevel.obj
 0001:0000c3ac       __vcrt_FlsSetValue         000000018000d3ac f   libvcruntime:winapi_downlevel.obj
 0001:0000c414       __vcrt_InitializeCriticalSectionEx 000000018000d414 f   libvcruntime:winapi_downlevel.obj
 0001:0000c48c       __vcrt_initialize_winapi_thunks 000000018000d48c f   libvcruntime:winapi_downlevel.obj
 0001:0000c4d8       __vcrt_uninitialize_winapi_thunks 000000018000d4d8 f   libvcruntime:winapi_downlevel.obj
 0001:0000c518       __vcrt_initialize          000000018000d518 f   libvcruntime:initialization.obj
 0001:0000c54c       __vcrt_thread_attach       000000018000d54c f   libvcruntime:initialization.obj
 0001:0000c560       __vcrt_thread_detach       000000018000d560 f   libvcruntime:initialization.obj
 0001:0000c574       __vcrt_uninitialize        000000018000d574 f   libvcruntime:initialization.obj
 0001:0000c594       __vcrt_uninitialize_critical 000000018000d594 f   libvcruntime:initialization.obj
 0001:0000c5a4       __C_specific_handler       000000018000d5a4 f   libvcruntime:_chandler_.obj
 0001:0000c7a0       __std_type_info_compare    000000018000d7a0 f   libvcruntime:std_type_info.obj
 0001:0000c7c8       __std_type_info_destroy_list 000000018000d7c8 f   libvcruntime:std_type_info.obj
 0001:0000c7f4       __vcrt_initialize_pure_virtual_call_handler 000000018000d7f4 f   libvcruntime:purevirt_data.obj
 0001:0000c818       __vcrt_freefls             000000018000d818 f   libvcruntime:per_thread_data.obj
 0001:0000c838       __vcrt_freeptd             000000018000d838 f   libvcruntime:per_thread_data.obj
 0001:0000c888       __vcrt_getptd              000000018000d888 f   libvcruntime:per_thread_data.obj
 0001:0000c8a4       __vcrt_getptd_noexit       000000018000d8a4 f   libvcruntime:per_thread_data.obj
 0001:0000c95c       __vcrt_initialize_ptd      000000018000d95c f   libvcruntime:per_thread_data.obj
 0001:0000c99c       __vcrt_uninitialize_ptd    000000018000d99c f   libvcruntime:per_thread_data.obj
 0001:0000c9c0       ?__GetCurrentState@@YAHPEA_KPEAU_xDISPATCHER_CONTEXT@@PEBU_s_FuncInfo@@@Z 000000018000d9c0 f   libvcruntime:ehstate.obj
 0001:0000c9e8       ?__GetUnwindTryBlock@@YAHPEA_KPEAU_xDISPATCHER_CONTEXT@@PEBU_s_FuncInfo@@@Z 000000018000d9e8 f   libvcruntime:ehstate.obj
 0001:0000ca14       ?__SetState@@YAXPEA_KPEAU_xDISPATCHER_CONTEXT@@PEBU_s_FuncInfo@@H@Z 000000018000da14 f   libvcruntime:ehstate.obj
 0001:0000ca20       ?__SetUnwindTryBlock@@YAXPEA_KPEAU_xDISPATCHER_CONTEXT@@PEBU_s_FuncInfo@@H@Z 000000018000da20 f   libvcruntime:ehstate.obj
 0001:0000ca5c       ?__StateFromControlPc@@YAHPEBU_s_FuncInfo@@PEAU_xDISPATCHER_CONTEXT@@@Z 000000018000da5c f   libvcruntime:ehstate.obj
 0001:0000ca64       ?__StateFromIp@@YAHPEBU_s_FuncInfo@@PEAU_xDISPATCHER_CONTEXT@@_J@Z 000000018000da64 f   libvcruntime:ehstate.obj
 0001:0000cae0       _CallSettingFrame          000000018000dae0 f   libvcruntime:handlers.obj
 0001:0000cb30       _local_unwind              000000018000db30 f   libvcruntime:_jmpuwind_.obj
 0001:0000cb60       _NLG_Notify                000000018000db60 f   libvcruntime:_jmpuwind_.obj
 0001:0000cb80       __NLG_Dispatch2            000000018000db80 f   libvcruntime:_jmpuwind_.obj
 0001:0000cb90       __NLG_Return2              000000018000db90 f   libvcruntime:_jmpuwind_.obj
 0001:0000cb94       __vcrt_initialize_locks    000000018000db94 f   libvcruntime:locks.obj
 0001:0000cbdc       __vcrt_uninitialize_locks  000000018000dbdc f   libvcruntime:locks.obj
 0001:0000cc14       __acrt_call_reportfault    000000018000dc14 f   libucrt:invalid_parameter.obj
 0001:0000cd70       __acrt_initialize_invalid_parameter_handler 000000018000dd70 f   libucrt:invalid_parameter.obj
 0001:0000cd78       _invalid_parameter         000000018000dd78 f   libucrt:invalid_parameter.obj
 0001:0000ce20       _invalid_parameter_noinfo  000000018000de20 f   libucrt:invalid_parameter.obj
 0001:0000ce40       _invalid_parameter_noinfo_noreturn 000000018000de40 f   libucrt:invalid_parameter.obj
 0001:0000ce70       _invoke_watson             000000018000de70 f   libucrt:invalid_parameter.obj
 0001:0000ceb8       abort                      000000018000deb8 f   libucrt:abort.obj
 0001:0000cf10       free                       000000018000df10 f   libucrt:free.obj
 0001:0000cf18       ??0_LocaleUpdate@@QEAA@QEAU__crt_locale_pointers@@@Z 000000018000df18 f i libucrt:stricmp.obj
 0001:0000cfa8       __ascii_stricmp            000000018000dfa8 f   libucrt:stricmp.obj
 0001:0000cfe4       _stricmp                   000000018000dfe4 f   libucrt:stricmp.obj
 0001:0000d02c       _stricmp_l                 000000018000e02c f   libucrt:stricmp.obj
 0001:0000d0e0       __acrt_initialize_locks    000000018000e0e0 f   libucrt:locks.obj
 0001:0000d128       __acrt_lock                000000018000e128 f   libucrt:locks.obj
 0001:0000d144       __acrt_uninitialize_locks  000000018000e144 f   libucrt:locks.obj
 0001:0000d17c       __acrt_unlock              000000018000e17c f   libucrt:locks.obj
 0001:0000d198       _lock_locales              000000018000e198 f   libucrt:locks.obj
 0001:0000d1a8       _unlock_locales            000000018000e1a8 f   libucrt:locks.obj
 0001:0000d1b8       malloc                     000000018000e1b8 f   libucrt:malloc.obj
 0001:0000d2a8       setlocale                  000000018000e2a8 f   libucrt:setlocale.obj
 0001:0000d474       __acrt_errno_from_os_error 000000018000e474 f   libucrt:errno.obj
 0001:0000d4bc       __acrt_errno_map_os_error  000000018000e4bc f   libucrt:errno.obj
 0001:0000d50c       __doserrno                 000000018000e50c f   libucrt:errno.obj
 0001:0000d52c       _errno                     000000018000e52c f   libucrt:errno.obj
 0001:0000d54c       __acrt_initialize_stdio    000000018000e54c f   libucrt:_file.obj
 0001:0000d66c       __acrt_iob_func            000000018000e66c f   libucrt:_file.obj
 0001:0000d680       __acrt_uninitialize_stdio  000000018000e680 f   libucrt:_file.obj
 0001:0000d6dc       _get_stream_buffer_pointers 000000018000e6dc f   libucrt:_file.obj
 0001:0000d724       _lock_file                 000000018000e724 f   libucrt:_file.obj
 0001:0000d730       _unlock_file               000000018000e730 f   libucrt:_file.obj
 0001:0000d73c       _fclose_nolock             000000018000e73c f   libucrt:fclose.obj
 0001:0000d7c0       fclose                     000000018000e7c0 f   libucrt:fclose.obj
 0001:0000d82c       __acrt_stdio_flush_nolock  000000018000e82c f   libucrt:fflush.obj
 0001:0000d8a4       _fflush_nolock             000000018000e8a4 f   libucrt:fflush.obj
 0001:0000d8f0       _flushall                  000000018000e8f0 f   libucrt:fflush.obj
 0001:0000d9e0       fflush                     000000018000e9e0 f   libucrt:fflush.obj
 0001:0000da24       _fgetc_nolock              000000018000ea24 f   libucrt:fgetc.obj
 0001:0000da68       fgetc                      000000018000ea68 f   libucrt:fgetc.obj
 0001:0000db6c       fgetpos                    000000018000eb6c f   libucrt:fgetpos.obj
 0001:0000dbb8       fputc                      000000018000ebb8 f   libucrt:fputc.obj
 0001:0000dcd8       fsetpos                    000000018000ecd8 f   libucrt:fsetpos.obj
 0001:0000df84       _fseeki64                  000000018000ef84 f   libucrt:fseek.obj
 0001:0000df8c       ??$?RV<lambda_5d4c3fee44080f75d5d9762853974fe0>@@AEAV<lambda_532e024f4337e6fc7ad266c2bef9f4ed>@@V<lambda_c87bdc10097eb2402edb8ba9bdf0697b>@@@?$__crt_seh_guarded_call@_K@@QEAA_K$$QEAV<lambda_5d4c3fee44080f75d5d9762853974fe0>@@AEAV<lambda_532e024f4337e6fc7ad266c2bef9f4ed>@@$$QEAV<lambda_c87bdc10097eb2402edb8ba9bdf0697b>@@@Z 000000018000ef8c f i libucrt:fwrite.obj
 0001:0000e030       _fwrite_nolock             000000018000f030 f   libucrt:fwrite.obj
 0001:0000e1cc       fwrite                     000000018000f1cc f   libucrt:fwrite.obj
 0001:0000e250       ??$?RV<lambda_7a5ef57ff966f610505f1d28a3d40618>@@AEAV<lambda_b721fa326cdb32351d23dfa67958c160>@@V<lambda_5e0fb27672408a07956fe59e48ccb2aa>@@@?$__crt_seh_guarded_call@H@@QEAAH$$QEAV<lambda_7a5ef57ff966f610505f1d28a3d40618>@@AEAV<lambda_b721fa326cdb32351d23dfa67958c160>@@$$QEAV<lambda_5e0fb27672408a07956fe59e48ccb2aa>@@@Z 000000018000f250 f i libucrt:setvbuf.obj
 0001:0000e380       setvbuf                    000000018000f380 f   libucrt:setvbuf.obj
 0001:0000e420       _ungetc_nolock             000000018000f420 f   libucrt:ungetc.obj
 0001:0000e530       ungetc                     000000018000f530 f   libucrt:ungetc.obj
 0001:0000e590       _calloc_base               000000018000f590 f   libucrt:calloc_base.obj
 0001:0000e608       __pctype_func              000000018000f608 f   libucrt:ctype.obj
 0001:0000e638       islower                    000000018000f638 f i libucrt:_ctype.obj
 0001:0000e6ac       isupper                    000000018000f6ac f i libucrt:_ctype.obj
 0001:0000e720       _wcsdup                    000000018000f720 f   libucrt:wcsdup.obj
 0001:0000e7a4       ___lc_codepage_func        000000018000f7a4 f   libucrt:initctype.obj
 0001:0000e7d4       ___lc_locale_name_func     000000018000f7d4 f   libucrt:initctype.obj
 0001:0000e808       __acrt_locale_initialize_ctype 000000018000f808 f   libucrt:initctype.obj
 0001:0000eddc       _malloc_base               000000018000fddc f   libucrt:malloc_base.obj
 0001:0000ee3c       _realloc_base              000000018000fe3c f   libucrt:realloc_base.obj
 0001:0000eec0       pow                        000000018000fec0 f   libucrt:pow.obj
 0001:00010560       powf                       0000000180011560 f   libucrt:powf.obj
 0001:00011428       __strncnt                  0000000180012428 f   libucrt:strncnt.obj
 0001:00011440       _free_base                 0000000180012440 f   libucrt:free_base.obj
 0001:00011480       terminate                  0000000180012480 f   libucrt:terminate.obj
 0001:00011520       _ismbblead                 0000000180012520 f   libucrt:ismbbyte.obj
 0001:00011584       _tolower_l                 0000000180012584 f   libucrt:tolower_toupper.obj
 0001:000116c4       wcscpy_s                   00000001800126c4 f   libucrt:wcscpy_s.obj
 0001:0001172c       wcsnlen                    000000018001272c f   libucrt:strnlen.obj
 0001:0001191c       __acrt_initialize_new_handler 000000018001291c f   libucrt:new_handler.obj
 0001:00011924       _callnewh                  0000000180012924 f   libucrt:new_handler.obj
 0001:00011964       _query_new_handler         0000000180012964 f   libucrt:new_handler.obj
 0001:00011998       _seh_filter_dll            0000000180012998 f   libucrt:exception_filter.obj
 0001:000119ac       _seh_filter_exe            00000001800129ac f   libucrt:exception_filter.obj
 0001:00011d6c       __acrt_initialize_thread_local_exit_callback 0000000180012d6c f   libucrt:exit.obj
 0001:00011d74       _cexit                     0000000180012d74 f   libucrt:exit.obj
 0001:00011d84       _exit                      0000000180012d84 f   libucrt:exit.obj
 0001:00011d90       _is_c_termination_complete 0000000180012d90 f   libucrt:exit.obj
 0001:00011f54       __acrt_allocate_buffer_for_argv 0000000180012f54 f   libucrt:argv_parsing.obj
 0001:00011fb8       _configure_narrow_argv     0000000180012fb8 f   libucrt:argv_parsing.obj
 0001:00012314       __dcrt_uninitialize_environments_nolock 0000000180013314 f   libucrt:environment_initialization.obj
 0001:0001234c       _initialize_narrow_environment 000000018001334c f   libucrt:environment_initialization.obj
 0001:00012354       ??$?RV<lambda_b8c45f8f788dd370798f47cfe8ac3a86>@@AEAV<lambda_4e60a939b0d047cfe11ddc22648dfba9>@@V<lambda_332c3edc96d0294ec56c57d38c1cdfd5>@@@?$__crt_seh_guarded_call@H@@QEAAH$$QEAV<lambda_b8c45f8f788dd370798f47cfe8ac3a86>@@AEAV<lambda_4e60a939b0d047cfe11ddc22648dfba9>@@$$QEAV<lambda_332c3edc96d0294ec56c57d38c1cdfd5>@@@Z 0000000180013354 f i libucrt:onexit.obj
 0001:00012390       ??$?RV<lambda_e24bbb7b643b32fcea6fa61b31d4c984>@@AEAV<lambda_275893d493268fdec8709772e3fcec0e>@@V<lambda_9d71df4d7cf3f480f8d633942495c3b0>@@@?$__crt_seh_guarded_call@H@@QEAAH$$QEAV<lambda_e24bbb7b643b32fcea6fa61b31d4c984>@@AEAV<lambda_275893d493268fdec8709772e3fcec0e>@@$$QEAV<lambda_9d71df4d7cf3f480f8d633942495c3b0>@@@Z 0000000180013390 f i libucrt:onexit.obj
 0001:0001270c       _crt_atexit                000000018001370c f   libucrt:onexit.obj
 0001:0001271c       _execute_onexit_table      000000018001371c f   libucrt:onexit.obj
 0001:00012758       _initialize_onexit_table   0000000180013758 f   libucrt:onexit.obj
 0001:00012798       _register_onexit_function  0000000180013798 f   libucrt:onexit.obj
 0001:00012914       __acrt_initialize          0000000180013914 f   libucrt:initialization.obj
 0001:00012928       __acrt_thread_attach       0000000180013928 f   libucrt:initialization.obj
 0001:0001293c       __acrt_thread_detach       000000018001393c f   libucrt:initialization.obj
 0001:0001294c       __acrt_uninitialize        000000018001394c f   libucrt:initialization.obj
 0001:00012960       __acrt_uninitialize_critical 0000000180013960 f   libucrt:initialization.obj
 0001:00012970       _initterm                  0000000180013970 f   libucrt:initterm.obj
 0001:000129e8       _initterm_e                00000001800139e8 f   libucrt:initterm.obj
 0001:00012a40       exp                        0000000180013a40 f   libucrt:exp.obj
 0001:00012e38       sqrt                       0000000180013e38 f   libucrt:sqrt.obj
 0001:00012f0c       wcsncpy_s                  0000000180013f0c f   libucrt:wcsncpy_s.obj
 0001:00012ff0       strcpy_s                   0000000180013ff0 f   libucrt:strcpy_s.obj
 0001:00013050       ??$is_overflow_condition@K@__crt_strtox@@YA_NIK@Z 0000000180014050 f i libucrt:atox.obj
 0001:0001307c       ??$make_c_string_character_source@_W$$T@__crt_strtox@@YA?AV?$c_string_character_source@_W@0@QEB_W$$T@Z 000000018001407c f i libucrt:atox.obj
 0001:00013090       ??$parse_integer@KV?$c_string_character_source@_W@__crt_strtox@@@__crt_strtox@@YAKQEAU__crt_locale_pointers@@V?$c_string_character_source@_W@0@H_N@Z 0000000180014090 f i libucrt:atox.obj
 0001:00013764       _wtol                      0000000180014764 f   libucrt:atox.obj
 0001:00013790       ??$?RV<lambda_46352004c1216016012b18bd6f87e700>@@AEAV<lambda_3bd07e1a1191394380780325891bf33f>@@V<lambda_334532d3f185bcaa59b5be82d7d22bff>@@@?$__crt_seh_guarded_call@X@@QEAAX$$QEAV<lambda_46352004c1216016012b18bd6f87e700>@@AEAV<lambda_3bd07e1a1191394380780325891bf33f>@@$$QEAV<lambda_334532d3f185bcaa59b5be82d7d22bff>@@@Z 0000000180014790 f i libucrt:per_thread_data.obj
 0001:000137f0       ??$?RV<lambda_5e887d1dcbef67a5eb4283622ba103bf>@@AEAV<lambda_4466841279450cc726390878d4a41900>@@V<lambda_341c25c0346d94847f1f3c463c57e077>@@@?$__crt_seh_guarded_call@X@@QEAAX$$QEAV<lambda_5e887d1dcbef67a5eb4283622ba103bf>@@AEAV<lambda_4466841279450cc726390878d4a41900>@@$$QEAV<lambda_341c25c0346d94847f1f3c463c57e077>@@@Z 00000001800147f0 f i libucrt:per_thread_data.obj
 0001:00013838       ??$?RV<lambda_72d1df2b273a38828b1ce30cbf4cdab5>@@AEAV<lambda_876a65b173b8412d3a47c70a915b0cf4>@@V<lambda_41932305e351933ebe8f8be3ed8bb5dc>@@@?$__crt_seh_guarded_call@X@@QEAAX$$QEAV<lambda_72d1df2b273a38828b1ce30cbf4cdab5>@@AEAV<lambda_876a65b173b8412d3a47c70a915b0cf4>@@$$QEAV<lambda_41932305e351933ebe8f8be3ed8bb5dc>@@@Z 0000000180014838 f i libucrt:per_thread_data.obj
 0001:00013878       ??$?RV<lambda_fb3a7dec4e47f37f22dae91bb15c9095>@@AEAV<lambda_698284760c8add0bfb0756c19673e34b>@@V<lambda_dfb8eca1e75fef3034a8fb18dd509707>@@@?$__crt_seh_guarded_call@X@@QEAAX$$QEAV<lambda_fb3a7dec4e47f37f22dae91bb15c9095>@@AEAV<lambda_698284760c8add0bfb0756c19673e34b>@@$$QEAV<lambda_dfb8eca1e75fef3034a8fb18dd509707>@@@Z 0000000180014878 f i libucrt:per_thread_data.obj
 0001:00013b08       __acrt_freeptd             0000000180014b08 f   libucrt:per_thread_data.obj
 0001:00013b4c       __acrt_getptd              0000000180014b4c f   libucrt:per_thread_data.obj
 0001:00013be0       __acrt_getptd_noexit       0000000180014be0 f   libucrt:per_thread_data.obj
 0001:00013c80       __acrt_initialize_ptd      0000000180014c80 f   libucrt:per_thread_data.obj
 0001:00013cbc       __acrt_uninitialize_ptd    0000000180014cbc f   libucrt:per_thread_data.obj
 0001:00013ce0       ??$?RV<lambda_c36588078e9f5dfd39652860aa6b3aaf>@@AEAV<lambda_ec61778202f4f5fc7e7711acc23c3bca>@@V<lambda_dc9d2797ccde5d239b4a0efae8ebd7db>@@@?$__crt_seh_guarded_call@P6AXH@Z@@QEAAP6AXH@Z$$QEAV<lambda_c36588078e9f5dfd39652860aa6b3aaf>@@AEAV<lambda_ec61778202f4f5fc7e7711acc23c3bca>@@$$QEAV<lambda_dc9d2797ccde5d239b4a0efae8ebd7db>@@@Z 0000000180014ce0 f i libucrt:signal.obj
 0001:00013d28       __acrt_get_sigabrt_handler 0000000180014d28 f   libucrt:signal.obj
 0001:00013d58       __acrt_initialize_signal_handlers 0000000180014d58 f   libucrt:signal.obj
 0001:00013d78       raise                      0000000180014d78 f   libucrt:signal.obj
 0001:00014014       __acrt_update_locale_info  0000000180015014 f   libucrt:locale_update.obj
 0001:00014048       __acrt_update_multibyte_info 0000000180015048 f   libucrt:locale_update.obj
 0001:0001407c       ??$?RV<lambda_5df02c53a8f32f81fd64e5bbb78039f1>@@AEAV<lambda_2af78c5f5901b1372d98f9ab3177dfa6>@@AEAV<lambda_f51fe5fd7c79a33db34fc9310f277369>@@@?$__crt_seh_guarded_call@X@@QEAAX$$QEAV<lambda_5df02c53a8f32f81fd64e5bbb78039f1>@@AEAV<lambda_2af78c5f5901b1372d98f9ab3177dfa6>@@AEAV<lambda_f51fe5fd7c79a33db34fc9310f277369>@@@Z 000000018001507c f i libucrt:wsetlocale.obj
 0001:000140a8       ??$?RV<lambda_d67e8342c384adda8f857579ab50b2ae>@@AEAV<lambda_30712929f77e709619002f448b6a9510>@@V<lambda_4525336fd7e478d965fb7ca7a337cad8>@@@?$__crt_seh_guarded_call@X@@QEAAX$$QEAV<lambda_d67e8342c384adda8f857579ab50b2ae>@@AEAV<lambda_30712929f77e709619002f448b6a9510>@@$$QEAV<lambda_4525336fd7e478d965fb7ca7a337cad8>@@@Z 00000001800150a8 f i libucrt:wsetlocale.obj
 0001:00014274       __acrt_copy_locale_name    0000000180015274 f   libucrt:wsetlocale.obj
 0001:000142f8       __acrt_set_locale_changed  00000001800152f8 f   libucrt:wsetlocale.obj
 0001:00014304       __acrt_uninitialize_locale 0000000180015304 f   libucrt:wsetlocale.obj
 0001:0001434c       __lc_lctowcs               000000018001534c f   libucrt:wsetlocale.obj
 0001:000143f0       __lc_wcstolc               00000001800153f0 f   libucrt:wsetlocale.obj
 0001:00014668       _expandlocale              0000000180015668 f   libucrt:wsetlocale.obj
 0001:00014a64       _wcscats                   0000000180015a64 f   libucrt:wsetlocale.obj
 0001:00014acc       _wsetlocale                0000000180015acc f   libucrt:wsetlocale.obj
 0001:0001535c       ??$?RV<lambda_630b2aca97f6d20d5b5ea6529ea6b6af>@@AEAV<lambda_af91936f1d075d609f72d9d8cba980af>@@V<lambda_e82fa975f615b5c7c7b0e4d178fdae67>@@@?$__crt_seh_guarded_call@H@@QEAAH$$QEAV<lambda_630b2aca97f6d20d5b5ea6529ea6b6af>@@AEAV<lambda_af91936f1d075d609f72d9d8cba980af>@@$$QEAV<lambda_e82fa975f615b5c7c7b0e4d178fdae67>@@@Z 000000018001635c f i libucrt:winapi_thunks.obj
 0001:00015594       __acrt_EnumSystemLocalesEx 0000000180016594 f   libucrt:winapi_thunks.obj
 0001:0001563c       __acrt_FlsAlloc            000000018001663c f   libucrt:winapi_thunks.obj
 0001:00015694       __acrt_FlsFree             0000000180016694 f   libucrt:winapi_thunks.obj
 0001:000156ec       __acrt_FlsGetValue         00000001800166ec f   libucrt:winapi_thunks.obj
 0001:00015744       __acrt_FlsSetValue         0000000180016744 f   libucrt:winapi_thunks.obj
 0001:000157ac       __acrt_GetLocaleInfoEx     00000001800167ac f   libucrt:winapi_thunks.obj
 0001:00015844       __acrt_GetUserDefaultLocaleName 0000000180016844 f   libucrt:winapi_thunks.obj
 0001:000158b8       __acrt_InitializeCriticalSectionEx 00000001800168b8 f   libucrt:winapi_thunks.obj
 0001:00015930       __acrt_IsValidLocaleName   0000000180016930 f   libucrt:winapi_thunks.obj
 0001:00015998       __acrt_LCIDToLocaleName    0000000180016998 f   libucrt:winapi_thunks.obj
 0001:00015a24       __acrt_LCMapStringEx       0000000180016a24 f   libucrt:winapi_thunks.obj
 0001:00015b14       __acrt_LocaleNameToLCID    0000000180016b14 f   libucrt:winapi_thunks.obj
 0001:00015b7c       __acrt_can_use_vista_locale_apis 0000000180016b7c f   libucrt:winapi_thunks.obj
 0001:00015bac       __acrt_initialize_winapi_thunks 0000000180016bac f   libucrt:winapi_thunks.obj
 0001:00015be4       __acrt_is_packaged_app     0000000180016be4 f   libucrt:winapi_thunks.obj
 0001:00015c6c       __acrt_uninitialize_winapi_thunks 0000000180016c6c f   libucrt:winapi_thunks.obj
 0001:00015e8c       _mbstowcs_s_l              0000000180016e8c f   libucrt:mbstowcs.obj
 0001:00015fbc       mbstowcs_s                 0000000180016fbc f   libucrt:mbstowcs.obj
 0001:00016310       _wcstombs_s_l              0000000180017310 f   libucrt:wcstombs.obj
 0001:000163fc       _fcloseall                 00000001800173fc f   libucrt:closeall.obj
 0001:000164b0       __acrt_stdio_free_buffer_nolock 00000001800174b0 f   libucrt:_freebuf.obj
 0001:000166d8       __acrt_initialize_lowio    00000001800176d8 f   libucrt:ioinit.obj
 0001:00016714       __acrt_uninitialize_lowio  0000000180017714 f   libucrt:ioinit.obj
 0001:00016754       ??$?RV<lambda_bfedae4ebbf01fab1bb6dcc6a9e276e0>@@AEAV<lambda_2fe9b910cf3cbf4a0ab98a02ba45b3ec>@@V<lambda_237c231691f317818eb88cc1d5d642d6>@@@?$__crt_seh_guarded_call@H@@QEAAH$$QEAV<lambda_bfedae4ebbf01fab1bb6dcc6a9e276e0>@@AEAV<lambda_2fe9b910cf3cbf4a0ab98a02ba45b3ec>@@$$QEAV<lambda_237c231691f317818eb88cc1d5d642d6>@@@Z 0000000180017754 f i libucrt:close.obj
 0001:000167c8       _close                     00000001800177c8 f   libucrt:close.obj
 0001:0001686c       _close_nolock              000000018001786c f   libucrt:close.obj
 0001:00016928       _fileno                    0000000180017928 f   libucrt:fileno.obj
 0001:00016950       ?__acrt_stdio_free_stream@@YAXV__crt_stdio_stream@@@Z 0000000180017950 f   libucrt:stream.obj
 0001:00016994       ??$?RV<lambda_b521505b218e5242e90febf6bfebc422>@@AEAV<lambda_6978c1fb23f02e42e1d9e99668cc68aa>@@V<lambda_314360699dd331753a4119843814e9a7>@@@?$__crt_seh_guarded_call@H@@QEAAH$$QEAV<lambda_b521505b218e5242e90febf6bfebc422>@@AEAV<lambda_6978c1fb23f02e42e1d9e99668cc68aa>@@$$QEAV<lambda_314360699dd331753a4119843814e9a7>@@@Z 0000000180017994 f i libucrt:commit.obj
 0001:00016a20       _commit                    0000000180017a20 f   libucrt:commit.obj
 0001:00017054       _write                     0000000180018054 f   libucrt:write.obj
 0001:00017140       _write_nolock              0000000180018140 f   libucrt:write.obj
 0001:000175cc       __acrt_stdio_refill_and_read_narrow_nolock 00000001800185cc f   libucrt:_filbuf.obj
 0001:00017a90       _ftelli64                  0000000180018a90 f   libucrt:ftell.obj
 0001:00017a98       _ftelli64_nolock           0000000180018a98 f   libucrt:ftell.obj
 0001:00017ba4       __acrt_stdio_flush_and_write_narrow_nolock 0000000180018ba4 f   libucrt:_flsbuf.obj
 0001:00017e18       _lseeki64                  0000000180018e18 f   libucrt:lseek.obj
 0001:00017e20       _lseeki64_nolock           0000000180018e20 f   libucrt:lseek.obj
 0001:00017e28       __acrt_stdio_begin_temporary_buffering_nolock 0000000180018e28 f   libucrt:_sftbuf.obj
 0001:00017ef8       __acrt_stdio_end_temporary_buffering_nolock 0000000180018ef8 f   libucrt:_sftbuf.obj
 0001:00017f34       __acrt_stdio_allocate_buffer_nolock 0000000180018f34 f   libucrt:_getbuf.obj
 0001:00017f98       _query_new_mode            0000000180018f98 f   libucrt:new_mode.obj
 0001:00017fa0       __acrt_initialize_heap     0000000180018fa0 f   libucrt:heap_handle.obj
 0001:00017fbc       __acrt_uninitialize_heap   0000000180018fbc f   libucrt:heap_handle.obj
 0001:00017fc8       _isctype_l                 0000000180018fc8 f   libucrt:isctype.obj
 0001:00018278       __acrt_GetLocaleInfoA      0000000180019278 f   libucrt:getlocaleinfoa.obj
 0001:00018440       __acrt_GetStringTypeA      0000000180019440 f   libucrt:getstringtypea.obj
 0001:00018950       __acrt_LCMapStringA        0000000180019950 f   libucrt:lcmapstringa.obj
 0001:000189e8       iswctype                   00000001800199e8 f   libucrt:iswctype.obj
 0001:00018a58       _raise_exc                 0000000180019a58 f   libucrt:fpexcept.obj
 0001:00018a80       _raise_exc_ex              0000000180019a80 f   libucrt:fpexcept.obj
 0001:00018d88       _raise_excf                0000000180019d88 f   libucrt:fpexcept.obj
 0001:00018db4       _set_errno_from_matherr    0000000180019db4 f   libucrt:fpexcept.obj
 0001:00018de4       _clrfp                     0000000180019de4 f   libucrt:fpctrl.obj
 0001:00018e04       _ctrlfp                    0000000180019e04 f   libucrt:fpctrl.obj
 0001:00018e80       _set_statfp                0000000180019e80 f   libucrt:fpctrl.obj
 0001:00018ea0       _statfp                    0000000180019ea0 f   libucrt:fpctrl.obj
 0001:00018eb4       _mbtowc_l                  0000000180019eb4 f   libucrt:mbtowc.obj
 0001:00018ffc       mbtowc                     0000000180019ffc f   libucrt:mbtowc.obj
 0001:00019010       __acrt_initialize_fma3     000000018001a010 f   libucrt:fma3_available.obj
 0001:00019080       _pow_special               000000018001a080 f   libucrt:pow_special.obj
 0001:000191a4       _powf_special              000000018001a1a4 f   libucrt:pow_special.obj
 0001:00019330       _wcsicmp                   000000018001a330 f   libucrt:wcsicmp.obj
 0001:000193b8       _wcsicmp_l                 000000018001a3b8 f   libucrt:wcsicmp.obj
 0001:000194a8       __acrt_initialize_timeset  000000018001a4a8 f   libucrt:timeset.obj
 0001:000194d8       _isleadbyte_l              000000018001a4d8 f i libucrt:_wctype.obj
 0001:000199f4       ?expand_if_necessary@?$argument_list@D@?A0xca0879c4@@AEAAHXZ 000000018001a9f4 f i libucrt:argv_wildcards.obj
 0001:00019abc       __acrt_expand_narrow_argv_wildcards 000000018001aabc f   libucrt:argv_wildcards.obj
 0001:00019ac4       ??$?RV<lambda_99476a1ad63dd22509b5d3e65b0ffc95>@@AEAV<lambda_ad1ced32f4ac17aa236e5ef05d6b3b7c>@@V<lambda_f7424dd8d45958661754dc4f2697e9c3>@@@?$__crt_seh_guarded_call@X@@QEAAX$$QEAV<lambda_99476a1ad63dd22509b5d3e65b0ffc95>@@AEAV<lambda_ad1ced32f4ac17aa236e5ef05d6b3b7c>@@$$QEAV<lambda_f7424dd8d45958661754dc4f2697e9c3>@@@Z 000000018001aac4 f i libucrt:mbctype.obj
 0001:0001a1c0       __acrt_initialize_multibyte 000000018001b1c0 f   libucrt:mbctype.obj
 0001:0001a1e8       __acrt_update_thread_multibyte_data 000000018001b1e8 f   libucrt:mbctype.obj
 0001:0001a2a8       _setmbcp_nolock            000000018001b2a8 f   libucrt:mbctype.obj
 0001:0001a550       __acrt_initialize_command_line 000000018001b550 f   libucrt:argv_data.obj
 0001:0001a578       ?do_always_noconv@?$codecvt@DDU_Mbstatet@@@std@@MEBA_NXZ 000000018001b578 f   libcpmt:cerr.obj
 0001:0001a578       __acrt_uninitialize_command_line 000000018001b578 f   libucrt:argv_data.obj
 0001:0001a57c       __dcrt_get_narrow_environment_from_os 000000018001b57c f   libucrt:get_environment_from_os.obj
 0001:0001a680       _recalloc                  000000018001b680 f   libucrt:recalloc.obj
 0001:0001a688       _recalloc_base             000000018001b688 f   libucrt:recalloc.obj
 0001:0001a720       __acrt_execute_initializers 000000018001b720 f   libucrt:shared_initialization.obj
 0001:0001a7b4       __acrt_execute_uninitializers 000000018001b7b4 f   libucrt:shared_initialization.obj
 0001:0001a804       __acrt_has_user_matherr    000000018001b804 f   libucrt:matherr.obj
 0001:0001a824       __acrt_initialize_user_matherr 000000018001b824 f   libucrt:matherr.obj
 0001:0001a82c       __acrt_invoke_user_matherr 000000018001b82c f   libucrt:matherr.obj
 0001:0001a874       _exp_special               000000018001b874 f   libucrt:exp_special.obj
 0001:0001aa30       _handle_error              000000018001ba30 f   libucrt:libm_error.obj
 0001:0001ab58       _handle_errorf             000000018001bb58 f   libucrt:libm_error.obj
 0001:0001ac8c       _handle_nan                000000018001bc8c f   libucrt:libm_error.obj
 0001:0001aca8       _handle_nanf               000000018001bca8 f   libucrt:libm_error.obj
 0001:0001acb8       __acrt_add_locale_ref      000000018001bcb8 f   libucrt:locale_refcounting.obj
 0001:0001ad44       __acrt_free_locale         000000018001bd44 f   libucrt:locale_refcounting.obj
 0001:0001aebc       __acrt_locale_add_lc_time_reference 000000018001bebc f   libucrt:locale_refcounting.obj
 0001:0001aee4       __acrt_locale_free_lc_time_if_unreferenced 000000018001bee4 f   libucrt:locale_refcounting.obj
 0001:0001af1c       __acrt_locale_release_lc_time_reference 000000018001bf1c f   libucrt:locale_refcounting.obj
 0001:0001af44       __acrt_release_locale_ref  000000018001bf44 f   libucrt:locale_refcounting.obj
 0001:0001afec       __acrt_update_thread_locale_data 000000018001bfec f   libucrt:locale_refcounting.obj
 0001:0001b05c       _updatetlocinfoEx_nolock   000000018001c05c f   libucrt:locale_refcounting.obj
 0001:0001b0c4       __acrt_locale_free_monetary 000000018001c0c4 f   libucrt:initmon.obj
 0001:0001b1d0       __acrt_locale_initialize_monetary 000000018001c1d0 f   libucrt:initmon.obj
 0001:0001b708       __acrt_locale_free_numeric 000000018001c708 f   libucrt:initnum.obj
 0001:0001b774       __acrt_locale_initialize_numeric 000000018001c774 f   libucrt:initnum.obj
 0001:0001bdf8       __acrt_locale_free_time    000000018001cdf8 f   libucrt:inittime.obj
 0001:0001bf00       __acrt_locale_initialize_time 000000018001cf00 f   libucrt:inittime.obj
 0001:0001bf94       wcscat_s                   000000018001cf94 f   libucrt:wcscat_s.obj
 0001:0001c014       wcscspn                    000000018001d014 f   libucrt:wcscspn.obj
 0001:0001c054       wcsncmp                    000000018001d054 f   libucrt:wcsncmp.obj
 0001:0001c080       wcspbrk                    000000018001d080 f   libucrt:wcspbrk.obj
 0001:0001c924       __acrt_get_qualified_locale 000000018001d924 f   libucrt:get_qualified_locale.obj
 0001:0001d310       __acrt_get_qualified_locale_downlevel 000000018001e310 f   libucrt:getqloc_downlevel.obj
 0001:0001d668       __acrt_DownlevelLCIDToLocaleName 000000018001e668 f   libucrt:lcidtoname_downlevel.obj
 0001:0001d74c       __acrt_DownlevelLocaleNameToLCID 000000018001e74c f   libucrt:lcidtoname_downlevel.obj
 0001:0001d780       __acrt_lowio_create_handle_array 000000018001e780 f   libucrt:osfinfo.obj
 0001:0001d818       __acrt_lowio_destroy_handle_array 000000018001e818 f   libucrt:osfinfo.obj
 0001:0001d868       __acrt_lowio_ensure_fh_exists 000000018001e868 f   libucrt:osfinfo.obj
 0001:0001d920       __acrt_lowio_lock_fh       000000018001e920 f   libucrt:osfinfo.obj
 0001:0001d944       __acrt_lowio_unlock_fh     000000018001e944 f   libucrt:osfinfo.obj
 0001:0001d968       _free_osfhnd               000000018001e968 f   libucrt:osfinfo.obj
 0001:0001da24       _get_osfhandle             000000018001ea24 f   libucrt:osfinfo.obj
 0001:0001da9c       _isatty                    000000018001ea9c f   libucrt:isatty.obj
 0001:0001dafc       _putwch_nolock             000000018001eafc f   libucrt:putwch.obj
 0001:0001e088       _read                      000000018001f088 f   libucrt:read.obj
 0001:0001e1a0       _read_nolock               000000018001f1a0 f   libucrt:read.obj
 0001:0001e608       strncpy_s                  000000018001f608 f   libucrt:strncpy_s.obj
 0001:0001e6f0       _get_fpsr                  000000018001f6f0 f   libucrt:fpsr.obj
 0001:0001e700       _set_fpsr                  000000018001f700 f   libucrt:fpsr.obj
 0001:0001e70a       _fclrf                     000000018001f70a f   libucrt:fpsr.obj
 0001:0001e71e       _frnd                      000000018001f71e f   libucrt:fpsr.obj
 0001:0001e740       _towlower_l                000000018001f740 f   libucrt:towlower.obj
 0001:0001e8e0       qsort                      000000018001f8e0 f   libucrt:qsort.obj
 0001:0001ec14       strpbrk                    000000018001fc14 f   libucrt:strpbrk.obj
 0001:0001ecb4       _mbsdec                    000000018001fcb4 f   libucrt:mbsdec.obj
 0001:0001ecbc       _mbsdec_l                  000000018001fcbc f   libucrt:mbsdec.obj
 0001:0001ed6c       _msize                     000000018001fd6c f   libucrt:msize.obj
 0001:0001eed0       _itow_s                    000000018001fed0 f   libucrt:xtoa.obj
 0001:0001eef0       _wcsnicmp                  000000018001fef0 f   libucrt:wcsnicmp.obj
 0001:0001ef8c       _wcsnicmp_l                000000018001ff8c f   libucrt:wcsnicmp.obj
 0001:0001f0a4       wcscmp                     00000001800200a4 f   libucrt:wcscmp.obj
 0001:0001f0dc       _query_app_type            00000001800200dc f   libucrt:report_runtime_error.obj
 0001:0001f0e4       __dcrt_lowio_initialize_console_output 00000001800200e4 f   libucrt:initcon.obj
 0001:0001f120       __dcrt_terminate_console_output 0000000180020120 f   libucrt:initcon.obj
 0001:0001f140       log10                      0000000180020140 f   libucrt:log10.obj
 0001:0001f6ec       __acrt_LCMapStringW        00000001800206ec f   libucrt:lcmapstringw.obj
 0001:0001f780       _log10_special             0000000180020780 f   libucrt:log_special.obj
 0001:0001f836       IsProcessorFeaturePresent  0000000180020836 f   kernel32:KERNEL32.dll
 0001:0001f83c       RtlUnwindEx                000000018002083c f   kernel32:KERNEL32.dll
 0001:0001f844       ?DloadAcquireSectionWriteAccess@@YAXXZ 0000000180020844 f i DelayImp:delayhlp.obj
 0001:0001f900       ?DloadGetSRWLockFunctionPointers@@YAEXZ 0000000180020900 f i DelayImp:delayhlp.obj
 0001:0001f99c       ?DloadMakePermanentImageCommit@@YAXPEAX_K@Z 000000018002099c f i DelayImp:delayhlp.obj
 0001:0001fa34       ?DloadObtainSection@@YAPEAXPEAK0@Z 0000000180020a34 f i DelayImp:delayhlp.obj
 0001:0001facc       ?DloadProtectSection@@YAXKPEAK@Z 0000000180020acc f i DelayImp:delayhlp.obj
 0001:0001fb5c       ?DloadReleaseSectionWriteAccess@@YAXXZ 0000000180020b5c f i DelayImp:delayhlp.obj
 0001:0001fc00       __delayLoadHelper2         0000000180020c00 f   DelayImp:delayhlp.obj
 0001:0001fefc       ??$?0AEAPEAUEHExceptionRecord@@_N@?$_Ref_count_obj_alloc@V__ExceptionPtr@@U?$_StaticAllocator@H@@@std@@QEAA@AEBU?$_StaticAllocator@H@@AEAPEAUEHExceptionRecord@@$$QEA_N@Z 0000000180020efc f i libcpmt:excptptr.obj
 0001:0001ff7c       ??$allocate_shared@V__ExceptionPtr@@U?$_StaticAllocator@H@@AEAPEAUEHExceptionRecord@@_N@std@@YA?AV?$shared_ptr@V__ExceptionPtr@@@0@AEBU?$_StaticAllocator@H@@AEAPEAUEHExceptionRecord@@$$QEA_N@Z 0000000180020f7c f i libcpmt:excptptr.obj
 0001:00020008       ??$make_shared@V__ExceptionPtr@@AEAPEAUEHExceptionRecord@@_N@std@@YA?AV?$shared_ptr@V__ExceptionPtr@@@0@AEAPEAUEHExceptionRecord@@$$QEA_N@Z 0000000180021008 f i libcpmt:excptptr.obj
 0001:000200a4       ??0__ExceptionPtr@@QEAA@PEBUEHExceptionRecord@@_N@Z 00000001800210a4 f   libcpmt:excptptr.obj
 0001:00020228       ??1_Ref_count_base@std@@UEAA@XZ 0000000180021228 f i libcpmt:excptptr.obj
 0001:00020234       ??1__ExceptionPtr@@QEAA@XZ 0000000180021234 f   libcpmt:excptptr.obj
 0001:00020310       ??_E?$_Ref_count_obj@V__ExceptionPtr@@@std@@UEAAPEAXI@Z 0000000180021310 f i libcpmt:excptptr.obj
 0001:00020310       ??_G?$_Ref_count_obj_alloc@V__ExceptionPtr@@U?$_StaticAllocator@H@@@std@@UEAAPEAXI@Z 0000000180021310 f i libcpmt:excptptr.obj
 0001:00020310       ??_G?$_Ref_count_obj@V__ExceptionPtr@@@std@@UEAAPEAXI@Z 0000000180021310 f i libcpmt:excptptr.obj
 0001:00020310       ??_E?$_Ref_count_obj_alloc@V__ExceptionPtr@@U?$_StaticAllocator@H@@@std@@UEAAPEAXI@Z 0000000180021310 f i libcpmt:excptptr.obj
 0001:0002033c       ??_E_Ref_count_base@std@@UEAAPEAXI@Z 000000018002133c f i libcpmt:excptptr.obj
 0001:0002033c       ??_G_Ref_count_base@std@@UEAAPEAXI@Z 000000018002133c f i libcpmt:excptptr.obj
 0001:00020368       ?_CallCopyCtor@__ExceptionPtr@@AEBAXPEAX0_KQEBU_s_CatchableType@@@Z 0000000180021368 f   libcpmt:excptptr.obj
 0001:00020454       ?_CopyException@__ExceptionPtr@@SA?AV?$shared_ptr@V__ExceptionPtr@@@std@@PEBXPEBU_s_ThrowInfo@@_N@Z 0000000180021454 f   libcpmt:excptptr.obj
[...]
 0004:00001ef0       $pdata$?filt$0@?0??dllmain_dispatch@@YAHQEAUHINSTANCE__@@KQEAX@Z@4HA 000000018003def0     LIBCMT:dll_dllmain.obj
 0004:00001efc       $pdata$__CxxCallCatchBlock$filt$0 000000018003defc     libvcruntime:frame.obj
 0004:00001f08       $pdata$__CxxCallCatchBlock$fin$1 000000018003df08     libvcruntime:frame.obj
 0004:00001f14       $pdata$__DestructExceptionObject$filt$0 000000018003df14     libvcruntime:frame.obj
 0004:00001f20       $pdata$__FrameUnwindToState$filt$0 000000018003df20     libvcruntime:frame.obj
 0004:00001f2c       $pdata$__FrameUnwindToState$fin$1 000000018003df2c     libvcruntime:frame.obj
 0004:00001f38       $pdata$_CallSETranslator$filt$0 000000018003df38     libvcruntime:trnsctrl.obj
 0004:00001f44       $pdata$setlocale$fin$0     000000018003df44     libucrt:setlocale.obj
 0004:00001f50       $pdata$fflush$fin$0        000000018003df50     libucrt:fflush.obj
 0004:00001f50       $pdata$fclose$fin$0        000000018003df50     libucrt:fclose.obj
 0004:00001f5c       $pdata$common_flush_all$fin$0 000000018003df5c     libucrt:fflush.obj
 0004:00001f68       $pdata$common_flush_all$fin$1 000000018003df68     libucrt:fflush.obj
 0004:00001f74       $pdata$fgetc$fin$0         000000018003df74     libucrt:fgetc.obj
 0004:00001f80       $pdata$fputc$fin$0         000000018003df80     libucrt:fputc.obj
 0004:00001f8c       $pdata$?fin$0@?0???$?RV<lambda_5d4c3fee44080f75d5d9762853974fe0>@@AEAV<lambda_532e024f4337e6fc7ad266c2bef9f4ed>@@V<lambda_c87bdc10097eb2402edb8ba9bdf0697b>@@@?$__crt_seh_guarded_call@_K@@QEAA_K$$QEAV<lambda_5d4c3fee44080f75d5d9762853974fe0>@@AEAV<lambda_532e024f4337e6fc7ad266c2bef9f4ed>@@$$QEAV<lambda_c87bdc10097eb2402edb8ba9bdf0697b>@@@Z@4HA 000000018003df8c     libucrt:fwrite.obj
 0004:00001f8c       $pdata$?fin$0@?0???$?RV<lambda_7a5ef57ff966f610505f1d28a3d40618>@@AEAV<lambda_b721fa326cdb32351d23dfa67958c160>@@V<lambda_5e0fb27672408a07956fe59e48ccb2aa>@@@?$__crt_seh_guarded_call@H@@QEAAH$$QEAV<lambda_7a5ef57ff966f610505f1d28a3d40618>@@AEAV<lambda_b721fa326cdb32351d23dfa67958c160>@@$$QEAV<lambda_5e0fb27672408a07956fe59e48ccb2aa>@@@Z@4HA 000000018003df8c     libucrt:setvbuf.obj
 0004:00001f98       $pdata$ungetc$fin$0        000000018003df98     libucrt:ungetc.obj
 0004:00001fa4       $pdata$_query_new_handler$fin$0 000000018003dfa4     libucrt:new_handler.obj
 0004:00001fb0       $pdata$?filt$0@?0??common_exit@@YAXHW4_crt_exit_cleanup_mode@@W4_crt_exit_return_mode@@@Z@4HA 000000018003dfb0     libucrt:exit.obj
 0004:00001fbc       $pdata$?fin$1@?0??common_exit@@YAXHW4_crt_exit_cleanup_mode@@W4_crt_exit_return_mode@@@Z@4HA 000000018003dfbc     libucrt:exit.obj
 0004:00001fc8       $pdata$?fin$0@?0???$?RV<lambda_e24bbb7b643b32fcea6fa61b31d4c984>@@AEAV<lambda_275893d493268fdec8709772e3fcec0e>@@V<lambda_9d71df4d7cf3f480f8d633942495c3b0>@@@?$__crt_seh_guarded_call@H@@QEAAH$$QEAV<lambda_e24bbb7b643b32fcea6fa61b31d4c984>@@AEAV<lambda_275893d493268fdec8709772e3fcec0e>@@$$QEAV<lambda_9d71df4d7cf3f480f8d633942495c3b0>@@@Z@4HA 000000018003dfc8     libucrt:onexit.obj
 0004:00001fd4       $pdata$raise$fin$0         000000018003dfd4     libucrt:signal.obj
 0004:00001fe0       $pdata$?fin$0@?0???$?RV<lambda_5df02c53a8f32f81fd64e5bbb78039f1>@@AEAV<lambda_2af78c5f5901b1372d98f9ab3177dfa6>@@AEAV<lambda_f51fe5fd7c79a33db34fc9310f277369>@@@?$__crt_seh_guarded_call@X@@QEAAX$$QEAV<lambda_5df02c53a8f32f81fd64e5bbb78039f1>@@AEAV<lambda_2af78c5f5901b1372d98f9ab3177dfa6>@@AEAV<lambda_f51fe5fd7c79a33db34fc9310f277369>@@@Z@4HA 000000018003dfe0     libucrt:wsetlocale.obj
 0004:00001fec       $pdata$__acrt_update_thread_locale_data$fin$0 000000018003dfec     libucrt:locale_refcounting.obj
 0004:00001fec       $pdata$__acrt_uninitialize_locale$fin$0 000000018003dfec     libucrt:wsetlocale.obj
 0004:00001ff8       $pdata$_fcloseall$fin$0    000000018003dff8     libucrt:closeall.obj
 0004:00002004       $pdata$__acrt_lowio_ensure_fh_exists$fin$0 000000018003e004     libucrt:osfinfo.obj
 0004:00002004       $pdata$__acrt_initialize_lowio$fin$0 000000018003e004     libucrt:ioinit.obj
 0004:00002010       $pdata$?fin$0@?0???$?RV<lambda_b521505b218e5242e90febf6bfebc422>@@AEAV<lambda_6978c1fb23f02e42e1d9e99668cc68aa>@@V<lambda_314360699dd331753a4119843814e9a7>@@@?$__crt_seh_guarded_call@H@@QEAAH$$QEAV<lambda_b521505b218e5242e90febf6bfebc422>@@AEAV<lambda_6978c1fb23f02e42e1d9e99668cc68aa>@@$$QEAV<lambda_314360699dd331753a4119843814e9a7>@@@Z@4HA 000000018003e010     libucrt:commit.obj
 0004:00002010       $pdata$?fin$0@?0???$?RV<lambda_bfedae4ebbf01fab1bb6dcc6a9e276e0>@@AEAV<lambda_2fe9b910cf3cbf4a0ab98a02ba45b3ec>@@V<lambda_237c231691f317818eb88cc1d5d642d6>@@@?$__crt_seh_guarded_call@H@@QEAAH$$QEAV<lambda_bfedae4ebbf01fab1bb6dcc6a9e276e0>@@AEAV<lambda_2fe9b910cf3cbf4a0ab98a02ba45b3ec>@@$$QEAV<lambda_237c231691f317818eb88cc1d5d642d6>@@@Z@4HA 000000018003e010     libucrt:close.obj
 0004:0000201c       $pdata$_read$fin$0         000000018003e01c     libucrt:read.obj
 0004:0000201c       $pdata$?fin$0@?0???$common_lseek@_J@@YA_JH_JH@Z@4HA 000000018003e01c     libucrt:lseek.obj
 0004:0000201c       $pdata$_write$fin$0        000000018003e01c     libucrt:write.obj
 0004:00002028       $pdata$?fin$0@?0??common_fseek@@YAHV__crt_stdio_stream@@_JH@Z@4HA 000000018003e028     libucrt:fseek.obj
 0004:00002028       $pdata$?fin$0@?0???$common_ftell@_J@@YA_JV__crt_stdio_stream@@@Z@4HA 000000018003e028     libucrt:ftell.obj
 0004:00002034       $pdata$_ctrlfp$filt$0      000000018003e034     libucrt:fpctrl.obj
 0004:00002040       $pdata$?fin$0@?0???$?RV<lambda_72d1df2b273a38828b1ce30cbf4cdab5>@@AEAV<lambda_876a65b173b8412d3a47c70a915b0cf4>@@V<lambda_41932305e351933ebe8f8be3ed8bb5dc>@@@?$__crt_seh_guarded_call@X@@QEAAX$$QEAV<lambda_72d1df2b273a38828b1ce30cbf4cdab5>@@AEAV<lambda_876a65b173b8412d3a47c70a915b0cf4>@@$$QEAV<lambda_41932305e351933ebe8f8be3ed8bb5dc>@@@Z@4HA 000000018003e040     libucrt:per_thread_data.obj
 0004:00002040       $pdata$?fin$0@?0???$?RV<lambda_d67e8342c384adda8f857579ab50b2ae>@@AEAV<lambda_30712929f77e709619002f448b6a9510>@@V<lambda_4525336fd7e478d965fb7ca7a337cad8>@@@?$__crt_seh_guarded_call@X@@QEAAX$$QEAV<lambda_d67e8342c384adda8f857579ab50b2ae>@@AEAV<lambda_30712929f77e709619002f448b6a9510>@@$$QEAV<lambda_4525336fd7e478d965fb7ca7a337cad8>@@@Z@4HA 000000018003e040     libucrt:wsetlocale.obj
 0004:00002040       $pdata$?fin$0@?0???$?RV<lambda_46352004c1216016012b18bd6f87e700>@@AEAV<lambda_3bd07e1a1191394380780325891bf33f>@@V<lambda_334532d3f185bcaa59b5be82d7d22bff>@@@?$__crt_seh_guarded_call@X@@QEAAX$$QEAV<lambda_46352004c1216016012b18bd6f87e700>@@AEAV<lambda_3bd07e1a1191394380780325891bf33f>@@$$QEAV<lambda_334532d3f185bcaa59b5be82d7d22bff>@@@Z@4HA 000000018003e040     libucrt:per_thread_data.obj
 0004:00002040       $pdata$?fin$0@?0???$?RV<lambda_b8c45f8f788dd370798f47cfe8ac3a86>@@AEAV<lambda_4e60a939b0d047cfe11ddc22648dfba9>@@V<lambda_332c3edc96d0294ec56c57d38c1cdfd5>@@@?$__crt_seh_guarded_call@H@@QEAAH$$QEAV<lambda_b8c45f8f788dd370798f47cfe8ac3a86>@@AEAV<lambda_4e60a939b0d047cfe11ddc22648dfba9>@@$$QEAV<lambda_332c3edc96d0294ec56c57d38c1cdfd5>@@@Z@4HA 000000018003e040     libucrt:onexit.obj
 0004:00002040       $pdata$?fin$0@?0???$?RV<lambda_fb3a7dec4e47f37f22dae91bb15c9095>@@AEAV<lambda_698284760c8add0bfb0756c19673e34b>@@V<lambda_dfb8eca1e75fef3034a8fb18dd509707>@@@?$__crt_seh_guarded_call@X@@QEAAX$$QEAV<lambda_fb3a7dec4e47f37f22dae91bb15c9095>@@AEAV<lambda_698284760c8add0bfb0756c19673e34b>@@$$QEAV<lambda_dfb8eca1e75fef3034a8fb18dd509707>@@@Z@4HA 000000018003e040     libucrt:per_thread_data.obj
 0004:00002040       $pdata$?fin$0@?0???$?RV<lambda_630b2aca97f6d20d5b5ea6529ea6b6af>@@AEAV<lambda_af91936f1d075d609f72d9d8cba980af>@@V<lambda_e82fa975f615b5c7c7b0e4d178fdae67>@@@?$__crt_seh_guarded_call@H@@QEAAH$$QEAV<lambda_630b2aca97f6d20d5b5ea6529ea6b6af>@@AEAV<lambda_af91936f1d075d609f72d9d8cba980af>@@$$QEAV<lambda_e82fa975f615b5c7c7b0e4d178fdae67>@@@Z@4HA 000000018003e040     libucrt:winapi_thunks.obj
 0004:00002040       $pdata$?fin$0@?0???$?RV<lambda_5e887d1dcbef67a5eb4283622ba103bf>@@AEAV<lambda_4466841279450cc726390878d4a41900>@@V<lambda_341c25c0346d94847f1f3c463c57e077>@@@?$__crt_seh_guarded_call@X@@QEAAX$$QEAV<lambda_5e887d1dcbef67a5eb4283622ba103bf>@@AEAV<lambda_4466841279450cc726390878d4a41900>@@$$QEAV<lambda_341c25c0346d94847f1f3c463c57e077>@@@Z@4HA 000000018003e040     libucrt:per_thread_data.obj
 0004:00002040       $pdata$?fin$0@?0???$?RV<lambda_c36588078e9f5dfd39652860aa6b3aaf>@@AEAV<lambda_ec61778202f4f5fc7e7711acc23c3bca>@@V<lambda_dc9d2797ccde5d239b4a0efae8ebd7db>@@@?$__crt_seh_guarded_call@P6AXH@Z@@QEAAP6AXH@Z$$QEAV<lambda_c36588078e9f5dfd39652860aa6b3aaf>@@AEAV<lambda_ec61778202f4f5fc7e7711acc23c3bca>@@$$QEAV<lambda_dc9d2797ccde5d239b4a0efae8ebd7db>@@@Z@4HA 000000018003e040     libucrt:signal.obj
 0004:00002040       $pdata$?fin$0@?0???$?RV<lambda_99476a1ad63dd22509b5d3e65b0ffc95>@@AEAV<lambda_ad1ced32f4ac17aa236e5ef05d6b3b7c>@@V<lambda_f7424dd8d45958661754dc4f2697e9c3>@@@?$__crt_seh_guarded_call@X@@QEAAX$$QEAV<lambda_99476a1ad63dd22509b5d3e65b0ffc95>@@AEAV<lambda_ad1ced32f4ac17aa236e5ef05d6b3b7c>@@$$QEAV<lambda_f7424dd8d45958661754dc4f2697e9c3>@@@Z@4HA 000000018003e040     libucrt:mbctype.obj
 0004:0000204c       $pdata$__acrt_update_thread_multibyte_data$fin$0 000000018003e04c     libucrt:mbctype.obj
 0004:00002058       $pdata$?dtor$1@?0???$?0AEAPEAUEHExceptionRecord@@_N@?$_Ref_count_obj_alloc@V__ExceptionPtr@@U?$_StaticAllocator@H@@@std@@QEAA@AEBU?$_StaticAllocator@H@@AEAPEAUEHExceptionRecord@@$$QEA_N@Z@4HA 000000018003e058     libcpmt:excptptr.obj
 0004:00002064       $pdata$?dtor$11@?0???$allocate_shared@V__ExceptionPtr@@U?$_StaticAllocator@H@@AEAPEAUEHExceptionRecord@@_N@std@@YA?AV?$shared_ptr@V__ExceptionPtr@@@0@AEBU?$_StaticAllocator@H@@AEAPEAUEHExceptionRecord@@$$QEA_N@Z@4HA 000000018003e064     libcpmt:excptptr.obj
 0004:00002070       $pdata$?catch$18@?0???$allocate_shared@V__ExceptionPtr@@U?$_StaticAllocator@H@@AEAPEAUEHExceptionRecord@@_N@std@@YA?AV?$shared_ptr@V__ExceptionPtr@@@0@AEBU?$_StaticAllocator@H@@AEAPEAUEHExceptionRecord@@$$QEA_N@Z@4HA 000000018003e070     libcpmt:excptptr.obj
 0004:0000207c       $pdata$?dtor$0@?0???$make_shared@V__ExceptionPtr@@AEAPEAUEHExceptionRecord@@_N@std@@YA?AV?$shared_ptr@V__ExceptionPtr@@@0@AEAPEAUEHExceptionRecord@@$$QEA_N@Z@4HA 000000018003e07c     libcpmt:excptptr.obj
 0004:00002088       $pdata$?dtor$5@?0???$make_shared@V__ExceptionPtr@@AEAPEAUEHExceptionRecord@@_N@std@@YA?AV?$shared_ptr@V__ExceptionPtr@@@0@AEAPEAUEHExceptionRecord@@$$QEA_N@Z@4HA 000000018003e088     libcpmt:excptptr.obj
 0004:00002094       $pdata$?catch$0@?0??_CallCopyCtor@__ExceptionPtr@@AEBAXPEAX0_KQEBU_s_CatchableType@@@Z@4HA 000000018003e094     libcpmt:excptptr.obj
 0004:000020a0       $pdata$?catch$3@?0??_CopyException@__ExceptionPtr@@SA?AV?$shared_ptr@V__ExceptionPtr@@@std@@PEBXPEBU_s_ThrowInfo@@_N@Z@4HA 000000018003e0a0     libcpmt:excptptr.obj
 0004:000020ac       $pdata$?catch$4@?0??_CopyException@__ExceptionPtr@@SA?AV?$shared_ptr@V__ExceptionPtr@@@std@@PEBXPEBU_s_ThrowInfo@@_N@Z@4HA 000000018003e0ac     libcpmt:excptptr.obj
 0004:000020b8       $pdata$_IsNonwritableInCurrentImage$filt$0 000000018003e0b8     LIBCMT:pesect.obj
 0004:000020c4       $pdata$??__F_Fac_tidy_reg@std@@YAXXZ 000000018003e0c4     libcpmt:locale0.obj
 0004:000020d0       $pdata$??__Fclassic_locale@std@@YAXXZ 000000018003e0d0     libcpmt:locale0.obj
 0004:000020dc       $pdata$??__Fcerr@std@@YAXXZ 000000018003e0dc     libcpmt:cerr.obj
 0004:000020e8       $pdata$??__Finit_atexit@@YAXXZ 000000018003e0e8     libcpmt:iosptrs.obj
 0004:000020f4       $pdata$??__F?m_badAllocExceptionPtr@__ExceptionPtr@@0V?$shared_ptr@V__ExceptionPtr@@@std@@A@@YAXXZ 000000018003e0f4     libcpmt:excptptr.obj
 0005:00000000       __guard_fids__             000000018003f000     libucrt:initialization.obj
 0005:00000060       __guard_fids___acrt_initialize_ptd 000000018003f060     libucrt:per_thread_data.obj
 0005:00000064       __guard_fids__             000000018003f064     libucrt:wsetlocale.obj
 0005:0000007c       __guard_fids_??$?RV<lambda_630b2aca97f6d20d5b5ea6529ea6b6af>@@AEAV<lambda_af91936f1d075d609f72d9d8cba980af>@@V<lambda_e82fa975f615b5c7c7b0e4d178fdae67>@@@?$__crt_seh_guarded_call@H@@QEAAH$$QEAV<lambda_630b2aca97f6d20d5b5ea6529ea6b6af>@@AEAV<lambda_af91936f1d075d609f72d9d8cba980af>@@$$QEAV<lambda_e82fa975f615b5c7c7b0e4d178fdae67>@@@Z 000000018003f07c     libucrt:winapi_thunks.obj
 0005:00000080       __guard_fids__             000000018003f080     libucrt:stdio_initializer.obj
 0005:00000084       __guard_fids__             000000018003f084     libucrt:stdio_initializer.obj
 0005:00000088       __guard_fids_??$expand_argument_wildcards@D@@YAHQEAD0AEAV?$argument_list@D@?A0xca0879c4@@@Z 000000018003f088     libucrt:argv_wildcards.obj
 0005:0000008c       __guard_fids__             000000018003f08c     libucrt:locale_initializer.obj
 0005:00000090       __guard_fids_GetLocaleNameFromLangCountry 000000018003f090     libucrt:get_qualified_locale.obj
 0005:00000094       __guard_fids_GetLocaleNameFromLanguage 000000018003f094     libucrt:get_qualified_locale.obj
 0005:00000098       __guard_fids___acrt_get_qualified_locale_downlevel 000000018003f098     libucrt:getqloc_downlevel.obj
 0005:0000009c       __guard_fids_GetLcidFromLangCountry 000000018003f09c     libucrt:getqloc_downlevel.obj
 0005:000000a0       __guard_fids_GetLcidFromLanguage 000000018003f0a0     libucrt:getqloc_downlevel.obj
 0005:000000a4       __guard_fids__             000000018003f0a4     libucrt:fma3_initializer.obj
 0005:000000a8       __guard_fids__             000000018003f0a8     libucrt:timeset_initializer.obj
 0005:000000ac       __guard_fids__             000000018003f0ac     libucrt:multibyte_initializer.obj
 0005:000000b0       __guard_fids__             000000018003f0b0     libucrt:console_output_initializer.obj
 0005:000000b4       __guard_fids__             000000018003f0b4     libcpmt:xthrow.obj
 0005:000000bc       __guard_fids__             000000018003f0bc     libcpmt:xthrow.obj
 0005:000000c4       __guard_fids__             000000018003f0c4     libcpmt:xthrow.obj
 0005:000000cc       __guard_fids__             000000018003f0cc     libcpmt:xthrow.obj
 0005:000000d4       __guard_fids__             000000018003f0d4     libcpmt:xthrow.obj
 0005:000000dc       __guard_fids__             000000018003f0dc     libcpmt:xthrow.obj
 0005:000000e4       __guard_fids_??__Einitlocks@std@@YAXXZ 000000018003f0e4     libcpmt:xlock.obj
 0005:000000e8       __guard_fids__             000000018003f0e8     libcpmt:xlock.obj
 0005:000000ec       __guard_fids_??__E_Fac_tidy_reg@std@@YAXXZ 000000018003f0ec     libcpmt:locale0.obj
 0005:000000f0       __guard_fids_?_Setgloballocale@locale@std@@CAXPEAX@Z 000000018003f0f0     libcpmt:locale0.obj
 0005:000000f4       __guard_fids_??__Eclassic_locale@std@@YAXXZ 000000018003f0f4     libcpmt:locale0.obj
 0005:000000f8       __guard_fids__             000000018003f0f8     libcpmt:locale0.obj
 0005:00000104       __guard_fids__             000000018003f104     libcpmt:locale0.obj
 0005:00000110       __guard_fids__             000000018003f110     libcpmt:locale0.obj
 0005:00000114       __guard_fids__             000000018003f114     libcpmt:locale0.obj
 0005:00000118       __guard_fids_??__Einitlocks@@YAXXZ 000000018003f118     libcpmt:cerr.obj
 0005:0000011c       __guard_fids_??__Eferr@std@@YAXXZ 000000018003f11c     libcpmt:cerr.obj
 0005:00000120       __guard_fids_??__Ecerr@std@@YAXXZ 000000018003f120     libcpmt:cerr.obj
 0005:00000124       __guard_fids__             000000018003f124     libcpmt:cerr.obj
 0005:0000012c       __guard_fids__             000000018003f12c     libcpmt:cerr.obj
 0005:00000158       __guard_fids__             000000018003f158     libcpmt:cerr.obj
 0005:00000170       __guard_fids__             000000018003f170     libcpmt:cerr.obj
 0005:00000178       __guard_fids__             000000018003f178     libcpmt:cerr.obj
 0005:00000190       __guard_fids__             000000018003f190     libcpmt:cerr.obj
 0005:00000198       __guard_fids__             000000018003f198     libcpmt:cerr.obj
 0005:0000019c       __guard_fids__             000000018003f19c     libcpmt:cerr.obj
 0005:000001d8       __guard_fids__             000000018003f1d8     libcpmt:cerr.obj
 0005:00000214       __guard_fids__             000000018003f214     libcpmt:cerr.obj
 0005:00000218       __guard_fids__             000000018003f218     libcpmt:cerr.obj
 0005:0000021c       __guard_fids__             000000018003f21c     libcpmt:cerr.obj
 0005:00000244       __guard_fids__             000000018003f244     libcpmt:cerr.obj
 0005:00000248       __guard_fids__             000000018003f248     libcpmt:cerr.obj
 0005:0000024c       __guard_fids__             000000018003f24c     libcpmt:cerr.obj
 0005:00000250       __guard_fids__             000000018003f250     libcpmt:cerr.obj
 0005:00000254       __guard_fids_??__Einitlocks@std@@YAXXZ 000000018003f254     libcpmt:iosptrs.obj
 0005:00000258       __guard_fids_??__Einit_atexit@@YAXXZ 000000018003f258     libcpmt:iosptrs.obj
 0005:0000025c       __guard_fids__             000000018003f25c     libcpmt:iosptrs.obj
 0005:00000260       __guard_fids__             000000018003f260     libcpmt:iosptrs.obj
 0005:00000264       __guard_fids__             000000018003f264     libcpmt:winapisupp.obj
 0005:00000268       __guard_fids__             000000018003f268     LIBCMT:thread_safe_statics.obj
 0005:0000026c       __guard_fids_?__scrt_initialize_thread_safe_statics@@YAHXZ 000000018003f26c     LIBCMT:thread_safe_statics.obj
 0005:00000270       __guard_fids_?dllmain_crt_process_attach@@YAHQEAUHINSTANCE__@@QEAX@Z 000000018003f270     LIBCMT:dll_dllmain.obj
 0005:00000278       __guard_fids_?dllmain_dispatch@@YAHQEAUHINSTANCE__@@KQEAX@Z 000000018003f278     LIBCMT:dll_dllmain.obj
 0005:0000027c       __guard_fids__             000000018003f27c     LIBCMT:std_type_info_static.obj
 0005:00000280       __guard_fids__             000000018003f280     LIBCMT:throw_bad_alloc.obj
 0005:00000288       __guard_fids__             000000018003f288     LIBCMT:guard_support.obj
 0005:0000028c       __guard_fids_??__Es_defaultWaiterPool@platform@details@Concurrency@@YAXXZ 000000018003f28c     libconcrt:Platform.obj
 0005:00000290       __guard_fids__             000000018003f290     libconcrt:Platform.obj
 0005:00000294       __guard_fids__             000000018003f294     libconcrt:utils.obj
 0005:00000298       __guard_fids__             000000018003f298     libconcrt:utils.obj
 0005:0000029c       __guard_fids__             000000018003f29c     libconcrt:staticinits.obj
 0005:000002a0       __guard_fids__             000000018003f2a0     libconcrt:staticinits.obj
 0005:000002a4       __guard_fids__             000000018003f2a4     libvcruntime:frame.obj
 0005:000002a8       __guard_fids__             000000018003f2a8     libvcruntime:frame.obj
 0005:000002b0       __guard_fids__UnwindNestedFrames 000000018003f2b0     libvcruntime:trnsctrl.obj
 0005:000002b4       __guard_fids___vcrt_initialize_ptd 000000018003f2b4     libvcruntime:per_thread_data.obj
 0005:000002b8       __guard_fids_??__E?m_badAllocExceptionPtr@__ExceptionPtr@@0V?$shared_ptr@V__ExceptionPtr@@@std@@A@@YAXXZ 000000018003f2b8     libcpmt:excptptr.obj
 0005:000002bc       __guard_fids__             000000018003f2bc     libcpmt:excptptr.obj
 0005:000002cc       __guard_fids__             000000018003f2cc     libcpmt:excptptr.obj
 0005:000002dc       __guard_fids__             000000018003f2dc     libcpmt:excptptr.obj
 0005:000002ec       __guard_fids__             000000018003f2ec     libcpmt:excptptr.obj
 0007:00000060       $R000000                   0000000180041060     * linker generated manifest res *

 Exports

  ordinal    name

        1    _register_rainfall_
